******************************************************************************
             TMS320C2000 Linker PC v22.6.1                     
******************************************************************************
>> Linked Thu Aug  7 19:25:52 2025

OUTPUT FILE NAME:   <DCD.out>
ENTRY POINT SYMBOL: "_c_int00"  address: 00083b8d


MEMORY CONFIGURATION

         name            origin    length      used     unused   attr    fill
----------------------  --------  ---------  --------  --------  ----  --------
PAGE 0:
  BOOT_RSVD             00000002   000001af  00000000  000001af  RWIX
  RAMM0                 000001b1   0000024f  00000000  0000024f  RWIX
  RAMM1                 00000400   000003f8  00000200  000001f8  RWIX
  RAMLS0                00008000   00000800  00000659  000001a7  RWIX
  RAMLS1                00008800   00000800  00000000  00000800  RWIX
  RAMLS2                00009000   00000800  00000000  00000800  RWIX
  RAMLS3                00009800   00000800  00000000  00000800  RWIX
  RAMLS4                0000a000   00000800  00000000  00000800  RWIX
  RAMLS5                0000a800   00000800  000002cb  00000535  RWIX
  RAMLS6                0000b000   00000800  00000000  00000800  RWIX
  RAMLS7                0000b800   00000800  00000000  00000800  RWIX
  RAMD0                 0000c000   00000800  00000000  00000800  RWIX
  RAMD1                 0000c800   00000800  00000000  00000800  RWIX
  RAMGS0                0000d000   00001000  00000000  00001000  RWIX
  RAMGS1                0000e000   00001000  00000000  00001000  RWIX
  RAMGS2                0000f000   00001000  00000000  00001000  RWIX
  RAMGS3                00010000   00001000  00000000  00001000  RWIX
  RAMGS4                00011000   00001000  00000000  00001000  RWIX
  RAMGS5                00012000   00001000  00000000  00001000  RWIX
  RAMGS6                00013000   00001000  00000000  00001000  RWIX
  RAMGS7                00014000   00001000  00000000  00001000  RWIX
  RAMGS8                00015000   00001000  00000000  00001000  RWIX
  RAMGS9                00016000   00001000  00000000  00001000  RWIX
  RAMGS10               00017000   00001000  00000000  00001000  RWIX
  RAMGS11               00018000   00001000  00000000  00001000  RWIX
  RAMGS12               00019000   00001000  00000000  00001000  RWIX
  RAMGS13               0001a000   00001000  00000000  00001000  RWIX
  RAMGS14               0001b000   00001000  00000000  00001000  RWIX
  RAMGS15               0001c000   00000ff8  00000000  00000ff8  RWIX
  CMTOCPURAM            00038000   00000800  00000088  00000778  RWIX
  CPUTOCMRAM            00039000   00000800  00000088  00000778  RWIX
  CPU1TOCPU2RAM         0003a000   00000800  00000088  00000778  RWIX
  CPU2TOCPU1RAM         0003b000   00000800  00000088  00000778  RWIX
  CANA_MSG_RAM          00049000   00000800  00000000  00000800  RWIX
  CANB_MSG_RAM          0004b000   00000800  00000000  00000800  RWIX
  BEGIN                 00080000   00000002  00000002  00000000  RWIX
  FLASH0                00080002   00001ffe  00000000  00001ffe  RWIX
  FLASH1                00082000   00002000  00002000  00000000  RWIX
  FLASH2                00084000   00002000  000004bf  00001b41  RWIX
  FLASH3                00086000   00002000  00000659  000019a7  RWIX
  FLASH4                00088000   00008000  00000028  00007fd8  RWIX
  FLASH5                00090000   00008000  00000248  00007db8  RWIX
  FLASH6                00098000   00008000  00000000  00008000  RWIX
  FLASH7                000a0000   00008000  00000000  00008000  RWIX
  FLASH8                000a8000   00008000  00000000  00008000  RWIX
  FLASH9                000b0000   00008000  00000000  00008000  RWIX
  FLASH10               000b8000   00002000  00000000  00002000  RWIX
  FLASH11               000ba000   00002000  00000000  00002000  RWIX
  FLASH12               000bc000   00002000  00000000  00002000  RWIX
  FLASH13               000be000   00001ff0  00000000  00001ff0  RWIX
  RESET                 003fffc0   00000002  00000000  00000002  RWIX

PAGE 1:
  ADCARESULT            00000b00   00000018  00000000  00000018  RWIX
  ADCBRESULT            00000b20   00000018  00000000  00000018  RWIX
  ADCCRESULT            00000b40   00000018  00000000  00000018  RWIX
  ADCDRESULT            00000b60   00000018  00000000  00000018  RWIX
  CPUTIMER0             00000c00   00000008  00000000  00000008  RWIX
  CPUTIMER1             00000c08   00000008  00000000  00000008  RWIX
  CPUTIMER2             00000c10   00000008  00000000  00000008  RWIX
  PIECTRL               00000ce0   0000001a  0000001a  00000000  RWIX
  PIEVECTTABLE          00000d00   00000200  000001c0  00000040  RWIX
  DMA                   00001000   00000200  00000000  00000200  RWIX
  CLA1                  00001400   00000080  00000000  00000080  RWIX
  CLB1LOGICCFG          00003000   00000052  00000000  00000052  RWIX
  CLB1LOGICCTRL         00003100   00000040  00000000  00000040  RWIX
  CLB1DATAEXCH          00003180   00000080  00000000  00000080  RWIX
  CLB2LOGICCFG          00003200   00000052  00000000  00000052  RWIX
  CLB2LOGICCTRL         00003300   00000040  00000000  00000040  RWIX
  CLB2DATAEXCH          00003380   00000080  00000000  00000080  RWIX
  CLB3LOGICCFG          00003400   00000052  00000000  00000052  RWIX
  CLB3LOGICCTRL         00003500   00000040  00000000  00000040  RWIX
  CLB3DATAEXCH          00003580   00000080  00000000  00000080  RWIX
  CLB4LOGICCFG          00003600   00000052  00000000  00000052  RWIX
  CLB4LOGICCTRL         00003700   00000040  00000000  00000040  RWIX
  CLB4DATAEXCH          00003780   00000080  00000000  00000080  RWIX
  CLB5LOGICCFG          00003800   00000052  00000000  00000052  RWIX
  CLB5LOGICCTRL         00003900   00000040  00000000  00000040  RWIX
  CLB5DATAEXCH          00003980   00000080  00000000  00000080  RWIX
  CLB6LOGICCFG          00003a00   00000052  00000000  00000052  RWIX
  CLB6LOGICCTRL         00003b00   00000040  00000000  00000040  RWIX
  CLB6DATAEXCH          00003b80   00000080  00000000  00000080  RWIX
  CLB7LOGICCFG          00003c00   00000052  00000000  00000052  RWIX
  CLB7LOGICCTRL         00003d00   00000040  00000000  00000040  RWIX
  CLB7DATAEXCH          00003d80   00000080  00000000  00000080  RWIX
  CLB8LOGICCFG          00003e00   00000052  00000000  00000052  RWIX
  CLB8LOGICCTRL         00003f00   00000040  00000000  00000040  RWIX
  CLB8DATAEXCH          00003f80   00000080  00000000  00000080  RWIX
  EPWM1                 00004000   00000100  00000000  00000100  RWIX
  EPWM2                 00004100   00000100  00000000  00000100  RWIX
  EPWM3                 00004200   00000100  00000000  00000100  RWIX
  EPWM4                 00004300   00000100  00000000  00000100  RWIX
  EPWM5                 00004400   00000100  00000000  00000100  RWIX
  EPWM6                 00004500   00000100  00000000  00000100  RWIX
  EPWM7                 00004600   00000100  00000000  00000100  RWIX
  EPWM8                 00004700   00000100  00000000  00000100  RWIX
  EPWM9                 00004800   00000100  00000000  00000100  RWIX
  EPWM10                00004900   00000100  00000000  00000100  RWIX
  EPWM11                00004a00   00000100  00000000  00000100  RWIX
  EPWM12                00004b00   00000100  00000000  00000100  RWIX
  EPWM13                00004c00   00000100  00000000  00000100  RWIX
  EPWM14                00004d00   00000100  00000000  00000100  RWIX
  EPWM15                00004e00   00000100  00000000  00000100  RWIX
  EPWM16                00004f00   00000100  00000000  00000100  RWIX
  EQEP1                 00005100   00000040  00000000  00000040  RWIX
  EQEP2                 00005140   00000040  00000000  00000040  RWIX
  EQEP3                 00005180   00000040  00000000  00000040  RWIX
  ECAP1                 00005200   00000020  00000000  00000020  RWIX
  ECAP2                 00005240   00000020  00000000  00000020  RWIX
  ECAP3                 00005280   00000020  00000000  00000020  RWIX
  ECAP4                 000052c0   00000020  00000000  00000020  RWIX
  ECAP5                 00005300   00000020  00000000  00000020  RWIX
  ECAP6                 00005340   00000020  00000000  00000020  RWIX
  HRCAP6                00005360   00000020  00000000  00000020  RWIX
  ECAP7                 00005380   00000020  00000000  00000020  RWIX
  HRCAP7                000053a0   00000020  00000000  00000020  RWIX
  DACA                  00005c00   00000008  00000000  00000008  RWIX
  DACB                  00005c10   00000008  00000000  00000008  RWIX
  DACC                  00005c20   00000008  00000000  00000008  RWIX
  CMPSS1                00005c80   00000020  00000000  00000020  RWIX
  CMPSS2                00005ca0   00000020  00000000  00000020  RWIX
  CMPSS3                00005cc0   00000020  00000000  00000020  RWIX
  CMPSS4                00005ce0   00000020  00000000  00000020  RWIX
  CMPSS5                00005d00   00000020  00000000  00000020  RWIX
  CMPSS6                00005d20   00000020  00000000  00000020  RWIX
  CMPSS7                00005d40   00000020  00000000  00000020  RWIX
  CMPSS8                00005d60   00000020  00000000  00000020  RWIX
  SDFM1                 00005e00   00000080  00000000  00000080  RWIX
  SDFM2                 00005e80   00000080  00000000  00000080  RWIX
  MCBSPA                00006000   00000024  00000000  00000024  RWIX
  MCBSPB                00006040   00000024  00000000  00000024  RWIX
  SPIA                  00006100   00000010  00000000  00000010  RWIX
  SPIB                  00006110   00000010  00000000  00000010  RWIX
  SPIC                  00006120   00000010  00000000  00000010  RWIX
  SPID                  00006130   00000010  00000000  00000010  RWIX
  BGCRCCPU              00006340   00000040  00000000  00000040  RWIX
  BGCRCCLA1             00006380   00000040  00000000  00000040  RWIX
  PMBUSA                00006400   00000020  00000000  00000020  RWIX
  FSITXA                00006600   00000050  00000000  00000050  RWIX
  FSIRXA                00006680   00000050  00000000  00000050  RWIX
  FSITXB                00006700   00000050  00000000  00000050  RWIX
  FSIRXB                00006780   00000050  00000000  00000050  RWIX
  FSIRXC                00006880   00000050  00000000  00000050  RWIX
  FSIRXD                00006980   00000050  00000000  00000050  RWIX
  FSIRXE                00006a80   00000050  00000000  00000050  RWIX
  FSIRXF                00006b80   00000050  00000000  00000050  RWIX
  FSIRXG                00006c80   00000050  00000000  00000050  RWIX
  FSIRXH                00006d80   00000050  00000000  00000050  RWIX
  WD                    00007000   0000002c  00000000  0000002c  RWIX
  NMIINTRUPT            00007060   00000010  00000000  00000010  RWIX
  XINT                  00007070   0000000c  00000000  0000000c  RWIX
  SCIA                  00007200   00000010  00000010  00000000  RWIX
  SCIB                  00007210   00000010  00000000  00000010  RWIX
  SCIC                  00007220   00000010  00000000  00000010  RWIX
  SCID                  00007230   00000010  00000000  00000010  RWIX
  I2CA                  00007300   00000022  00000000  00000022  RWIX
  I2CB                  00007340   00000022  00000000  00000022  RWIX
  ADCA                  00007400   00000080  00000000  00000080  RWIX
  ADCB                  00007480   00000080  00000000  00000080  RWIX
  ADCC                  00007500   00000080  00000000  00000080  RWIX
  ADCD                  00007580   00000080  00000000  00000080  RWIX
  INPUTXBAR             00007900   00000020  00000000  00000020  RWIX
  XBAR                  00007920   00000020  00000000  00000020  RWIX
  SYNCSOC               00007940   00000006  00000000  00000006  RWIX
  CLBINPUTXBAR          00007960   00000020  00000000  00000020  RWIX
  DMACLASRCSEL          00007980   0000001a  00000000  0000001a  RWIX
  EPWMXBAR              00007a00   00000040  00000000  00000040  RWIX
  CLBXBAR               00007a40   00000040  00000000  00000040  RWIX
  OUTPUTXBAR            00007a80   00000040  00000000  00000040  RWIX
  CLBOUTPUTXBAR         00007bc0   00000040  00000000  00000040  RWIX
  GPIOCTRL              00007c00   00000200  00000180  00000080  RWIX
  GPIODATA              00007f00   00000040  00000030  00000010  RWIX
  GPIODATAREAD          00007f80   00000010  00000000  00000010  RWIX
  EMIF1                 00047000   00000070  00000000  00000070  RWIX
  EMIF2                 00047800   00000070  00000000  00000070  RWIX
  CANA                  00048000   00000200  00000000  00000200  RWIX
  CANB                  0004a000   00000200  00000000  00000200  RWIX
  ESCSS                 00057e00   00000024  00000000  00000024  RWIX
  ESCSSCONFIG           00057f00   00000016  00000000  00000016  RWIX
  MCANASS               0005c400   0000002c  00000000  0000002c  RWIX
  MCANA                 0005c600   00000100  00000000  00000100  RWIX
  MCANAERR              0005c800   00000210  00000000  00000210  RWIX
  CPU1TOCPU2IPC         0005ce00   00000026  00000000  00000026  RWIX
  CPU1TOCMIPC           0005ce40   00000026  00000000  00000026  RWIX
  DEVCFG                0005d000   000001a0  000001a0  00000000  RWIX
  CLKCFG                0005d200   00000100  00000000  00000100  RWIX
  CPUSYS                0005d300   000000a0  0000009c  00000004  RWIX
  SYSSTATUS             0005d400   00000100  00000000  00000100  RWIX
  SYSPERIPHAC           0005d500   00000200  00000000  00000200  RWIX
  ANALOGSUBSYS          0005d700   00000100  00000000  00000100  RWIX
  CMCONF                0005dc00   00000400  00000000  00000400  RWIX
  DCC0                  0005e700   00000038  00000000  00000038  RWIX
  DCC1                  0005e740   00000038  00000000  00000038  RWIX
  DCC2                  0005e780   00000038  00000000  00000038  RWIX
  ERADGLOBAL            0005e800   00000014  00000000  00000014  RWIX
  ERADHWBP1             0005e900   00000008  00000000  00000008  RWIX
  ERADHWBP2             0005e908   00000008  00000000  00000008  RWIX
  ERADHWBP3             0005e910   00000008  00000000  00000008  RWIX
  ERADHWBP4             0005e918   00000008  00000000  00000008  RWIX
  ERADHWBP5             0005e920   00000008  00000000  00000008  RWIX
  ERADHWBP6             0005e928   00000008  00000000  00000008  RWIX
  ERADHWBP7             0005e930   00000008  00000000  00000008  RWIX
  ERADHWBP8             0005e938   00000008  00000000  00000008  RWIX
  ERADCOUNTER1          0005e980   00000010  00000000  00000010  RWIX
  ERADCOUNTER2          0005e990   00000010  00000000  00000010  RWIX
  ERADCOUNTER3          0005e9a0   00000010  00000000  00000010  RWIX
  ERADCOUNTER4          0005e9b0   00000010  00000000  00000010  RWIX
  ERADCRCGLOBAL         0005ea00   00000010  00000000  00000010  RWIX
  ERADCRC1              0005ea10   00000010  00000000  00000010  RWIX
  ERADCRC2              0005ea20   00000010  00000000  00000010  RWIX
  ERADCRC3              0005ea30   00000010  00000000  00000010  RWIX
  ERADCRC4              0005ea40   00000010  00000000  00000010  RWIX
  ERADCRC5              0005ea50   00000010  00000000  00000010  RWIX
  ERADCRC6              0005ea60   00000010  00000000  00000010  RWIX
  ERADCRC7              0005ea70   00000010  00000000  00000010  RWIX
  ERADCRC8              0005ea80   00000010  00000000  00000010  RWIX
  DCSMZ1                0005f000   0000003e  00000000  0000003e  RWIX
  DCSMZ2                0005f080   0000003e  00000000  0000003e  RWIX
  DCSMCOMMON            0005f0c0   00000020  00000000  00000020  RWIX
  MEMCFG                0005f400   000000c0  00000000  000000c0  RWIX
  EMIF1CONFIG           0005f4c0   00000020  00000000  00000020  RWIX
  EMIF2CONFIG           0005f4e0   00000020  00000000  00000020  RWIX
  ACCESSPROTECTION      0005f500   00000040  00000000  00000040  RWIX
  MEMORYERROR           0005f540   00000040  00000000  00000040  RWIX
  ROMWAITSTATE          0005f580   00000008  00000000  00000008  RWIX
  ROMPREFETCH           0005f588   00000008  00000000  00000008  RWIX
  TESTERROR             0005f590   00000010  00000000  00000010  RWIX
  FLASH0CTRL            0005f800   00000182  00000000  00000182  RWIX
  FLASH0ECC             0005fb00   00000028  00000000  00000028  RWIX
  UID                   00070200   00000010  00000000  00000010  RWIX
  DCSMZ1OTP             00078000   00000020  00000000  00000020  RWIX
  DCSMZ2OTP             00078200   00000020  00000000  00000020  RWIX


SECTION ALLOCATION MAP

 output                                  attributes/
section   page    origin      length       input sections
--------  ----  ----------  ----------   ----------------
codestart 
*          0    00080000    00000002     
                  00080000    00000002     f2838x_codestartbranch.obj (codestart)

.switch    0    00082000    000000c8     
                  00082000    00000064     CSU_LED.obj (.switch:runLedToggle)
                  00082064    00000064     CSU_LED.obj (.switch:setLedEnable)

.cinit     0    00088000    00000028     
                  00088000    0000000e     (.cinit..data.load) [load image, compression = lzss]
                  0008800e    00000006     (__TI_handler_table)
                  00088014    00000004     (.cinit..bss.load) [load image, compression = zero_init]
                  00088018    00000004     (.cinit.PieVectTableFile.load) [load image, compression = zero_init]
                  0008801c    0000000c     (__TI_cinit_table)

.reset     0    003fffc0    00000000     DSECT

.stack     0    00000400    00000200     UNINITIALIZED
                  00000400    00000200     --HOLE--

.init_array 
*          0    00082000    00000000     UNINITIALIZED

.bss       0    0000a82c    0000029f     UNINITIALIZED
                  0000a82c    0000000f     CSU_Switch.obj (.bss)
                  0000a83b    00000005     --HOLE--
                  0000a840    00000202     DevSci.obj (.bss)
                  0000aa42    00000016     CSU_DCE.obj (.bss)
                  0000aa58    00000006     DevTimer.obj (.bss)
                  0000aa5e    00000022     --HOLE--
                  0000aa80    0000004b     CSU_LED.obj (.bss)

.data      0    0000a800    0000002c     UNINITIALIZED
                  0000a800    00000022     easy28x_bitfield_v11.obj (.data)
                  0000a822    00000006     rts2800_fpu64_eabi.lib : exit.c.obj (.data)
                  0000a828    00000002                            : _lock.c.obj (.data:_lock)
                  0000a82a    00000002                            : _lock.c.obj (.data:_unlock)

MSGRAM_CM_TO_CPU 
*          0    00038000    00000088     UNINITIALIZED
                  00038000    00000088     ipc.obj (MSGRAM_CM_TO_CPU)

MSGRAM_CPU_TO_CM 
*          0    00039000    00000088     UNINITIALIZED
                  00039000    00000088     ipc.obj (MSGRAM_CPU_TO_CM)

.const     0    00090000    00000248     
                  00090000    000001c0     f2838x_pievect.obj (.const)
                  000901c0    00000088     ipc.obj (.const:IPC_Instance)

MSGRAM_CPU1_TO_CPU2 
*          0    0003a000    00000088     UNINITIALIZED
                  0003a000    00000088     ipc.obj (MSGRAM_CPU1_TO_CPU2)

MSGRAM_CPU2_TO_CPU1 
*          0    0003b000    00000088     UNINITIALIZED
                  0003b000    00000088     ipc.obj (MSGRAM_CPU2_TO_CPU1)

.TI.ramfunc 
*          0    00086000    00000659     RUN ADDR = 00008000
                  00086000    00000616     easy28x_bitfield_v11.obj (.TI.ramfunc:easy_RXINT_ISR)
                  00086616    0000003f     flash.obj (.TI.ramfunc:Flash_initModule)
                  00086655    00000004     sysctl.obj (.TI.ramfunc)

PieVectTableFile 
*          1    00000d00    000001c0     UNINITIALIZED
                  00000d00    000001c0     f2838x_globalvariabledefs.obj (PieVectTableFile)

EmuKeyVar 
*          1    00000d00    00000000     UNINITIALIZED

EmuBModeVar 
*          1    00000d00    00000000     UNINITIALIZED

EmuBootPinsVar 
*          1    00000d00    00000000     UNINITIALIZED

FlashCallbackVar 
*          1    00000d00    00000000     UNINITIALIZED

FlashScalingVar 
*          1    00000d00    00000000     UNINITIALIZED

CpuSysRegsFile 
*          1    0005d300    0000009c     UNINITIALIZED
                  0005d300    0000009c     f2838x_globalvariabledefs.obj (CpuSysRegsFile)

DevCfgRegsFile 
*          1    0005d000    000001a0     UNINITIALIZED
                  0005d000    000001a0     f2838x_globalvariabledefs.obj (DevCfgRegsFile)

GpioCtrlRegsFile 
*          1    00007c00    00000180     UNINITIALIZED
                  00007c00    00000180     f2838x_globalvariabledefs.obj (GpioCtrlRegsFile)

GpioDataRegsFile 
*          1    00007f00    00000030     UNINITIALIZED
                  00007f00    00000030     f2838x_globalvariabledefs.obj (GpioDataRegsFile)

PieCtrlRegsFile 
*          1    00000ce0    0000001a     UNINITIALIZED
                  00000ce0    0000001a     f2838x_globalvariabledefs.obj (PieCtrlRegsFile)

SciaRegsFile 
*          1    00007200    00000010     UNINITIALIZED
                  00007200    00000010     f2838x_globalvariabledefs.obj (SciaRegsFile)

dcsm_z1otp_link_pointer 
*          0    00000002    00000000     

dcsm_z1otp_jlm_enable 
*          0    00000002    00000000     

dcsm_z1otp_gpreg 
*          0    00000002    00000000     

dcsm_z1otp_pswd_lock 
*          0    00000002    00000000     

dcsm_z1otp_crc_lock 
*          0    00000002    00000000     

dcsm_z1otp_jtag_pswdh 
*          0    00000002    00000000     

dcsm_z1otp_cmac_key 
*          0    00000002    00000000     

dcsm_zsel_z1 
*          0    00000002    00000000     

dcsm_z2otp_link_pointer 
*          0    00000002    00000000     

dcsm_rsvd_z2 
*          0    00000002    00000000     

dcsm_z2otp_gpreg 
*          0    00000002    00000000     

dcsm_z2otp_pswd_lock 
*          0    00000002    00000000     

dcsm_z2otp_crc_lock 
*          0    00000002    00000000     

dcsm_rsvd1_z2 
*          0    00000002    00000000     

dcsm_zsel_z2 
*          0    00000002    00000000     

.text.1    0    000820c8    00001f38     
                  000820c8    000001e1     CSU_LED.obj (.text:initGpioDoutLed)
                  000822a9    000001b8     CSU_LED.obj (.text:setLedEnable)
                  00082461    00000199     sysctl.obj (.text:SysCtl_isPLLValid)
                  000825fa    00000186     CSU_DCE.obj (.text:sendDceMessage1)
                  00082780    00000167     device.obj (.text:Device_enableAllPeripherals)
                  000828e7    00000124     sysctl.obj (.text:SysCtl_setClock)
                  00082a0b    00000116     CSU_LED.obj (.text:runLedToggle)
                  00082b21    000000ec     sysctl.obj (.text:SysCtl_setAuxClock)
                  00082c0d    000000bb     dcc.obj (.text:DCC_verifyClockFrequency)
                  00082cc8    000000ad     DevSci.obj (.text:isrScib_DCE)
                  00082d75    000000ad     CSU_Switch.obj (.text:probeSwitchStatus)
                  00082e22    000000ac     DevSci.obj (.text:initScib_DCE)
                  00082ece    000000ab     DevSci.obj (.text:initScic_INCL)
                  00082f79    000000a6     DevSci.obj (.text:isrScic_INCL)
                  0008301f    00000084     f2838x_gpio.obj (.text:GPIO_SetupPinOptions)
                  000830a3    0000007d     easy28x_bitfield_v11.obj (.text:easyDSP_SCI_Init)
                  00083120    0000007a     CSU_Switch.obj (.text:initGpioDinSwitch)
                  0008319a    00000074     interrupt.obj (.text:Interrupt_clearIFR)
                  0008320e    00000072     DevSpi.obj (.text:InitSpib)
                  00083280    00000071     CSU_DCE.obj (.text:recvDceMessage)
                  000832f1    00000067     DevTimer.obj (.text:Initial_TIMER)
                  00083358    00000066     sysctl.obj (.text:SysCtl_pollX1Counter)
                  000833be    00000061     CSU_Switch.obj (.text:ChatterSwitch)
                  0008341f    00000059     CSU_LED.obj (.text:Initial_LED)
                  00083478    00000054     f2838x_gpio.obj (.text:GPIO_SetupPinMux)
                  000834cc    00000050     sysctl.obj (.text:SysCtl_selectOscSourceAuxPLL)
                  0008351c    0000004e     device.obj (.text:Device_init)
                  0008356a    0000004b     DevTimer.obj (.text:initCPUTimers)
                  000835b5    0000004a     interrupt.obj (.text:Interrupt_disable)
                  000835ff    00000042     sysctl.obj (.text:SysCtl_selectXTAL)
                  00083641    00000042     DevTimer.obj (.text:isr_CpuTimer0)
                  00083683    00000041     interrupt.obj (.text:Interrupt_initModule)
                  000836c4    0000003f     gpio.obj (.text:GPIO_setPadConfig)
                  00083703    00000036     interrupt.obj (.text:Interrupt_enable)
                  00083739    00000035     DevDspInit.obj (.text:Init_GpioDout)
                  0008376e    00000030     gpio.obj (.text:GPIO_setPinConfig)
                  0008379e    00000030     rts2800_fpu64_eabi.lib : copy_decompress_lzss.c.obj (.text:decompress:lzss)
                  000837ce    0000002c     DevSci.obj (.text:dequeueSci)
                  000837fa    0000002b     sci.obj (.text:SCI_setConfig)
                  00083825    0000002b     rts2800_fpu64_eabi.lib : autoinit.c.obj (.text:__TI_auto_init_nobinit_nopinit)
                  00083850    00000029     DevTimer.obj (.text:configCPUTimer)
                  00083879    00000029     DevSci.obj (.text:enqueueSci)
                  000838a2    00000029     rts2800_fpu64_eabi.lib : exit.c.obj (.text)
                  000838cb    00000028     DevSci.obj (.text:sendScib_DCE)
                  000838f3    00000028     DevSci.obj (.text:sendScic_INCL)
                  0008391b    00000026     spi.obj (.text:SPI_setConfig)
                  00083941    00000026     sysctl.obj (.text:SysCtl_selectOscSource)
                  00083967    00000026     main.obj (.text:main)
                  0008398d    00000022     gpio.obj (.text:GPIO_setControllerCore)
                  000839af    00000022     gpio.obj (.text:GPIO_setQualificationMode)
                  000839d1    00000022     sci.obj (.text:SCI_writeCharArray)
                  000839f3    00000022     sysctl.obj (.text:SysCtl_selectXTALSingleEnded)
                  00083a15    00000020     gpio.obj (.text:GPIO_setDirectionMode)
                  00083a35    00000020     sci.obj (.text:SCI_readCharArray)
                  00083a55    00000020     CSU_LED.obj (.text:updateLedState)
                  00083a75    0000001e     device.obj (.text:Device_initGPIO)
                  00083a93    0000001e     rts2800_fpu64_eabi.lib : ll_cmp28.asm.obj (.text)
                  00083ab1    00000001     CSU_Display.obj (.text:InitSpib_Display)
                  00083ab2    0000001d     interrupt.obj (.text:Interrupt_initVectorTable)
                  00083acf    0000001d     rts2800_fpu64_eabi.lib : memcpy.c.obj (.text)
                  00083aec    0000001c     device.obj (.text:Device_verifyXTAL)
                  00083b08    0000001c     ipc.obj (.text:IPC_unregisterInterrupt)
                  00083b24    0000001c     sci.obj (.text:SCI_clearInterruptStatus)
                  00083b40    0000001a     sci.obj (.text:SCI_disableInterrupt)
                  00083b5a    0000001a     sci.obj (.text:SCI_enableInterrupt)
                  00083b74    00000019     device.obj (.text:SysCtl_enablePeripheral)
                  00083b8d    00000019     rts2800_fpu64_eabi.lib : boot28.asm.obj (.text)
                  00083ba6    00000017     DevSci.obj (.text:Initial_SCI)
                  00083bbd    00000016     DevTimer.obj (.text:isr_CpuTimer1)
                  00083bd3    00000015     DevTimer.obj (.text:isr_CpuTimer2)
                  00083be8    00000013     device.obj (.text:Device_enableUnbondedGPIOPullupsFor176Pin)
                  00083bfb    0000000f     DevSci.obj (.text:xmtScib_DCE)
                  00083c0a    0000000e     DevDspInit.obj (.text:DSP_Initialization)
                  00083c18    0000000e     CSU_LED.obj (.text:setLedToggle)
                  00083c26    0000000d     f2838x_defaultisr.obj (.text:EMPTY_ISR)
                  00083c33    0000000c     interrupt.obj (.text:Interrupt_defaultHandler)
                  00083c3f    0000000c     rts2800_fpu64_eabi.lib : args_main.c.obj (.text)
                  00083c4b    0000000b     device.obj (.text:Device_enableUnbondedGPIOPullups)
                  00083c56    0000000b     DevDspInit.obj (.text:InitialPeripherals)
                  00083c61    0000000a     f2838x_defaultisr.obj (.text:ADCA1_ISR)
                  00083c6b    0000000a     f2838x_defaultisr.obj (.text:ADCA2_ISR)
                  00083c75    0000000a     f2838x_defaultisr.obj (.text:ADCA3_ISR)
                  00083c7f    0000000a     f2838x_defaultisr.obj (.text:ADCA4_ISR)
                  00083c89    0000000a     f2838x_defaultisr.obj (.text:ADCA_EVT_ISR)
                  00083c93    0000000a     f2838x_defaultisr.obj (.text:ADCB1_ISR)
                  00083c9d    0000000a     f2838x_defaultisr.obj (.text:ADCB2_ISR)
                  00083ca7    0000000a     f2838x_defaultisr.obj (.text:ADCB3_ISR)
                  00083cb1    0000000a     f2838x_defaultisr.obj (.text:ADCB4_ISR)
                  00083cbb    0000000a     f2838x_defaultisr.obj (.text:ADCB_EVT_ISR)
                  00083cc5    0000000a     f2838x_defaultisr.obj (.text:ADCC1_ISR)
                  00083ccf    0000000a     f2838x_defaultisr.obj (.text:ADCC2_ISR)
                  00083cd9    0000000a     f2838x_defaultisr.obj (.text:ADCC3_ISR)
                  00083ce3    0000000a     f2838x_defaultisr.obj (.text:ADCC4_ISR)
                  00083ced    0000000a     f2838x_defaultisr.obj (.text:ADCC_EVT_ISR)
                  00083cf7    0000000a     f2838x_defaultisr.obj (.text:ADCD1_ISR)
                  00083d01    0000000a     f2838x_defaultisr.obj (.text:ADCD2_ISR)
                  00083d0b    0000000a     f2838x_defaultisr.obj (.text:ADCD3_ISR)
                  00083d15    0000000a     f2838x_defaultisr.obj (.text:ADCD4_ISR)
                  00083d1f    0000000a     f2838x_defaultisr.obj (.text:ADCD_EVT_ISR)
                  00083d29    0000000a     f2838x_defaultisr.obj (.text:CANA0_ISR)
                  00083d33    0000000a     f2838x_defaultisr.obj (.text:CANA1_ISR)
                  00083d3d    0000000a     f2838x_defaultisr.obj (.text:CANB0_ISR)
                  00083d47    0000000a     f2838x_defaultisr.obj (.text:CANB1_ISR)
                  00083d51    0000000a     f2838x_defaultisr.obj (.text:CIPC0_ISR)
                  00083d5b    0000000a     f2838x_defaultisr.obj (.text:CIPC1_ISR)
                  00083d65    0000000a     f2838x_defaultisr.obj (.text:CIPC2_ISR)
                  00083d6f    0000000a     f2838x_defaultisr.obj (.text:CIPC3_ISR)
                  00083d79    0000000a     f2838x_defaultisr.obj (.text:CLA1CRC_ISR)
                  00083d83    0000000a     f2838x_defaultisr.obj (.text:CLA1_1_ISR)
                  00083d8d    0000000a     f2838x_defaultisr.obj (.text:CLA1_2_ISR)
                  00083d97    0000000a     f2838x_defaultisr.obj (.text:CLA1_3_ISR)
                  00083da1    0000000a     f2838x_defaultisr.obj (.text:CLA1_4_ISR)
                  00083dab    0000000a     f2838x_defaultisr.obj (.text:CLA1_5_ISR)
                  00083db5    0000000a     f2838x_defaultisr.obj (.text:CLA1_6_ISR)
                  00083dbf    0000000a     f2838x_defaultisr.obj (.text:CLA1_7_ISR)
                  00083dc9    0000000a     f2838x_defaultisr.obj (.text:CLA1_8_ISR)
                  00083dd3    0000000a     f2838x_defaultisr.obj (.text:CLA_OVERFLOW_ISR)
                  00083ddd    0000000a     f2838x_defaultisr.obj (.text:CLA_UNDERFLOW_ISR)
                  00083de7    0000000a     f2838x_defaultisr.obj (.text:CLB1_ISR)
                  00083df1    0000000a     f2838x_defaultisr.obj (.text:CLB2_ISR)
                  00083dfb    0000000a     f2838x_defaultisr.obj (.text:CLB3_ISR)
                  00083e05    0000000a     f2838x_defaultisr.obj (.text:CLB4_ISR)
                  00083e0f    0000000a     f2838x_defaultisr.obj (.text:CLB5_ISR)
                  00083e19    0000000a     f2838x_defaultisr.obj (.text:CLB6_ISR)
                  00083e23    0000000a     f2838x_defaultisr.obj (.text:CLB7_ISR)
                  00083e2d    0000000a     f2838x_defaultisr.obj (.text:CLB8_ISR)
                  00083e37    0000000a     f2838x_defaultisr.obj (.text:CMTOCPUXIPC0_ISR)
                  00083e41    0000000a     f2838x_defaultisr.obj (.text:CMTOCPUXIPC1_ISR)
                  00083e4b    0000000a     f2838x_defaultisr.obj (.text:CMTOCPUXIPC2_ISR)
                  00083e55    0000000a     f2838x_defaultisr.obj (.text:CMTOCPUXIPC3_ISR)
                  00083e5f    0000000a     f2838x_defaultisr.obj (.text:CMTOCPUXIPC4_ISR)
                  00083e69    0000000a     f2838x_defaultisr.obj (.text:CMTOCPUXIPC5_ISR)
                  00083e73    0000000a     f2838x_defaultisr.obj (.text:CMTOCPUXIPC6_ISR)
                  00083e7d    0000000a     f2838x_defaultisr.obj (.text:CMTOCPUXIPC7_ISR)
                  00083e87    0000000a     f2838x_defaultisr.obj (.text:CM_STATUS_ISR)
                  00083e91    0000000a     f2838x_defaultisr.obj (.text:CPUCRC_ISR)
                  00083e9b    0000000a     f2838x_defaultisr.obj (.text:DATALOG_ISR)
                  00083ea5    0000000a     f2838x_defaultisr.obj (.text:DMA_CH1_ISR)
                  00083eaf    0000000a     f2838x_defaultisr.obj (.text:DMA_CH2_ISR)
                  00083eb9    0000000a     f2838x_defaultisr.obj (.text:DMA_CH3_ISR)
                  00083ec3    0000000a     f2838x_defaultisr.obj (.text:DMA_CH4_ISR)
                  00083ecd    0000000a     f2838x_defaultisr.obj (.text:DMA_CH5_ISR)
                  00083ed7    0000000a     f2838x_defaultisr.obj (.text:DMA_CH6_ISR)
                  00083ee1    0000000a     f2838x_defaultisr.obj (.text:ECAP1_ISR)
                  00083eeb    0000000a     f2838x_defaultisr.obj (.text:ECAP2_ISR)
                  00083ef5    0000000a     f2838x_defaultisr.obj (.text:ECAP3_ISR)
                  00083eff    0000000a     f2838x_defaultisr.obj (.text:ECAP4_ISR)
                  00083f09    0000000a     f2838x_defaultisr.obj (.text:ECAP5_ISR)
                  00083f13    0000000a     f2838x_defaultisr.obj (.text:ECAP6_2_ISR)
                  00083f1d    0000000a     f2838x_defaultisr.obj (.text:ECAP6_ISR)
                  00083f27    0000000a     f2838x_defaultisr.obj (.text:ECAP7_2_ISR)
                  00083f31    0000000a     f2838x_defaultisr.obj (.text:ECAP7_ISR)
                  00083f3b    0000000a     f2838x_defaultisr.obj (.text:ECATRST_ISR)
                  00083f45    0000000a     f2838x_defaultisr.obj (.text:ECATSYNC0_ISR)
                  00083f4f    0000000a     f2838x_defaultisr.obj (.text:ECATSYNC1_ISR)
                  00083f59    0000000a     f2838x_defaultisr.obj (.text:ECAT_ISR)
                  00083f63    0000000a     f2838x_defaultisr.obj (.text:EMU_ISR)
                  00083f6d    0000000a     f2838x_defaultisr.obj (.text:EPWM10_ISR)
                  00083f77    0000000a     f2838x_defaultisr.obj (.text:EPWM10_TZ_ISR)
                  00083f81    0000000a     f2838x_defaultisr.obj (.text:EPWM11_ISR)
                  00083f8b    0000000a     f2838x_defaultisr.obj (.text:EPWM11_TZ_ISR)
                  00083f95    0000000a     f2838x_defaultisr.obj (.text:EPWM12_ISR)
                  00083f9f    0000000a     f2838x_defaultisr.obj (.text:EPWM12_TZ_ISR)
                  00083fa9    0000000a     f2838x_defaultisr.obj (.text:EPWM13_ISR)
                  00083fb3    0000000a     f2838x_defaultisr.obj (.text:EPWM13_TZ_ISR)
                  00083fbd    0000000a     f2838x_defaultisr.obj (.text:EPWM14_ISR)
                  00083fc7    0000000a     f2838x_defaultisr.obj (.text:EPWM14_TZ_ISR)
                  00083fd1    0000000a     f2838x_defaultisr.obj (.text:EPWM15_ISR)
                  00083fdb    0000000a     f2838x_defaultisr.obj (.text:EPWM15_TZ_ISR)
                  00083fe5    0000000a     f2838x_defaultisr.obj (.text:EPWM16_ISR)
                  00083fef    0000000a     f2838x_defaultisr.obj (.text:EPWM16_TZ_ISR)
                  00083ff9    00000007     rts2800_fpu64_eabi.lib : memset.c.obj (.text)

.text.2    0    00084000    000004bf     
                  00084000    0000000a     f2838x_defaultisr.obj (.text:EPWM1_ISR)
                  0008400a    0000000a     f2838x_defaultisr.obj (.text:EPWM1_TZ_ISR)
                  00084014    0000000a     f2838x_defaultisr.obj (.text:EPWM2_ISR)
                  0008401e    0000000a     f2838x_defaultisr.obj (.text:EPWM2_TZ_ISR)
                  00084028    0000000a     f2838x_defaultisr.obj (.text:EPWM3_ISR)
                  00084032    0000000a     f2838x_defaultisr.obj (.text:EPWM3_TZ_ISR)
                  0008403c    0000000a     f2838x_defaultisr.obj (.text:EPWM4_ISR)
                  00084046    0000000a     f2838x_defaultisr.obj (.text:EPWM4_TZ_ISR)
                  00084050    0000000a     f2838x_defaultisr.obj (.text:EPWM5_ISR)
                  0008405a    0000000a     f2838x_defaultisr.obj (.text:EPWM5_TZ_ISR)
                  00084064    0000000a     f2838x_defaultisr.obj (.text:EPWM6_ISR)
                  0008406e    0000000a     f2838x_defaultisr.obj (.text:EPWM6_TZ_ISR)
                  00084078    0000000a     f2838x_defaultisr.obj (.text:EPWM7_ISR)
                  00084082    0000000a     f2838x_defaultisr.obj (.text:EPWM7_TZ_ISR)
                  0008408c    0000000a     f2838x_defaultisr.obj (.text:EPWM8_ISR)
                  00084096    0000000a     f2838x_defaultisr.obj (.text:EPWM8_TZ_ISR)
                  000840a0    0000000a     f2838x_defaultisr.obj (.text:EPWM9_ISR)
                  000840aa    0000000a     f2838x_defaultisr.obj (.text:EPWM9_TZ_ISR)
                  000840b4    0000000a     f2838x_defaultisr.obj (.text:EQEP1_ISR)
                  000840be    0000000a     f2838x_defaultisr.obj (.text:EQEP2_ISR)
                  000840c8    0000000a     f2838x_defaultisr.obj (.text:EQEP3_ISR)
                  000840d2    0000000a     f2838x_defaultisr.obj (.text:FMC_ISR)
                  000840dc    0000000a     f2838x_defaultisr.obj (.text:FPU_OFLOW_ISR)
                  000840e6    0000000a     f2838x_defaultisr.obj (.text:FPU_UFLOW_ISR)
                  000840f0    0000000a     f2838x_defaultisr.obj (.text:FSIRXA1_ISR)
                  000840fa    0000000a     f2838x_defaultisr.obj (.text:FSIRXA2_ISR)
                  00084104    0000000a     f2838x_defaultisr.obj (.text:FSIRXB1_ISR)
                  0008410e    0000000a     f2838x_defaultisr.obj (.text:FSIRXB2_ISR)
                  00084118    0000000a     f2838x_defaultisr.obj (.text:FSIRXC1_ISR)
                  00084122    0000000a     f2838x_defaultisr.obj (.text:FSIRXC2_ISR)
                  0008412c    0000000a     f2838x_defaultisr.obj (.text:FSIRXD1_ISR)
                  00084136    0000000a     f2838x_defaultisr.obj (.text:FSIRXD2_ISR)
                  00084140    0000000a     f2838x_defaultisr.obj (.text:FSIRXE1_ISR)
                  0008414a    0000000a     f2838x_defaultisr.obj (.text:FSIRXE2_ISR)
                  00084154    0000000a     f2838x_defaultisr.obj (.text:FSIRXF1_ISR)
                  0008415e    0000000a     f2838x_defaultisr.obj (.text:FSIRXF2_ISR)
                  00084168    0000000a     f2838x_defaultisr.obj (.text:FSIRXG1_ISR)
                  00084172    0000000a     f2838x_defaultisr.obj (.text:FSIRXG2_ISR)
                  0008417c    0000000a     f2838x_defaultisr.obj (.text:FSIRXH1_ISR)
                  00084186    0000000a     f2838x_defaultisr.obj (.text:FSIRXH2_ISR)
                  00084190    0000000a     f2838x_defaultisr.obj (.text:FSITXA1_ISR)
                  0008419a    0000000a     f2838x_defaultisr.obj (.text:FSITXA2_ISR)
                  000841a4    0000000a     f2838x_defaultisr.obj (.text:FSITXB1_ISR)
                  000841ae    0000000a     f2838x_defaultisr.obj (.text:FSITXB2_ISR)
                  000841b8    0000000a     f2838x_defaultisr.obj (.text:I2CA_FIFO_ISR)
                  000841c2    0000000a     f2838x_defaultisr.obj (.text:I2CA_HIGH_ISR)
                  000841cc    0000000a     f2838x_defaultisr.obj (.text:I2CA_ISR)
                  000841d6    0000000a     f2838x_defaultisr.obj (.text:I2CB_FIFO_ISR)
                  000841e0    0000000a     f2838x_defaultisr.obj (.text:I2CB_ISR)
                  000841ea    0000000a     f2838x_defaultisr.obj (.text:ILLEGAL_ISR)
                  000841f4    0000000a     interrupt.obj (.text:Interrupt_illegalOperationHandler)
                  000841fe    0000000a     interrupt.obj (.text:Interrupt_nmiHandler)
                  00084208    0000000a     f2838x_defaultisr.obj (.text:MCANA_0_ISR)
                  00084212    0000000a     f2838x_defaultisr.obj (.text:MCANA_1_ISR)
                  0008421c    0000000a     f2838x_defaultisr.obj (.text:MCANA_ECC_ISR)
                  00084226    0000000a     f2838x_defaultisr.obj (.text:MCANA_WAKE_ISR)
                  00084230    0000000a     f2838x_defaultisr.obj (.text:MCBSPA_RX_ISR)
                  0008423a    0000000a     f2838x_defaultisr.obj (.text:MCBSPA_TX_ISR)
                  00084244    0000000a     f2838x_defaultisr.obj (.text:MCBSPB_RX_ISR)
                  0008424e    0000000a     f2838x_defaultisr.obj (.text:MCBSPB_TX_ISR)
                  00084258    0000000a     f2838x_defaultisr.obj (.text:MPOST_ISR)
                  00084262    0000000a     f2838x_defaultisr.obj (.text:NMI_ISR)
                  0008426c    0000000a     f2838x_defaultisr.obj (.text:NOTUSED_ISR)
                  00084276    0000000a     f2838x_defaultisr.obj (.text:PIE_RESERVED_ISR)
                  00084280    0000000a     f2838x_defaultisr.obj (.text:PMBUSA_ISR)
                  0008428a    0000000a     f2838x_defaultisr.obj (.text:RTOS_ISR)
                  00084294    0000000a     f2838x_defaultisr.obj (.text:SCIA_RX_ISR)
                  0008429e    0000000a     f2838x_defaultisr.obj (.text:SCIA_TX_ISR)
                  000842a8    0000000a     f2838x_defaultisr.obj (.text:SCIB_RX_ISR)
                  000842b2    0000000a     f2838x_defaultisr.obj (.text:SCIB_TX_ISR)
                  000842bc    0000000a     f2838x_defaultisr.obj (.text:SCIC_RX_ISR)
                  000842c6    0000000a     f2838x_defaultisr.obj (.text:SCIC_TX_ISR)
                  000842d0    0000000a     f2838x_defaultisr.obj (.text:SCID_RX_ISR)
                  000842da    0000000a     f2838x_defaultisr.obj (.text:SCID_TX_ISR)
                  000842e4    0000000a     f2838x_defaultisr.obj (.text:SDFM1DR1_ISR)
                  000842ee    0000000a     f2838x_defaultisr.obj (.text:SDFM1DR2_ISR)
                  000842f8    0000000a     f2838x_defaultisr.obj (.text:SDFM1DR3_ISR)
                  00084302    0000000a     f2838x_defaultisr.obj (.text:SDFM1DR4_ISR)
                  0008430c    0000000a     f2838x_defaultisr.obj (.text:SDFM1_ISR)
                  00084316    0000000a     f2838x_defaultisr.obj (.text:SDFM2DR1_ISR)
                  00084320    0000000a     f2838x_defaultisr.obj (.text:SDFM2DR2_ISR)
                  0008432a    0000000a     f2838x_defaultisr.obj (.text:SDFM2DR3_ISR)
                  00084334    0000000a     f2838x_defaultisr.obj (.text:SDFM2DR4_ISR)
                  0008433e    0000000a     f2838x_defaultisr.obj (.text:SDFM2_ISR)
                  00084348    0000000a     f2838x_defaultisr.obj (.text:SPIA_RX_ISR)
                  00084352    0000000a     f2838x_defaultisr.obj (.text:SPIA_TX_ISR)
                  0008435c    0000000a     f2838x_defaultisr.obj (.text:SPIB_RX_ISR)
                  00084366    0000000a     f2838x_defaultisr.obj (.text:SPIB_TX_ISR)
                  00084370    0000000a     f2838x_defaultisr.obj (.text:SPIC_RX_ISR)
                  0008437a    0000000a     f2838x_defaultisr.obj (.text:SPIC_TX_ISR)
                  00084384    0000000a     f2838x_defaultisr.obj (.text:SPID_RX_ISR)
                  0008438e    0000000a     f2838x_defaultisr.obj (.text:SPID_TX_ISR)
                  00084398    0000000a     f2838x_defaultisr.obj (.text:SYS_ERR_ISR)
                  000843a2    0000000a     f2838x_defaultisr.obj (.text:TIMER0_ISR)
                  000843ac    0000000a     f2838x_defaultisr.obj (.text:TIMER1_ISR)
                  000843b6    0000000a     f2838x_defaultisr.obj (.text:TIMER2_ISR)
                  000843c0    0000000a     f2838x_defaultisr.obj (.text:USBA_ISR)
                  000843ca    0000000a     f2838x_defaultisr.obj (.text:USER10_ISR)
                  000843d4    0000000a     f2838x_defaultisr.obj (.text:USER11_ISR)
                  000843de    0000000a     f2838x_defaultisr.obj (.text:USER12_ISR)
                  000843e8    0000000a     f2838x_defaultisr.obj (.text:USER1_ISR)
                  000843f2    0000000a     f2838x_defaultisr.obj (.text:USER2_ISR)
                  000843fc    0000000a     f2838x_defaultisr.obj (.text:USER3_ISR)
                  00084406    0000000a     f2838x_defaultisr.obj (.text:USER4_ISR)
                  00084410    0000000a     f2838x_defaultisr.obj (.text:USER5_ISR)
                  0008441a    0000000a     f2838x_defaultisr.obj (.text:USER6_ISR)
                  00084424    0000000a     f2838x_defaultisr.obj (.text:USER7_ISR)
                  0008442e    0000000a     f2838x_defaultisr.obj (.text:USER8_ISR)
                  00084438    0000000a     f2838x_defaultisr.obj (.text:USER9_ISR)
                  00084442    0000000a     f2838x_defaultisr.obj (.text:WAKE_ISR)
                  0008444c    0000000a     f2838x_defaultisr.obj (.text:XINT1_ISR)
                  00084456    0000000a     f2838x_defaultisr.obj (.text:XINT2_ISR)
                  00084460    0000000a     f2838x_defaultisr.obj (.text:XINT3_ISR)
                  0008446a    0000000a     f2838x_defaultisr.obj (.text:XINT4_ISR)
                  00084474    0000000a     f2838x_defaultisr.obj (.text:XINT5_ISR)
                  0008447e    00000009     rts2800_fpu64_eabi.lib : _lock.c.obj (.text)
                  00084487    00000008                            : copy_decompress_none.c.obj (.text:decompress:none)
                  0008448f    00000008     f2838x_codestartbranch.obj (.text)
                  00084497    00000006     cputimer.obj (.text:CPUTimer_setEmulationMode)
                  0008449d    00000006     rts2800_fpu64_eabi.lib : copy_zero_init.c.obj (.text:decompress:ZI)
                  000844a3    00000005     DevDspInit.obj (.text:Initial_GPIO)
                  000844a8    00000005     DevSpi.obj (.text:Initial_SPI)
                  000844ad    00000005     main.obj (.text:cycle_10ms)
                  000844b2    00000004     main.obj (.text:cycle_1ms)
                  000844b6    00000003     DevDspInit.obj (.text:Init_GpioDin)
                  000844b9    00000003     main.obj (.text:cycle_100ms)
                  000844bc    00000002     rts2800_fpu64_eabi.lib : pre_init.c.obj (.text)
                  000844be    00000001                            : startup.c.obj (.text)

MODULE SUMMARY

       Module                          code    ro data   rw data
       ------                          ----    -------   -------
    .\
       main.obj                        50      0         0      
    +--+-------------------------------+-------+---------+---------+
       Total:                          50      0         0      
                                                                
    .\CSU\
       CSU_LED.obj                     1334    200       75     
       CSU_DCE.obj                     503     0         22     
       CSU_Switch.obj                  392     0         15     
       CSU_Display.obj                 1       0         0      
    +--+-------------------------------+-------+---------+---------+
       Total:                          2230    200       112    
                                                                
    .\Dev\
       easy28x_bitfield_v11.obj        3241    0         34     
       DevSci.obj                      885     0         514    
       DevTimer.obj                    328     0         6      
       DevSpi.obj                      119     0         0      
       DevDspInit.obj                  86      0         0      
    +--+-------------------------------+-------+---------+---------+
       Total:                          4659    0         554    
                                                                
    .\SDK\common\source\
       f2838x_defaultisr.obj           2063    0         0      
       device.obj                      550     0         0      
       f2838x_pievect.obj              0       448       0      
       f2838x_gpio.obj                 216     0         0      
       f2838x_codestartbranch.obj      10      0         0      
    +--+-------------------------------+-------+---------+---------+
       Total:                          2839    448       0      
                                                                
    .\SDK\driverlib\
       sysctl.obj                      1265    0         0      
       ipc.obj                         28      136       544    
       interrupt.obj                   370     0         0      
       gpio.obj                        211     0         0      
       sci.obj                         189     0         0      
       dcc.obj                         187     0         0      
       flash.obj                       126     0         0      
       spi.obj                         38      0         0      
       cputimer.obj                    6       0         0      
    +--+-------------------------------+-------+---------+---------+
       Total:                          2420    136       544    
                                                                
    .\SDK\headers\source\
       f2838x_globalvariabledefs.obj   0       0         1494   
    +--+-------------------------------+-------+---------+---------+
       Total:                          0       0         1494   
                                                                
    C:\ti\ccs1270\ccs\tools\compiler\ti-cgt-c2000_22.6.1.LTS\lib\rts2800_fpu64_eabi.lib
       copy_decompress_lzss.c.obj      48      0         0      
       exit.c.obj                      41      0         6      
       autoinit.c.obj                  43      0         0      
       ll_cmp28.asm.obj                30      0         0      
       memcpy.c.obj                    29      0         0      
       boot28.asm.obj                  25      0         0      
       _lock.c.obj                     9       0         4      
       args_main.c.obj                 12      0         0      
       copy_decompress_none.c.obj      8       0         0      
       memset.c.obj                    7       0         0      
       copy_zero_init.c.obj            6       0         0      
       pre_init.c.obj                  2       0         0      
       startup.c.obj                   1       0         0      
    +--+-------------------------------+-------+---------+---------+
       Total:                          261     0         10     
                                                                
       Stack:                          0       0         512    
       Linker Generated:               0       40        0      
    +--+-------------------------------+-------+---------+---------+
       Grand Total:                    12459   824       3226   


LINKER GENERATED COPY TABLES

__TI_cinit_table @ 0008801c records: 3, size/record: 4, table size: 12
	.data: load addr=00088000, load size=0000000e bytes, run addr=0000a800, run size=0000002c bytes, compression=lzss
	.bss: load addr=00088014, load size=00000004 bytes, run addr=0000a82c, run size=0000029f bytes, compression=zero_init
	PieVectTableFile: load addr=00088018, load size=00000004 bytes, run addr=00000d00, run size=000001c0 bytes, compression=zero_init


LINKER GENERATED HANDLER TABLE

__TI_handler_table @ 0008800e records: 3, size/record: 2, table size: 6
	index: 0, handler: __TI_zero_init
	index: 1, handler: __TI_decompress_lzss
	index: 2, handler: __TI_decompress_none


GLOBAL DATA SYMBOLS: SORTED BY DATA PAGE

address     data page           name
--------    ----------------    ----
00000400      10 (00000400)     __stack

00000ce0      33 (00000cc0)     PieCtrlRegs

00000d00      34 (00000d00)     PieVectTable

00007200     1c8 (00007200)     SciaRegs

00007c00     1f0 (00007c00)     GpioCtrlRegs

00007f00     1fc (00007f00)     GpioDataRegs

0000a800     2a0 (0000a800)     ezDSP_Version_SCI
0000a801     2a0 (0000a800)     ezDSP_uRead16BPossible
0000a802     2a0 (0000a800)     ezDSP_uRead8BPossible
0000a803     2a0 (0000a800)     ezDSP_b32bitAddress
0000a804     2a0 (0000a800)     ezDSP_uCPU
0000a805     2a0 (0000a800)     ezDSP_uOnChipFlash
0000a806     2a0 (0000a800)     ezDSP_uBRKDTCount
0000a807     2a0 (0000a800)     ezDSP_uFECount
0000a808     2a0 (0000a800)     ezDSP_uOECount
0000a809     2a0 (0000a800)     ezDSP_uPECount
0000a80a     2a0 (0000a800)     ezDSP_uWrongISRCount
0000a80b     2a0 (0000a800)     ezDSP_ucRx
0000a80c     2a0 (0000a800)     ezDSP_uState
0000a80d     2a0 (0000a800)     ezDSP_uData
0000a80e     2a0 (0000a800)     ezDSP_uChksum
0000a80f     2a0 (0000a800)     ezDSP_uAddrRdCnt
0000a810     2a0 (0000a800)     ezDSP_uDataRdCnt
0000a811     2a0 (0000a800)     ezDSP_uBlockSize
0000a812     2a0 (0000a800)     ezDSP_uBlockIndex
0000a813     2a0 (0000a800)     ezDSP_uChkSumCalculated
0000a814     2a0 (0000a800)     ezDSP_uISRRxCount
0000a815     2a0 (0000a800)     ezDSP_uISRTxCount
0000a816     2a0 (0000a800)     ezDSP_uMaxRxFifoCnt
0000a817     2a0 (0000a800)     ezDSP_uTxFifoCnt
0000a818     2a0 (0000a800)     ezDSP_uMaxTxFifoCnt
0000a819     2a0 (0000a800)     ezDSP_uTxFifoFullCnt
0000a81a     2a0 (0000a800)     ezDSP_ulData
0000a81c     2a0 (0000a800)     ezDSP_ulAddr
0000a81e     2a0 (0000a800)     ezDSP_ullData
0000a822     2a0 (0000a800)     __TI_enable_exit_profile_output
0000a824     2a0 (0000a800)     __TI_cleanup_ptr
0000a826     2a0 (0000a800)     __TI_dtors_ptr
0000a828     2a0 (0000a800)     _lock
0000a82a     2a0 (0000a800)     _unlock
0000a82c     2a0 (0000a800)     xSwitch

0000aa42     2a9 (0000aa40)     xRcvDceMsg1
0000aa4c     2a9 (0000aa40)     xXmtDceMsg1
0000aa58     2a9 (0000aa40)     xTimer

0000aa80     2aa (0000aa80)     xLed

00038000     e00 (00038000)     IPC_CPU_To_CM_GetBuffer

00039000     e40 (00039000)     IPC_CPU_To_CM_PutBuffer

0003a000     e80 (0003a000)     IPC_CPU1_To_CPU2_PutBuffer

0003b000     ec0 (0003b000)     IPC_CPU1_To_CPU2_GetBuffer

0005d000    1740 (0005d000)     DevCfgRegs

0005d300    174c (0005d300)     CpuSysRegs

00090000    2400 (00090000)     PieVectTableInit

000901c0    2407 (000901c0)     IPC_Instance


GLOBAL SYMBOLS: SORTED ALPHABETICALLY BY Name 

page  address   name                                     
----  -------   ----                                     
0     00083c61  ADCA1_ISR                                
0     00083c6b  ADCA2_ISR                                
0     00083c75  ADCA3_ISR                                
0     00083c7f  ADCA4_ISR                                
0     00083c89  ADCA_EVT_ISR                             
0     00083c93  ADCB1_ISR                                
0     00083c9d  ADCB2_ISR                                
0     00083ca7  ADCB3_ISR                                
0     00083cb1  ADCB4_ISR                                
0     00083cbb  ADCB_EVT_ISR                             
0     00083cc5  ADCC1_ISR                                
0     00083ccf  ADCC2_ISR                                
0     00083cd9  ADCC3_ISR                                
0     00083ce3  ADCC4_ISR                                
0     00083ced  ADCC_EVT_ISR                             
0     00083cf7  ADCD1_ISR                                
0     00083d01  ADCD2_ISR                                
0     00083d0b  ADCD3_ISR                                
0     00083d15  ADCD4_ISR                                
0     00083d1f  ADCD_EVT_ISR                             
0     000838a2  C$$EXIT                                  
0     00083d29  CANA0_ISR                                
0     00083d33  CANA1_ISR                                
0     00083d3d  CANB0_ISR                                
0     00083d47  CANB1_ISR                                
0     00083d51  CIPC0_ISR                                
0     00083d5b  CIPC1_ISR                                
0     00083d65  CIPC2_ISR                                
0     00083d6f  CIPC3_ISR                                
0     00083d79  CLA1CRC_ISR                              
0     00083d83  CLA1_1_ISR                               
0     00083d8d  CLA1_2_ISR                               
0     00083d97  CLA1_3_ISR                               
0     00083da1  CLA1_4_ISR                               
0     00083dab  CLA1_5_ISR                               
0     00083db5  CLA1_6_ISR                               
0     00083dbf  CLA1_7_ISR                               
0     00083dc9  CLA1_8_ISR                               
0     00083dd3  CLA_OVERFLOW_ISR                         
0     00083ddd  CLA_UNDERFLOW_ISR                        
0     00083de7  CLB1_ISR                                 
0     00083df1  CLB2_ISR                                 
0     00083dfb  CLB3_ISR                                 
0     00083e05  CLB4_ISR                                 
0     00083e0f  CLB5_ISR                                 
0     00083e19  CLB6_ISR                                 
0     00083e23  CLB7_ISR                                 
0     00083e2d  CLB8_ISR                                 
0     00083e37  CMTOCPUXIPC0_ISR                         
0     00083e41  CMTOCPUXIPC1_ISR                         
0     00083e4b  CMTOCPUXIPC2_ISR                         
0     00083e55  CMTOCPUXIPC3_ISR                         
0     00083e5f  CMTOCPUXIPC4_ISR                         
0     00083e69  CMTOCPUXIPC5_ISR                         
0     00083e73  CMTOCPUXIPC6_ISR                         
0     00083e7d  CMTOCPUXIPC7_ISR                         
0     00083e87  CM_STATUS_ISR                            
0     00083e91  CPUCRC_ISR                               
0     00084497  CPUTimer_setEmulationMode                
1     0005d300  CpuSysRegs                               
0     00083e9b  DATALOG_ISR                              
0     00082c0d  DCC_verifyClockFrequency                 
0     00083ea5  DMA_CH1_ISR                              
0     00083eaf  DMA_CH2_ISR                              
0     00083eb9  DMA_CH3_ISR                              
0     00083ec3  DMA_CH4_ISR                              
0     00083ecd  DMA_CH5_ISR                              
0     00083ed7  DMA_CH6_ISR                              
0     00083c0a  DSP_Initialization                       
1     0005d000  DevCfgRegs                               
0     00082780  Device_enableAllPeripherals              
0     00083c4b  Device_enableUnbondedGPIOPullups         
0     00083be8  Device_enableUnbondedGPIOPullupsFor176Pin
0     0008351c  Device_init                              
0     00083a75  Device_initGPIO                          
0     00083aec  Device_verifyXTAL                        
0     00083ee1  ECAP1_ISR                                
0     00083eeb  ECAP2_ISR                                
0     00083ef5  ECAP3_ISR                                
0     00083eff  ECAP4_ISR                                
0     00083f09  ECAP5_ISR                                
0     00083f13  ECAP6_2_ISR                              
0     00083f1d  ECAP6_ISR                                
0     00083f27  ECAP7_2_ISR                              
0     00083f31  ECAP7_ISR                                
0     00083f3b  ECATRST_ISR                              
0     00083f45  ECATSYNC0_ISR                            
0     00083f4f  ECATSYNC1_ISR                            
0     00083f59  ECAT_ISR                                 
0     00083c26  EMPTY_ISR                                
0     00083f63  EMU_ISR                                  
0     00083f6d  EPWM10_ISR                               
0     00083f77  EPWM10_TZ_ISR                            
0     00083f81  EPWM11_ISR                               
0     00083f8b  EPWM11_TZ_ISR                            
0     00083f95  EPWM12_ISR                               
0     00083f9f  EPWM12_TZ_ISR                            
0     00083fa9  EPWM13_ISR                               
0     00083fb3  EPWM13_TZ_ISR                            
0     00083fbd  EPWM14_ISR                               
0     00083fc7  EPWM14_TZ_ISR                            
0     00083fd1  EPWM15_ISR                               
0     00083fdb  EPWM15_TZ_ISR                            
0     00083fe5  EPWM16_ISR                               
0     00083fef  EPWM16_TZ_ISR                            
0     00084000  EPWM1_ISR                                
0     0008400a  EPWM1_TZ_ISR                             
0     00084014  EPWM2_ISR                                
0     0008401e  EPWM2_TZ_ISR                             
0     00084028  EPWM3_ISR                                
0     00084032  EPWM3_TZ_ISR                             
0     0008403c  EPWM4_ISR                                
0     00084046  EPWM4_TZ_ISR                             
0     00084050  EPWM5_ISR                                
0     0008405a  EPWM5_TZ_ISR                             
0     00084064  EPWM6_ISR                                
0     0008406e  EPWM6_TZ_ISR                             
0     00084078  EPWM7_ISR                                
0     00084082  EPWM7_TZ_ISR                             
0     0008408c  EPWM8_ISR                                
0     00084096  EPWM8_TZ_ISR                             
0     000840a0  EPWM9_ISR                                
0     000840aa  EPWM9_TZ_ISR                             
0     000840b4  EQEP1_ISR                                
0     000840be  EQEP2_ISR                                
0     000840c8  EQEP3_ISR                                
0     000840d2  FMC_ISR                                  
0     000840dc  FPU_OFLOW_ISR                            
0     000840e6  FPU_UFLOW_ISR                            
0     000840f0  FSIRXA1_ISR                              
0     000840fa  FSIRXA2_ISR                              
0     00084104  FSIRXB1_ISR                              
0     0008410e  FSIRXB2_ISR                              
0     00084118  FSIRXC1_ISR                              
0     00084122  FSIRXC2_ISR                              
0     0008412c  FSIRXD1_ISR                              
0     00084136  FSIRXD2_ISR                              
0     00084140  FSIRXE1_ISR                              
0     0008414a  FSIRXE2_ISR                              
0     00084154  FSIRXF1_ISR                              
0     0008415e  FSIRXF2_ISR                              
0     00084168  FSIRXG1_ISR                              
0     00084172  FSIRXG2_ISR                              
0     0008417c  FSIRXH1_ISR                              
0     00084186  FSIRXH2_ISR                              
0     00084190  FSITXA1_ISR                              
0     0008419a  FSITXA2_ISR                              
0     000841a4  FSITXB1_ISR                              
0     000841ae  FSITXB2_ISR                              
0     00008616  Flash_initModule                         
0     00083478  GPIO_SetupPinMux                         
0     0008301f  GPIO_SetupPinOptions                     
0     0008398d  GPIO_setControllerCore                   
0     00083a15  GPIO_setDirectionMode                    
0     000836c4  GPIO_setPadConfig                        
0     0008376e  GPIO_setPinConfig                        
0     000839af  GPIO_setQualificationMode                
1     00007c00  GpioCtrlRegs                             
1     00007f00  GpioDataRegs                             
0     000841b8  I2CA_FIFO_ISR                            
0     000841c2  I2CA_HIGH_ISR                            
0     000841cc  I2CA_ISR                                 
0     000841d6  I2CB_FIFO_ISR                            
0     000841e0  I2CB_ISR                                 
0     000841ea  ILLEGAL_ISR                              
0     0003b000  IPC_CPU1_To_CPU2_GetBuffer               
0     0003a000  IPC_CPU1_To_CPU2_PutBuffer               
0     00038000  IPC_CPU_To_CM_GetBuffer                  
0     00039000  IPC_CPU_To_CM_PutBuffer                  
0     000901c0  IPC_Instance                             
0     00083b08  IPC_unregisterInterrupt                  
0     00083ab1  InitSpib_Display                         
0     0008341f  Initial_LED                              
0     00083ba6  Initial_SCI                              
0     000844a8  Initial_SPI                              
0     000832f1  Initial_TIMER                            
0     00083c33  Interrupt_defaultHandler                 
0     000835b5  Interrupt_disable                        
0     00083703  Interrupt_enable                         
0     000841f4  Interrupt_illegalOperationHandler        
0     00083683  Interrupt_initModule                     
0     00083ab2  Interrupt_initVectorTable                
0     000841fe  Interrupt_nmiHandler                     
0     00084208  MCANA_0_ISR                              
0     00084212  MCANA_1_ISR                              
0     0008421c  MCANA_ECC_ISR                            
0     00084226  MCANA_WAKE_ISR                           
0     00084230  MCBSPA_RX_ISR                            
0     0008423a  MCBSPA_TX_ISR                            
0     00084244  MCBSPB_RX_ISR                            
0     0008424e  MCBSPB_TX_ISR                            
0     00084258  MPOST_ISR                                
0     00084262  NMI_ISR                                  
0     0008426c  NOTUSED_ISR                              
0     00084276  PIE_RESERVED_ISR                         
0     00084280  PMBUSA_ISR                               
1     00000ce0  PieCtrlRegs                              
1     00000d00  PieVectTable                             
0     00090000  PieVectTableInit                         
0     0008428a  RTOS_ISR                                 
0     00086659  RamfuncsLoadEnd                          
abs   00000659  RamfuncsLoadSize                         
0     00086000  RamfuncsLoadStart                        
0     00008659  RamfuncsRunEnd                           
abs   00000659  RamfuncsRunSize                          
0     00008000  RamfuncsRunStart                         
0     00084294  SCIA_RX_ISR                              
0     0008429e  SCIA_TX_ISR                              
0     000842a8  SCIB_RX_ISR                              
0     000842b2  SCIB_TX_ISR                              
0     000842bc  SCIC_RX_ISR                              
0     000842c6  SCIC_TX_ISR                              
0     000842d0  SCID_RX_ISR                              
0     000842da  SCID_TX_ISR                              
0     00083b24  SCI_clearInterruptStatus                 
0     00083b40  SCI_disableInterrupt                     
0     00083b5a  SCI_enableInterrupt                      
0     00083a35  SCI_readCharArray                        
0     000837fa  SCI_setConfig                            
0     000839d1  SCI_writeCharArray                       
0     000842e4  SDFM1DR1_ISR                             
0     000842ee  SDFM1DR2_ISR                             
0     000842f8  SDFM1DR3_ISR                             
0     00084302  SDFM1DR4_ISR                             
0     0008430c  SDFM1_ISR                                
0     00084316  SDFM2DR1_ISR                             
0     00084320  SDFM2DR2_ISR                             
0     0008432a  SDFM2DR3_ISR                             
0     00084334  SDFM2DR4_ISR                             
0     0008433e  SDFM2_ISR                                
0     00084348  SPIA_RX_ISR                              
0     00084352  SPIA_TX_ISR                              
0     0008435c  SPIB_RX_ISR                              
0     00084366  SPIB_TX_ISR                              
0     00084370  SPIC_RX_ISR                              
0     0008437a  SPIC_TX_ISR                              
0     00084384  SPID_RX_ISR                              
0     0008438e  SPID_TX_ISR                              
0     0008391b  SPI_setConfig                            
0     00084398  SYS_ERR_ISR                              
1     00007200  SciaRegs                                 
0     00008655  SysCtl_delay                             
0     00082461  SysCtl_isPLLValid                        
0     00083941  SysCtl_selectOscSource                   
0     000834cc  SysCtl_selectOscSourceAuxPLL             
0     000835ff  SysCtl_selectXTAL                        
0     000839f3  SysCtl_selectXTALSingleEnded             
0     00082b21  SysCtl_setAuxClock                       
0     000828e7  SysCtl_setClock                          
0     000843a2  TIMER0_ISR                               
0     000843ac  TIMER1_ISR                               
0     000843b6  TIMER2_ISR                               
0     000843c0  USBA_ISR                                 
0     000843ca  USER10_ISR                               
0     000843d4  USER11_ISR                               
0     000843de  USER12_ISR                               
0     000843e8  USER1_ISR                                
0     000843f2  USER2_ISR                                
0     000843fc  USER3_ISR                                
0     00084406  USER4_ISR                                
0     00084410  USER5_ISR                                
0     0008441a  USER6_ISR                                
0     00084424  USER7_ISR                                
0     0008442e  USER8_ISR                                
0     00084438  USER9_ISR                                
0     00084442  WAKE_ISR                                 
0     0008444c  XINT1_ISR                                
0     00084456  XINT2_ISR                                
0     00084460  XINT3_ISR                                
0     0008446a  XINT4_ISR                                
0     00084474  XINT5_ISR                                
0     0008801c  __TI_CINIT_Base                          
0     00088028  __TI_CINIT_Limit                         
0     00088028  __TI_CINIT_Warm                          
0     0008800e  __TI_Handler_Table_Base                  
0     00088014  __TI_Handler_Table_Limit                 
0     00000600  __TI_STACK_END                           
abs   00000200  __TI_STACK_SIZE                          
0     00083825  __TI_auto_init_nobinit_nopinit           
0     0000a824  __TI_cleanup_ptr                         
0     0008379e  __TI_decompress_lzss                     
0     00084487  __TI_decompress_none                     
0     0000a826  __TI_dtors_ptr                           
0     0000a822  __TI_enable_exit_profile_output          
abs   ffffffff  __TI_pprof_out_hndl                      
abs   ffffffff  __TI_prof_data_size                      
abs   ffffffff  __TI_prof_data_start                     
0     0008449d  __TI_zero_init                           
0     00083a93  __c28xabi_cmpll                          
0     00083aa5  __c28xabi_cmpull                         
n/a   UNDEFED   __c_args__                               
0     00000400  __stack                                  
0     00083c3f  _args_main                               
0     00083b8d  _c_int00                                 
0     0000a828  _lock                                    
0     00084486  _nop                                     
0     00084482  _register_lock                           
0     0008447e  _register_unlock                         
0     000844be  _system_post_cinit                       
0     000844bc  _system_pre_init                         
0     0000a82a  _unlock                                  
0     000838a2  abort                                    
0     00080000  code_start                               
0     000830a3  easyDSP_SCI_Init                         
0     00008000  easy_RXINT_ISR                           
0     000838a4  exit                                     
0     0000a800  ezDSP_Version_SCI                        
0     0000a803  ezDSP_b32bitAddress                      
0     0000a80f  ezDSP_uAddrRdCnt                         
0     0000a806  ezDSP_uBRKDTCount                        
0     0000a812  ezDSP_uBlockIndex                        
0     0000a811  ezDSP_uBlockSize                         
0     0000a804  ezDSP_uCPU                               
0     0000a813  ezDSP_uChkSumCalculated                  
0     0000a80e  ezDSP_uChksum                            
0     0000a80d  ezDSP_uData                              
0     0000a810  ezDSP_uDataRdCnt                         
0     0000a807  ezDSP_uFECount                           
0     0000a814  ezDSP_uISRRxCount                        
0     0000a815  ezDSP_uISRTxCount                        
0     0000a816  ezDSP_uMaxRxFifoCnt                      
0     0000a818  ezDSP_uMaxTxFifoCnt                      
0     0000a808  ezDSP_uOECount                           
0     0000a805  ezDSP_uOnChipFlash                       
0     0000a809  ezDSP_uPECount                           
0     0000a801  ezDSP_uRead16BPossible                   
0     0000a802  ezDSP_uRead8BPossible                    
0     0000a80c  ezDSP_uState                             
0     0000a817  ezDSP_uTxFifoCnt                         
0     0000a819  ezDSP_uTxFifoFullCnt                     
0     0000a80a  ezDSP_uWrongISRCount                     
0     0000a80b  ezDSP_ucRx                               
0     0000a81c  ezDSP_ulAddr                             
0     0000a81a  ezDSP_ulData                             
0     0000a81e  ezDSP_ullData                            
0     00083120  initGpioDinSwitch                        
0     000820c8  initGpioDoutLed                          
0     00082cc8  isrScib_DCE                              
0     00082f79  isrScic_INCL                             
0     00083641  isr_CpuTimer0                            
0     00083bbd  isr_CpuTimer1                            
0     00083bd3  isr_CpuTimer2                            
0     00083967  main                                     
0     00083acf  memcpy                                   
0     00083ff9  memset                                   
0     00082d75  probeSwitchStatus                        
0     00083280  recvDceMessage                           
0     000825fa  sendDceMessage1                          
0     000838cb  sendScib_DCE                             
0     000838f3  sendScic_INCL                            
0     00083c18  setLedToggle                             
0     00083a55  updateLedState                           
0     0000aa80  xLed                                     
0     0000aa42  xRcvDceMsg1                              
0     0000a82c  xSwitch                                  
0     0000aa58  xTimer                                   
0     0000aa4c  xXmtDceMsg1                              
0     00083bfb  xmtScib_DCE                              


GLOBAL SYMBOLS: SORTED BY Symbol Address 

page  address   name                                     
----  -------   ----                                     
0     00000400  __stack                                  
0     00000600  __TI_STACK_END                           
0     00008000  RamfuncsRunStart                         
0     00008000  easy_RXINT_ISR                           
0     00008616  Flash_initModule                         
0     00008655  SysCtl_delay                             
0     00008659  RamfuncsRunEnd                           
0     0000a800  ezDSP_Version_SCI                        
0     0000a801  ezDSP_uRead16BPossible                   
0     0000a802  ezDSP_uRead8BPossible                    
0     0000a803  ezDSP_b32bitAddress                      
0     0000a804  ezDSP_uCPU                               
0     0000a805  ezDSP_uOnChipFlash                       
0     0000a806  ezDSP_uBRKDTCount                        
0     0000a807  ezDSP_uFECount                           
0     0000a808  ezDSP_uOECount                           
0     0000a809  ezDSP_uPECount                           
0     0000a80a  ezDSP_uWrongISRCount                     
0     0000a80b  ezDSP_ucRx                               
0     0000a80c  ezDSP_uState                             
0     0000a80d  ezDSP_uData                              
0     0000a80e  ezDSP_uChksum                            
0     0000a80f  ezDSP_uAddrRdCnt                         
0     0000a810  ezDSP_uDataRdCnt                         
0     0000a811  ezDSP_uBlockSize                         
0     0000a812  ezDSP_uBlockIndex                        
0     0000a813  ezDSP_uChkSumCalculated                  
0     0000a814  ezDSP_uISRRxCount                        
0     0000a815  ezDSP_uISRTxCount                        
0     0000a816  ezDSP_uMaxRxFifoCnt                      
0     0000a817  ezDSP_uTxFifoCnt                         
0     0000a818  ezDSP_uMaxTxFifoCnt                      
0     0000a819  ezDSP_uTxFifoFullCnt                     
0     0000a81a  ezDSP_ulData                             
0     0000a81c  ezDSP_ulAddr                             
0     0000a81e  ezDSP_ullData                            
0     0000a822  __TI_enable_exit_profile_output          
0     0000a824  __TI_cleanup_ptr                         
0     0000a826  __TI_dtors_ptr                           
0     0000a828  _lock                                    
0     0000a82a  _unlock                                  
0     0000a82c  xSwitch                                  
0     0000aa42  xRcvDceMsg1                              
0     0000aa4c  xXmtDceMsg1                              
0     0000aa58  xTimer                                   
0     0000aa80  xLed                                     
0     00038000  IPC_CPU_To_CM_GetBuffer                  
0     00039000  IPC_CPU_To_CM_PutBuffer                  
0     0003a000  IPC_CPU1_To_CPU2_PutBuffer               
0     0003b000  IPC_CPU1_To_CPU2_GetBuffer               
0     00080000  code_start                               
0     000820c8  initGpioDoutLed                          
0     00082461  SysCtl_isPLLValid                        
0     000825fa  sendDceMessage1                          
0     00082780  Device_enableAllPeripherals              
0     000828e7  SysCtl_setClock                          
0     00082b21  SysCtl_setAuxClock                       
0     00082c0d  DCC_verifyClockFrequency                 
0     00082cc8  isrScib_DCE                              
0     00082d75  probeSwitchStatus                        
0     00082f79  isrScic_INCL                             
0     0008301f  GPIO_SetupPinOptions                     
0     000830a3  easyDSP_SCI_Init                         
0     00083120  initGpioDinSwitch                        
0     00083280  recvDceMessage                           
0     000832f1  Initial_TIMER                            
0     0008341f  Initial_LED                              
0     00083478  GPIO_SetupPinMux                         
0     000834cc  SysCtl_selectOscSourceAuxPLL             
0     0008351c  Device_init                              
0     000835b5  Interrupt_disable                        
0     000835ff  SysCtl_selectXTAL                        
0     00083641  isr_CpuTimer0                            
0     00083683  Interrupt_initModule                     
0     000836c4  GPIO_setPadConfig                        
0     00083703  Interrupt_enable                         
0     0008376e  GPIO_setPinConfig                        
0     0008379e  __TI_decompress_lzss                     
0     000837fa  SCI_setConfig                            
0     00083825  __TI_auto_init_nobinit_nopinit           
0     000838a2  C$$EXIT                                  
0     000838a2  abort                                    
0     000838a4  exit                                     
0     000838cb  sendScib_DCE                             
0     000838f3  sendScic_INCL                            
0     0008391b  SPI_setConfig                            
0     00083941  SysCtl_selectOscSource                   
0     00083967  main                                     
0     0008398d  GPIO_setControllerCore                   
0     000839af  GPIO_setQualificationMode                
0     000839d1  SCI_writeCharArray                       
0     000839f3  SysCtl_selectXTALSingleEnded             
0     00083a15  GPIO_setDirectionMode                    
0     00083a35  SCI_readCharArray                        
0     00083a55  updateLedState                           
0     00083a75  Device_initGPIO                          
0     00083a93  __c28xabi_cmpll                          
0     00083aa5  __c28xabi_cmpull                         
0     00083ab1  InitSpib_Display                         
0     00083ab2  Interrupt_initVectorTable                
0     00083acf  memcpy                                   
0     00083aec  Device_verifyXTAL                        
0     00083b08  IPC_unregisterInterrupt                  
0     00083b24  SCI_clearInterruptStatus                 
0     00083b40  SCI_disableInterrupt                     
0     00083b5a  SCI_enableInterrupt                      
0     00083b8d  _c_int00                                 
0     00083ba6  Initial_SCI                              
0     00083bbd  isr_CpuTimer1                            
0     00083bd3  isr_CpuTimer2                            
0     00083be8  Device_enableUnbondedGPIOPullupsFor176Pin
0     00083bfb  xmtScib_DCE                              
0     00083c0a  DSP_Initialization                       
0     00083c18  setLedToggle                             
0     00083c26  EMPTY_ISR                                
0     00083c33  Interrupt_defaultHandler                 
0     00083c3f  _args_main                               
0     00083c4b  Device_enableUnbondedGPIOPullups         
0     00083c61  ADCA1_ISR                                
0     00083c6b  ADCA2_ISR                                
0     00083c75  ADCA3_ISR                                
0     00083c7f  ADCA4_ISR                                
0     00083c89  ADCA_EVT_ISR                             
0     00083c93  ADCB1_ISR                                
0     00083c9d  ADCB2_ISR                                
0     00083ca7  ADCB3_ISR                                
0     00083cb1  ADCB4_ISR                                
0     00083cbb  ADCB_EVT_ISR                             
0     00083cc5  ADCC1_ISR                                
0     00083ccf  ADCC2_ISR                                
0     00083cd9  ADCC3_ISR                                
0     00083ce3  ADCC4_ISR                                
0     00083ced  ADCC_EVT_ISR                             
0     00083cf7  ADCD1_ISR                                
0     00083d01  ADCD2_ISR                                
0     00083d0b  ADCD3_ISR                                
0     00083d15  ADCD4_ISR                                
0     00083d1f  ADCD_EVT_ISR                             
0     00083d29  CANA0_ISR                                
0     00083d33  CANA1_ISR                                
0     00083d3d  CANB0_ISR                                
0     00083d47  CANB1_ISR                                
0     00083d51  CIPC0_ISR                                
0     00083d5b  CIPC1_ISR                                
0     00083d65  CIPC2_ISR                                
0     00083d6f  CIPC3_ISR                                
0     00083d79  CLA1CRC_ISR                              
0     00083d83  CLA1_1_ISR                               
0     00083d8d  CLA1_2_ISR                               
0     00083d97  CLA1_3_ISR                               
0     00083da1  CLA1_4_ISR                               
0     00083dab  CLA1_5_ISR                               
0     00083db5  CLA1_6_ISR                               
0     00083dbf  CLA1_7_ISR                               
0     00083dc9  CLA1_8_ISR                               
0     00083dd3  CLA_OVERFLOW_ISR                         
0     00083ddd  CLA_UNDERFLOW_ISR                        
0     00083de7  CLB1_ISR                                 
0     00083df1  CLB2_ISR                                 
0     00083dfb  CLB3_ISR                                 
0     00083e05  CLB4_ISR                                 
0     00083e0f  CLB5_ISR                                 
0     00083e19  CLB6_ISR                                 
0     00083e23  CLB7_ISR                                 
0     00083e2d  CLB8_ISR                                 
0     00083e37  CMTOCPUXIPC0_ISR                         
0     00083e41  CMTOCPUXIPC1_ISR                         
0     00083e4b  CMTOCPUXIPC2_ISR                         
0     00083e55  CMTOCPUXIPC3_ISR                         
0     00083e5f  CMTOCPUXIPC4_ISR                         
0     00083e69  CMTOCPUXIPC5_ISR                         
0     00083e73  CMTOCPUXIPC6_ISR                         
0     00083e7d  CMTOCPUXIPC7_ISR                         
0     00083e87  CM_STATUS_ISR                            
0     00083e91  CPUCRC_ISR                               
0     00083e9b  DATALOG_ISR                              
0     00083ea5  DMA_CH1_ISR                              
0     00083eaf  DMA_CH2_ISR                              
0     00083eb9  DMA_CH3_ISR                              
0     00083ec3  DMA_CH4_ISR                              
0     00083ecd  DMA_CH5_ISR                              
0     00083ed7  DMA_CH6_ISR                              
0     00083ee1  ECAP1_ISR                                
0     00083eeb  ECAP2_ISR                                
0     00083ef5  ECAP3_ISR                                
0     00083eff  ECAP4_ISR                                
0     00083f09  ECAP5_ISR                                
0     00083f13  ECAP6_2_ISR                              
0     00083f1d  ECAP6_ISR                                
0     00083f27  ECAP7_2_ISR                              
0     00083f31  ECAP7_ISR                                
0     00083f3b  ECATRST_ISR                              
0     00083f45  ECATSYNC0_ISR                            
0     00083f4f  ECATSYNC1_ISR                            
0     00083f59  ECAT_ISR                                 
0     00083f63  EMU_ISR                                  
0     00083f6d  EPWM10_ISR                               
0     00083f77  EPWM10_TZ_ISR                            
0     00083f81  EPWM11_ISR                               
0     00083f8b  EPWM11_TZ_ISR                            
0     00083f95  EPWM12_ISR                               
0     00083f9f  EPWM12_TZ_ISR                            
0     00083fa9  EPWM13_ISR                               
0     00083fb3  EPWM13_TZ_ISR                            
0     00083fbd  EPWM14_ISR                               
0     00083fc7  EPWM14_TZ_ISR                            
0     00083fd1  EPWM15_ISR                               
0     00083fdb  EPWM15_TZ_ISR                            
0     00083fe5  EPWM16_ISR                               
0     00083fef  EPWM16_TZ_ISR                            
0     00083ff9  memset                                   
0     00084000  EPWM1_ISR                                
0     0008400a  EPWM1_TZ_ISR                             
0     00084014  EPWM2_ISR                                
0     0008401e  EPWM2_TZ_ISR                             
0     00084028  EPWM3_ISR                                
0     00084032  EPWM3_TZ_ISR                             
0     0008403c  EPWM4_ISR                                
0     00084046  EPWM4_TZ_ISR                             
0     00084050  EPWM5_ISR                                
0     0008405a  EPWM5_TZ_ISR                             
0     00084064  EPWM6_ISR                                
0     0008406e  EPWM6_TZ_ISR                             
0     00084078  EPWM7_ISR                                
0     00084082  EPWM7_TZ_ISR                             
0     0008408c  EPWM8_ISR                                
0     00084096  EPWM8_TZ_ISR                             
0     000840a0  EPWM9_ISR                                
0     000840aa  EPWM9_TZ_ISR                             
0     000840b4  EQEP1_ISR                                
0     000840be  EQEP2_ISR                                
0     000840c8  EQEP3_ISR                                
0     000840d2  FMC_ISR                                  
0     000840dc  FPU_OFLOW_ISR                            
0     000840e6  FPU_UFLOW_ISR                            
0     000840f0  FSIRXA1_ISR                              
0     000840fa  FSIRXA2_ISR                              
0     00084104  FSIRXB1_ISR                              
0     0008410e  FSIRXB2_ISR                              
0     00084118  FSIRXC1_ISR                              
0     00084122  FSIRXC2_ISR                              
0     0008412c  FSIRXD1_ISR                              
0     00084136  FSIRXD2_ISR                              
0     00084140  FSIRXE1_ISR                              
0     0008414a  FSIRXE2_ISR                              
0     00084154  FSIRXF1_ISR                              
0     0008415e  FSIRXF2_ISR                              
0     00084168  FSIRXG1_ISR                              
0     00084172  FSIRXG2_ISR                              
0     0008417c  FSIRXH1_ISR                              
0     00084186  FSIRXH2_ISR                              
0     00084190  FSITXA1_ISR                              
0     0008419a  FSITXA2_ISR                              
0     000841a4  FSITXB1_ISR                              
0     000841ae  FSITXB2_ISR                              
0     000841b8  I2CA_FIFO_ISR                            
0     000841c2  I2CA_HIGH_ISR                            
0     000841cc  I2CA_ISR                                 
0     000841d6  I2CB_FIFO_ISR                            
0     000841e0  I2CB_ISR                                 
0     000841ea  ILLEGAL_ISR                              
0     000841f4  Interrupt_illegalOperationHandler        
0     000841fe  Interrupt_nmiHandler                     
0     00084208  MCANA_0_ISR                              
0     00084212  MCANA_1_ISR                              
0     0008421c  MCANA_ECC_ISR                            
0     00084226  MCANA_WAKE_ISR                           
0     00084230  MCBSPA_RX_ISR                            
0     0008423a  MCBSPA_TX_ISR                            
0     00084244  MCBSPB_RX_ISR                            
0     0008424e  MCBSPB_TX_ISR                            
0     00084258  MPOST_ISR                                
0     00084262  NMI_ISR                                  
0     0008426c  NOTUSED_ISR                              
0     00084276  PIE_RESERVED_ISR                         
0     00084280  PMBUSA_ISR                               
0     0008428a  RTOS_ISR                                 
0     00084294  SCIA_RX_ISR                              
0     0008429e  SCIA_TX_ISR                              
0     000842a8  SCIB_RX_ISR                              
0     000842b2  SCIB_TX_ISR                              
0     000842bc  SCIC_RX_ISR                              
0     000842c6  SCIC_TX_ISR                              
0     000842d0  SCID_RX_ISR                              
0     000842da  SCID_TX_ISR                              
0     000842e4  SDFM1DR1_ISR                             
0     000842ee  SDFM1DR2_ISR                             
0     000842f8  SDFM1DR3_ISR                             
0     00084302  SDFM1DR4_ISR                             
0     0008430c  SDFM1_ISR                                
0     00084316  SDFM2DR1_ISR                             
0     00084320  SDFM2DR2_ISR                             
0     0008432a  SDFM2DR3_ISR                             
0     00084334  SDFM2DR4_ISR                             
0     0008433e  SDFM2_ISR                                
0     00084348  SPIA_RX_ISR                              
0     00084352  SPIA_TX_ISR                              
0     0008435c  SPIB_RX_ISR                              
0     00084366  SPIB_TX_ISR                              
0     00084370  SPIC_RX_ISR                              
0     0008437a  SPIC_TX_ISR                              
0     00084384  SPID_RX_ISR                              
0     0008438e  SPID_TX_ISR                              
0     00084398  SYS_ERR_ISR                              
0     000843a2  TIMER0_ISR                               
0     000843ac  TIMER1_ISR                               
0     000843b6  TIMER2_ISR                               
0     000843c0  USBA_ISR                                 
0     000843ca  USER10_ISR                               
0     000843d4  USER11_ISR                               
0     000843de  USER12_ISR                               
0     000843e8  USER1_ISR                                
0     000843f2  USER2_ISR                                
0     000843fc  USER3_ISR                                
0     00084406  USER4_ISR                                
0     00084410  USER5_ISR                                
0     0008441a  USER6_ISR                                
0     00084424  USER7_ISR                                
0     0008442e  USER8_ISR                                
0     00084438  USER9_ISR                                
0     00084442  WAKE_ISR                                 
0     0008444c  XINT1_ISR                                
0     00084456  XINT2_ISR                                
0     00084460  XINT3_ISR                                
0     0008446a  XINT4_ISR                                
0     00084474  XINT5_ISR                                
0     0008447e  _register_unlock                         
0     00084482  _register_lock                           
0     00084486  _nop                                     
0     00084487  __TI_decompress_none                     
0     00084497  CPUTimer_setEmulationMode                
0     0008449d  __TI_zero_init                           
0     000844a8  Initial_SPI                              
0     000844bc  _system_pre_init                         
0     000844be  _system_post_cinit                       
0     00086000  RamfuncsLoadStart                        
0     00086659  RamfuncsLoadEnd                          
0     0008800e  __TI_Handler_Table_Base                  
0     00088014  __TI_Handler_Table_Limit                 
0     0008801c  __TI_CINIT_Base                          
0     00088028  __TI_CINIT_Limit                         
0     00088028  __TI_CINIT_Warm                          
0     00090000  PieVectTableInit                         
0     000901c0  IPC_Instance                             
1     00000ce0  PieCtrlRegs                              
1     00000d00  PieVectTable                             
1     00007200  SciaRegs                                 
1     00007c00  GpioCtrlRegs                             
1     00007f00  GpioDataRegs                             
1     0005d000  DevCfgRegs                               
1     0005d300  CpuSysRegs                               
abs   00000200  __TI_STACK_SIZE                          
abs   00000659  RamfuncsLoadSize                         
abs   00000659  RamfuncsRunSize                          
abs   ffffffff  __TI_pprof_out_hndl                      
abs   ffffffff  __TI_prof_data_size                      
abs   ffffffff  __TI_prof_data_start                     
n/a   UNDEFED   __c_args__                               

[358 symbols]
