<?xml version="1.0" encoding="ISO-8859-1" ?>
<link_info>
   <banner>TMS320C2000 Linker PC v22.6.1.LTS</banner>
   <copyright>Copyright (c) 1996-2018 Texas Instruments Incorporated</copyright>
   <link_time>0x68947f30</link_time>
   <link_errors>0x0</link_errors>
   <output_file>DCD.out</output_file>
   <entry_point>
      <name>_c_int00</name>
      <address>0x83b8d</address>
   </entry_point>
   <input_file_list>
      <input_file id="fl-2">
         <path>.\</path>
         <kind>object</kind>
         <file>main.obj</file>
         <name>main.obj</name>
      </input_file>
      <input_file id="fl-3">
         <path>.\CSU\</path>
         <kind>object</kind>
         <file>CSU_DCE.obj</file>
         <name>CSU_DCE.obj</name>
      </input_file>
      <input_file id="fl-4">
         <path>.\CSU\</path>
         <kind>object</kind>
         <file>CSU_Display.obj</file>
         <name>CSU_Display.obj</name>
      </input_file>
      <input_file id="fl-5">
         <path>.\CSU\</path>
         <kind>object</kind>
         <file>CSU_INCL.obj</file>
         <name>CSU_INCL.obj</name>
      </input_file>
      <input_file id="fl-6">
         <path>.\CSU\</path>
         <kind>object</kind>
         <file>CSU_LED.obj</file>
         <name>CSU_LED.obj</name>
      </input_file>
      <input_file id="fl-7">
         <path>.\CSU\</path>
         <kind>object</kind>
         <file>CSU_Switch.obj</file>
         <name>CSU_Switch.obj</name>
      </input_file>
      <input_file id="fl-8">
         <path>.\Dev\</path>
         <kind>object</kind>
         <file>DevCommon.obj</file>
         <name>DevCommon.obj</name>
      </input_file>
      <input_file id="fl-9">
         <path>.\Dev\</path>
         <kind>object</kind>
         <file>DevDspInit.obj</file>
         <name>DevDspInit.obj</name>
      </input_file>
      <input_file id="fl-a">
         <path>.\Dev\</path>
         <kind>object</kind>
         <file>DevSci.obj</file>
         <name>DevSci.obj</name>
      </input_file>
      <input_file id="fl-b">
         <path>.\Dev\</path>
         <kind>object</kind>
         <file>DevSpi.obj</file>
         <name>DevSpi.obj</name>
      </input_file>
      <input_file id="fl-c">
         <path>.\Dev\</path>
         <kind>object</kind>
         <file>DevTimer.obj</file>
         <name>DevTimer.obj</name>
      </input_file>
      <input_file id="fl-d">
         <path>.\Dev\</path>
         <kind>object</kind>
         <file>easy28x_bitfield_v11.obj</file>
         <name>easy28x_bitfield_v11.obj</name>
      </input_file>
      <input_file id="fl-e">
         <path>.\SDK\common\source\</path>
         <kind>object</kind>
         <file>device.obj</file>
         <name>device.obj</name>
      </input_file>
      <input_file id="fl-f">
         <path>.\SDK\common\source\</path>
         <kind>object</kind>
         <file>f2838x_adc.obj</file>
         <name>f2838x_adc.obj</name>
      </input_file>
      <input_file id="fl-10">
         <path>.\SDK\common\source\</path>
         <kind>object</kind>
         <file>f2838x_codestartbranch.obj</file>
         <name>f2838x_codestartbranch.obj</name>
      </input_file>
      <input_file id="fl-11">
         <path>.\SDK\common\source\</path>
         <kind>object</kind>
         <file>f2838x_cputimers.obj</file>
         <name>f2838x_cputimers.obj</name>
      </input_file>
      <input_file id="fl-12">
         <path>.\SDK\common\source\</path>
         <kind>object</kind>
         <file>f2838x_dbgier.obj</file>
         <name>f2838x_dbgier.obj</name>
      </input_file>
      <input_file id="fl-13">
         <path>.\SDK\common\source\</path>
         <kind>object</kind>
         <file>f2838x_dcsm_z1otp.obj</file>
         <name>f2838x_dcsm_z1otp.obj</name>
      </input_file>
      <input_file id="fl-14">
         <path>.\SDK\common\source\</path>
         <kind>object</kind>
         <file>f2838x_dcsm_z2otp.obj</file>
         <name>f2838x_dcsm_z2otp.obj</name>
      </input_file>
      <input_file id="fl-15">
         <path>.\SDK\common\source\</path>
         <kind>object</kind>
         <file>f2838x_defaultisr.obj</file>
         <name>f2838x_defaultisr.obj</name>
      </input_file>
      <input_file id="fl-16">
         <path>.\SDK\common\source\</path>
         <kind>object</kind>
         <file>f2838x_dma.obj</file>
         <name>f2838x_dma.obj</name>
      </input_file>
      <input_file id="fl-17">
         <path>.\SDK\common\source\</path>
         <kind>object</kind>
         <file>f2838x_ecap.obj</file>
         <name>f2838x_ecap.obj</name>
      </input_file>
      <input_file id="fl-18">
         <path>.\SDK\common\source\</path>
         <kind>object</kind>
         <file>f2838x_emif.obj</file>
         <name>f2838x_emif.obj</name>
      </input_file>
      <input_file id="fl-19">
         <path>.\SDK\common\source\</path>
         <kind>object</kind>
         <file>f2838x_epwm.obj</file>
         <name>f2838x_epwm.obj</name>
      </input_file>
      <input_file id="fl-1a">
         <path>.\SDK\common\source\</path>
         <kind>object</kind>
         <file>f2838x_eqep.obj</file>
         <name>f2838x_eqep.obj</name>
      </input_file>
      <input_file id="fl-1b">
         <path>.\SDK\common\source\</path>
         <kind>object</kind>
         <file>f2838x_gpio.obj</file>
         <name>f2838x_gpio.obj</name>
      </input_file>
      <input_file id="fl-1c">
         <path>.\SDK\common\source\</path>
         <kind>object</kind>
         <file>f2838x_mcbsp.obj</file>
         <name>f2838x_mcbsp.obj</name>
      </input_file>
      <input_file id="fl-1d">
         <path>.\SDK\common\source\</path>
         <kind>object</kind>
         <file>f2838x_piectrl.obj</file>
         <name>f2838x_piectrl.obj</name>
      </input_file>
      <input_file id="fl-1e">
         <path>.\SDK\common\source\</path>
         <kind>object</kind>
         <file>f2838x_pievect.obj</file>
         <name>f2838x_pievect.obj</name>
      </input_file>
      <input_file id="fl-1f">
         <path>.\SDK\common\source\</path>
         <kind>object</kind>
         <file>f2838x_sdfm_drivers.obj</file>
         <name>f2838x_sdfm_drivers.obj</name>
      </input_file>
      <input_file id="fl-20">
         <path>.\SDK\common\source\</path>
         <kind>object</kind>
         <file>f2838x_struct.obj</file>
         <name>f2838x_struct.obj</name>
      </input_file>
      <input_file id="fl-21">
         <path>.\SDK\common\source\</path>
         <kind>object</kind>
         <file>f2838x_sysctrl.obj</file>
         <name>f2838x_sysctrl.obj</name>
      </input_file>
      <input_file id="fl-22">
         <path>.\SDK\common\source\</path>
         <kind>object</kind>
         <file>f2838x_tempsensorconv.obj</file>
         <name>f2838x_tempsensorconv.obj</name>
      </input_file>
      <input_file id="fl-23">
         <path>.\SDK\common\source\</path>
         <kind>object</kind>
         <file>f2838x_usdelay.obj</file>
         <name>f2838x_usdelay.obj</name>
      </input_file>
      <input_file id="fl-24">
         <path>.\SDK\driverlib\</path>
         <kind>object</kind>
         <file>adc.obj</file>
         <name>adc.obj</name>
      </input_file>
      <input_file id="fl-25">
         <path>.\SDK\driverlib\</path>
         <kind>object</kind>
         <file>asysctl.obj</file>
         <name>asysctl.obj</name>
      </input_file>
      <input_file id="fl-26">
         <path>.\SDK\driverlib\</path>
         <kind>object</kind>
         <file>bgcrc.obj</file>
         <name>bgcrc.obj</name>
      </input_file>
      <input_file id="fl-27">
         <path>.\SDK\driverlib\</path>
         <kind>object</kind>
         <file>cla.obj</file>
         <name>cla.obj</name>
      </input_file>
      <input_file id="fl-28">
         <path>.\SDK\driverlib\</path>
         <kind>object</kind>
         <file>clb.obj</file>
         <name>clb.obj</name>
      </input_file>
      <input_file id="fl-29">
         <path>.\SDK\driverlib\</path>
         <kind>object</kind>
         <file>cmpss.obj</file>
         <name>cmpss.obj</name>
      </input_file>
      <input_file id="fl-2a">
         <path>.\SDK\driverlib\</path>
         <kind>object</kind>
         <file>cputimer.obj</file>
         <name>cputimer.obj</name>
      </input_file>
      <input_file id="fl-2b">
         <path>.\SDK\driverlib\</path>
         <kind>object</kind>
         <file>dac.obj</file>
         <name>dac.obj</name>
      </input_file>
      <input_file id="fl-2c">
         <path>.\SDK\driverlib\</path>
         <kind>object</kind>
         <file>dcc.obj</file>
         <name>dcc.obj</name>
      </input_file>
      <input_file id="fl-2d">
         <path>.\SDK\driverlib\</path>
         <kind>object</kind>
         <file>dcsm.obj</file>
         <name>dcsm.obj</name>
      </input_file>
      <input_file id="fl-2e">
         <path>.\SDK\driverlib\</path>
         <kind>object</kind>
         <file>dma.obj</file>
         <name>dma.obj</name>
      </input_file>
      <input_file id="fl-2f">
         <path>.\SDK\driverlib\</path>
         <kind>object</kind>
         <file>ecap.obj</file>
         <name>ecap.obj</name>
      </input_file>
      <input_file id="fl-30">
         <path>.\SDK\driverlib\</path>
         <kind>object</kind>
         <file>emif.obj</file>
         <name>emif.obj</name>
      </input_file>
      <input_file id="fl-31">
         <path>.\SDK\driverlib\</path>
         <kind>object</kind>
         <file>epwm.obj</file>
         <name>epwm.obj</name>
      </input_file>
      <input_file id="fl-32">
         <path>.\SDK\driverlib\</path>
         <kind>object</kind>
         <file>eqep.obj</file>
         <name>eqep.obj</name>
      </input_file>
      <input_file id="fl-33">
         <path>.\SDK\driverlib\</path>
         <kind>object</kind>
         <file>erad.obj</file>
         <name>erad.obj</name>
      </input_file>
      <input_file id="fl-34">
         <path>.\SDK\driverlib\</path>
         <kind>object</kind>
         <file>escss.obj</file>
         <name>escss.obj</name>
      </input_file>
      <input_file id="fl-35">
         <path>.\SDK\driverlib\</path>
         <kind>object</kind>
         <file>flash.obj</file>
         <name>flash.obj</name>
      </input_file>
      <input_file id="fl-36">
         <path>.\SDK\driverlib\</path>
         <kind>object</kind>
         <file>fsi.obj</file>
         <name>fsi.obj</name>
      </input_file>
      <input_file id="fl-37">
         <path>.\SDK\driverlib\</path>
         <kind>object</kind>
         <file>gpio.obj</file>
         <name>gpio.obj</name>
      </input_file>
      <input_file id="fl-38">
         <path>.\SDK\driverlib\</path>
         <kind>object</kind>
         <file>hrcap.obj</file>
         <name>hrcap.obj</name>
      </input_file>
      <input_file id="fl-39">
         <path>.\SDK\driverlib\</path>
         <kind>object</kind>
         <file>hrpwm.obj</file>
         <name>hrpwm.obj</name>
      </input_file>
      <input_file id="fl-3a">
         <path>.\SDK\driverlib\</path>
         <kind>object</kind>
         <file>i2c.obj</file>
         <name>i2c.obj</name>
      </input_file>
      <input_file id="fl-3b">
         <path>.\SDK\driverlib\</path>
         <kind>object</kind>
         <file>interrupt.obj</file>
         <name>interrupt.obj</name>
      </input_file>
      <input_file id="fl-3c">
         <path>.\SDK\driverlib\</path>
         <kind>object</kind>
         <file>ipc.obj</file>
         <name>ipc.obj</name>
      </input_file>
      <input_file id="fl-3d">
         <path>.\SDK\driverlib\</path>
         <kind>object</kind>
         <file>mcbsp.obj</file>
         <name>mcbsp.obj</name>
      </input_file>
      <input_file id="fl-3e">
         <path>.\SDK\driverlib\</path>
         <kind>object</kind>
         <file>memcfg.obj</file>
         <name>memcfg.obj</name>
      </input_file>
      <input_file id="fl-3f">
         <path>.\SDK\driverlib\</path>
         <kind>object</kind>
         <file>sci.obj</file>
         <name>sci.obj</name>
      </input_file>
      <input_file id="fl-40">
         <path>.\SDK\driverlib\</path>
         <kind>object</kind>
         <file>sdfm.obj</file>
         <name>sdfm.obj</name>
      </input_file>
      <input_file id="fl-41">
         <path>.\SDK\driverlib\</path>
         <kind>object</kind>
         <file>spi.obj</file>
         <name>spi.obj</name>
      </input_file>
      <input_file id="fl-42">
         <path>.\SDK\driverlib\</path>
         <kind>object</kind>
         <file>sysctl.obj</file>
         <name>sysctl.obj</name>
      </input_file>
      <input_file id="fl-43">
         <path>.\SDK\driverlib\</path>
         <kind>object</kind>
         <file>usb.obj</file>
         <name>usb.obj</name>
      </input_file>
      <input_file id="fl-44">
         <path>.\SDK\driverlib\</path>
         <kind>object</kind>
         <file>version.obj</file>
         <name>version.obj</name>
      </input_file>
      <input_file id="fl-45">
         <path>.\SDK\driverlib\</path>
         <kind>object</kind>
         <file>xbar.obj</file>
         <name>xbar.obj</name>
      </input_file>
      <input_file id="fl-46">
         <path>.\SDK\headers\source\</path>
         <kind>object</kind>
         <file>f2838x_globalvariabledefs.obj</file>
         <name>f2838x_globalvariabledefs.obj</name>
      </input_file>
      <input_file id="fl-4b">
         <kind>object</kind>
         <file>&lt;internal&gt;</file>
         <name>&lt;internal&gt;</name>
      </input_file>
      <input_file id="fl-57">
         <path>C:\ti\ccs1270\ccs\tools\compiler\ti-cgt-c2000_22.6.1.LTS\lib\</path>
         <kind>archive</kind>
         <file>rts2800_fpu64_eabi.lib</file>
         <name>s_ceil.c.obj</name>
      </input_file>
      <input_file id="fl-58">
         <path>C:\ti\ccs1270\ccs\tools\compiler\ti-cgt-c2000_22.6.1.LTS\lib\</path>
         <kind>archive</kind>
         <file>rts2800_fpu64_eabi.lib</file>
         <name>boot28.asm.obj</name>
      </input_file>
      <input_file id="fl-59">
         <path>C:\ti\ccs1270\ccs\tools\compiler\ti-cgt-c2000_22.6.1.LTS\lib\</path>
         <kind>archive</kind>
         <file>rts2800_fpu64_eabi.lib</file>
         <name>ll_aox28.asm.obj</name>
      </input_file>
      <input_file id="fl-5a">
         <path>C:\ti\ccs1270\ccs\tools\compiler\ti-cgt-c2000_22.6.1.LTS\lib\</path>
         <kind>archive</kind>
         <file>rts2800_fpu64_eabi.lib</file>
         <name>ll_cmp28.asm.obj</name>
      </input_file>
      <input_file id="fl-5b">
         <path>C:\ti\ccs1270\ccs\tools\compiler\ti-cgt-c2000_22.6.1.LTS\lib\</path>
         <kind>archive</kind>
         <file>rts2800_fpu64_eabi.lib</file>
         <name>memcpy.c.obj</name>
      </input_file>
      <input_file id="fl-5c">
         <path>C:\ti\ccs1270\ccs\tools\compiler\ti-cgt-c2000_22.6.1.LTS\lib\</path>
         <kind>archive</kind>
         <file>rts2800_fpu64_eabi.lib</file>
         <name>pre_init.c.obj</name>
      </input_file>
      <input_file id="fl-5d">
         <path>C:\ti\ccs1270\ccs\tools\compiler\ti-cgt-c2000_22.6.1.LTS\lib\</path>
         <kind>archive</kind>
         <file>rts2800_fpu64_eabi.lib</file>
         <name>autoinit.c.obj</name>
      </input_file>
      <input_file id="fl-5e">
         <path>C:\ti\ccs1270\ccs\tools\compiler\ti-cgt-c2000_22.6.1.LTS\lib\</path>
         <kind>archive</kind>
         <file>rts2800_fpu64_eabi.lib</file>
         <name>copy_zero_init.c.obj</name>
      </input_file>
      <input_file id="fl-5f">
         <path>C:\ti\ccs1270\ccs\tools\compiler\ti-cgt-c2000_22.6.1.LTS\lib\</path>
         <kind>archive</kind>
         <file>rts2800_fpu64_eabi.lib</file>
         <name>copy_decompress_none.c.obj</name>
      </input_file>
      <input_file id="fl-60">
         <path>C:\ti\ccs1270\ccs\tools\compiler\ti-cgt-c2000_22.6.1.LTS\lib\</path>
         <kind>archive</kind>
         <file>rts2800_fpu64_eabi.lib</file>
         <name>copy_decompress_lzss.c.obj</name>
      </input_file>
      <input_file id="fl-61">
         <path>C:\ti\ccs1270\ccs\tools\compiler\ti-cgt-c2000_22.6.1.LTS\lib\</path>
         <kind>archive</kind>
         <file>rts2800_fpu64_eabi.lib</file>
         <name>exit.c.obj</name>
      </input_file>
      <input_file id="fl-62">
         <path>C:\ti\ccs1270\ccs\tools\compiler\ti-cgt-c2000_22.6.1.LTS\lib\</path>
         <kind>archive</kind>
         <file>rts2800_fpu64_eabi.lib</file>
         <name>_lock.c.obj</name>
      </input_file>
      <input_file id="fl-63">
         <path>C:\ti\ccs1270\ccs\tools\compiler\ti-cgt-c2000_22.6.1.LTS\lib\</path>
         <kind>archive</kind>
         <file>rts2800_fpu64_eabi.lib</file>
         <name>args_main.c.obj</name>
      </input_file>
      <input_file id="fl-64">
         <path>C:\ti\ccs1270\ccs\tools\compiler\ti-cgt-c2000_22.6.1.LTS\lib\</path>
         <kind>archive</kind>
         <file>rts2800_fpu64_eabi.lib</file>
         <name>memset.c.obj</name>
      </input_file>
      <input_file id="fl-65">
         <path>C:\ti\ccs1270\ccs\tools\compiler\ti-cgt-c2000_22.6.1.LTS\lib\</path>
         <kind>archive</kind>
         <file>rts2800_fpu64_eabi.lib</file>
         <name>cpy_tbl.c.obj</name>
      </input_file>
      <input_file id="fl-66">
         <path>C:\ti\ccs1270\ccs\tools\compiler\ti-cgt-c2000_22.6.1.LTS\lib\</path>
         <kind>archive</kind>
         <file>rts2800_fpu64_eabi.lib</file>
         <name>startup.c.obj</name>
      </input_file>
   </input_file_list>
   <object_component_list>
      <object_component id="oc-12c">
         <name>codestart</name>
         <load_address>0x80000</load_address>
         <run_address>0x80000</run_address>
         <size>0x2</size>
         <input_file_ref idref="fl-10"/>
      </object_component>
      <object_component id="oc-9fc">
         <name>.text:initGpioDoutLed</name>
         <load_address>0x820c8</load_address>
         <run_address>0x820c8</run_address>
         <size>0x1e1</size>
         <input_file_ref idref="fl-6"/>
      </object_component>
      <object_component id="oc-9bc">
         <name>.text:setLedEnable</name>
         <load_address>0x822a9</load_address>
         <run_address>0x822a9</run_address>
         <size>0x1b8</size>
         <input_file_ref idref="fl-6"/>
      </object_component>
      <object_component id="oc-9db">
         <name>.text:SysCtl_isPLLValid</name>
         <load_address>0x82461</load_address>
         <run_address>0x82461</run_address>
         <size>0x199</size>
         <input_file_ref idref="fl-42"/>
      </object_component>
      <object_component id="oc-932">
         <name>.text:sendDceMessage1</name>
         <load_address>0x825fa</load_address>
         <run_address>0x825fa</run_address>
         <size>0x186</size>
         <input_file_ref idref="fl-3"/>
      </object_component>
      <object_component id="oc-96c">
         <name>.text:Device_enableAllPeripherals</name>
         <load_address>0x82780</load_address>
         <run_address>0x82780</run_address>
         <size>0x167</size>
         <input_file_ref idref="fl-e"/>
      </object_component>
      <object_component id="oc-960">
         <name>.text:SysCtl_setClock</name>
         <load_address>0x828e7</load_address>
         <run_address>0x828e7</run_address>
         <size>0x124</size>
         <input_file_ref idref="fl-42"/>
      </object_component>
      <object_component id="oc-9b6">
         <name>.text:runLedToggle</name>
         <load_address>0x82a0b</load_address>
         <run_address>0x82a0b</run_address>
         <size>0x116</size>
         <input_file_ref idref="fl-6"/>
      </object_component>
      <object_component id="oc-966">
         <name>.text:SysCtl_setAuxClock</name>
         <load_address>0x82b21</load_address>
         <run_address>0x82b21</run_address>
         <size>0xec</size>
         <input_file_ref idref="fl-42"/>
      </object_component>
      <object_component id="oc-9ce">
         <name>.text:DCC_verifyClockFrequency</name>
         <load_address>0x82c0d</load_address>
         <run_address>0x82c0d</run_address>
         <size>0xbb</size>
         <input_file_ref idref="fl-2c"/>
      </object_component>
      <object_component id="oc-fc">
         <name>.text:isrScib_DCE</name>
         <load_address>0x82cc8</load_address>
         <run_address>0x82cc8</run_address>
         <size>0xad</size>
         <input_file_ref idref="fl-a"/>
      </object_component>
      <object_component id="oc-92c">
         <name>.text:probeSwitchStatus</name>
         <load_address>0x82d75</load_address>
         <run_address>0x82d75</run_address>
         <size>0xad</size>
         <input_file_ref idref="fl-7"/>
      </object_component>
      <object_component id="oc-100">
         <name>.text:initScib_DCE</name>
         <load_address>0x82e22</load_address>
         <run_address>0x82e22</run_address>
         <size>0xac</size>
         <input_file_ref idref="fl-a"/>
      </object_component>
      <object_component id="oc-f4">
         <name>.text:initScic_INCL</name>
         <load_address>0x82ece</load_address>
         <run_address>0x82ece</run_address>
         <size>0xab</size>
         <input_file_ref idref="fl-a"/>
      </object_component>
      <object_component id="oc-f0">
         <name>.text:isrScic_INCL</name>
         <load_address>0x82f79</load_address>
         <run_address>0x82f79</run_address>
         <size>0xa6</size>
         <input_file_ref idref="fl-a"/>
      </object_component>
      <object_component id="oc-6ef">
         <name>.text:GPIO_SetupPinOptions</name>
         <load_address>0x8301f</load_address>
         <run_address>0x8301f</run_address>
         <size>0x84</size>
         <input_file_ref idref="fl-1b"/>
      </object_component>
      <object_component id="oc-125">
         <name>.text:easyDSP_SCI_Init</name>
         <load_address>0x830a3</load_address>
         <run_address>0x830a3</run_address>
         <size>0x7d</size>
         <input_file_ref idref="fl-d"/>
      </object_component>
      <object_component id="oc-9f5">
         <name>.text:initGpioDinSwitch</name>
         <load_address>0x83120</load_address>
         <run_address>0x83120</run_address>
         <size>0x7a</size>
         <input_file_ref idref="fl-7"/>
      </object_component>
      <object_component id="oc-892">
         <name>.text:Interrupt_clearIFR</name>
         <load_address>0x8319a</load_address>
         <run_address>0x8319a</run_address>
         <size>0x74</size>
         <input_file_ref idref="fl-3b"/>
      </object_component>
      <object_component id="oc-a03">
         <name>.text:InitSpib</name>
         <load_address>0x8320e</load_address>
         <run_address>0x8320e</run_address>
         <size>0x72</size>
         <input_file_ref idref="fl-b"/>
      </object_component>
      <object_component id="oc-6a8">
         <name>.text:recvDceMessage</name>
         <load_address>0x83280</load_address>
         <run_address>0x83280</run_address>
         <size>0x71</size>
         <input_file_ref idref="fl-3"/>
      </object_component>
      <object_component id="oc-109">
         <name>.text:Initial_TIMER</name>
         <load_address>0x832f1</load_address>
         <run_address>0x832f1</run_address>
         <size>0x67</size>
         <input_file_ref idref="fl-c"/>
      </object_component>
      <object_component id="oc-a48">
         <name>.text:SysCtl_pollX1Counter</name>
         <load_address>0x83358</load_address>
         <run_address>0x83358</run_address>
         <size>0x66</size>
         <input_file_ref idref="fl-42"/>
      </object_component>
      <object_component id="oc-9a4">
         <name>.text:ChatterSwitch</name>
         <load_address>0x833be</load_address>
         <run_address>0x833be</run_address>
         <size>0x61</size>
         <input_file_ref idref="fl-7"/>
      </object_component>
      <object_component id="oc-994">
         <name>.text:Initial_LED</name>
         <load_address>0x8341f</load_address>
         <run_address>0x8341f</run_address>
         <size>0x59</size>
         <input_file_ref idref="fl-6"/>
      </object_component>
      <object_component id="oc-6e9">
         <name>.text:GPIO_SetupPinMux</name>
         <load_address>0x83478</load_address>
         <run_address>0x83478</run_address>
         <size>0x54</size>
         <input_file_ref idref="fl-1b"/>
      </object_component>
      <object_component id="oc-9e3">
         <name>.text:SysCtl_selectOscSourceAuxPLL</name>
         <load_address>0x834cc</load_address>
         <run_address>0x834cc</run_address>
         <size>0x50</size>
         <input_file_ref idref="fl-42"/>
      </object_component>
      <object_component id="oc-911">
         <name>.text:Device_init</name>
         <load_address>0x8351c</load_address>
         <run_address>0x8351c</run_address>
         <size>0x4e</size>
         <input_file_ref idref="fl-e"/>
      </object_component>
      <object_component id="oc-6b3">
         <name>.text:initCPUTimers</name>
         <load_address>0x8356a</load_address>
         <run_address>0x8356a</run_address>
         <size>0x4b</size>
         <input_file_ref idref="fl-c"/>
      </object_component>
      <object_component id="oc-7d6">
         <name>.text:Interrupt_disable</name>
         <load_address>0x835b5</load_address>
         <run_address>0x835b5</run_address>
         <size>0x4a</size>
         <input_file_ref idref="fl-3b"/>
      </object_component>
      <object_component id="oc-a3d">
         <name>.text:SysCtl_selectXTAL</name>
         <load_address>0x835ff</load_address>
         <run_address>0x835ff</run_address>
         <size>0x42</size>
         <input_file_ref idref="fl-42"/>
      </object_component>
      <object_component id="oc-11a">
         <name>.text:isr_CpuTimer0</name>
         <load_address>0x83641</load_address>
         <run_address>0x83641</run_address>
         <size>0x42</size>
         <input_file_ref idref="fl-c"/>
      </object_component>
      <object_component id="oc-91d">
         <name>.text:Interrupt_initModule</name>
         <load_address>0x83683</load_address>
         <run_address>0x83683</run_address>
         <size>0x41</size>
         <input_file_ref idref="fl-3b"/>
      </object_component>
      <object_component id="oc-683">
         <name>.text:GPIO_setPadConfig</name>
         <load_address>0x836c4</load_address>
         <run_address>0x836c4</run_address>
         <size>0x3f</size>
         <input_file_ref idref="fl-37"/>
      </object_component>
      <object_component id="oc-68f">
         <name>.text:Interrupt_enable</name>
         <load_address>0x83703</load_address>
         <run_address>0x83703</run_address>
         <size>0x36</size>
         <input_file_ref idref="fl-3b"/>
      </object_component>
      <object_component id="oc-980">
         <name>.text:Init_GpioDout</name>
         <load_address>0x83739</load_address>
         <run_address>0x83739</run_address>
         <size>0x35</size>
         <input_file_ref idref="fl-9"/>
      </object_component>
      <object_component id="oc-677">
         <name>.text:GPIO_setPinConfig</name>
         <load_address>0x8376e</load_address>
         <run_address>0x8376e</run_address>
         <size>0x30</size>
         <input_file_ref idref="fl-37"/>
      </object_component>
      <object_component id="oc-d8">
         <name>.text:decompress:lzss</name>
         <load_address>0x8379e</load_address>
         <run_address>0x8379e</run_address>
         <size>0x30</size>
         <input_file_ref idref="fl-60"/>
      </object_component>
      <object_component id="oc-855">
         <name>.text:dequeueSci</name>
         <load_address>0x837ce</load_address>
         <run_address>0x837ce</run_address>
         <size>0x2c</size>
         <input_file_ref idref="fl-a"/>
      </object_component>
      <object_component id="oc-695">
         <name>.text:SCI_setConfig</name>
         <load_address>0x837fa</load_address>
         <run_address>0x837fa</run_address>
         <size>0x2b</size>
         <input_file_ref idref="fl-3f"/>
      </object_component>
      <object_component id="oc-7f1">
         <name>.text:__TI_auto_init_nobinit_nopinit</name>
         <load_address>0x83825</load_address>
         <run_address>0x83825</run_address>
         <size>0x2b</size>
         <input_file_ref idref="fl-5d"/>
      </object_component>
      <object_component id="oc-6b9">
         <name>.text:configCPUTimer</name>
         <load_address>0x83850</load_address>
         <run_address>0x83850</run_address>
         <size>0x29</size>
         <input_file_ref idref="fl-c"/>
      </object_component>
      <object_component id="oc-a21">
         <name>.text:enqueueSci</name>
         <load_address>0x83879</load_address>
         <run_address>0x83879</run_address>
         <size>0x29</size>
         <input_file_ref idref="fl-a"/>
      </object_component>
      <object_component id="oc-659">
         <name>.text</name>
         <load_address>0x838a2</load_address>
         <run_address>0x838a2</run_address>
         <size>0x29</size>
         <input_file_ref idref="fl-61"/>
      </object_component>
      <object_component id="oc-6c3">
         <name>.text:sendScib_DCE</name>
         <load_address>0x838cb</load_address>
         <run_address>0x838cb</run_address>
         <size>0x28</size>
         <input_file_ref idref="fl-a"/>
      </object_component>
      <object_component id="oc-6c9">
         <name>.text:sendScic_INCL</name>
         <load_address>0x838f3</load_address>
         <run_address>0x838f3</run_address>
         <size>0x28</size>
         <input_file_ref idref="fl-a"/>
      </object_component>
      <object_component id="oc-a58">
         <name>.text:SPI_setConfig</name>
         <load_address>0x8391b</load_address>
         <run_address>0x8391b</run_address>
         <size>0x26</size>
         <input_file_ref idref="fl-41"/>
      </object_component>
      <object_component id="oc-9d5">
         <name>.text:SysCtl_selectOscSource</name>
         <load_address>0x83941</load_address>
         <run_address>0x83941</run_address>
         <size>0x26</size>
         <input_file_ref idref="fl-42"/>
      </object_component>
      <object_component id="oc-821">
         <name>.text:main</name>
         <load_address>0x83967</load_address>
         <run_address>0x83967</run_address>
         <size>0x26</size>
         <input_file_ref idref="fl-2"/>
      </object_component>
      <object_component id="oc-671">
         <name>.text:GPIO_setControllerCore</name>
         <load_address>0x8398d</load_address>
         <run_address>0x8398d</run_address>
         <size>0x22</size>
         <input_file_ref idref="fl-37"/>
      </object_component>
      <object_component id="oc-689">
         <name>.text:GPIO_setQualificationMode</name>
         <load_address>0x839af</load_address>
         <run_address>0x839af</run_address>
         <size>0x22</size>
         <input_file_ref idref="fl-37"/>
      </object_component>
      <object_component id="oc-85b">
         <name>.text:SCI_writeCharArray</name>
         <load_address>0x839d1</load_address>
         <run_address>0x839d1</run_address>
         <size>0x22</size>
         <input_file_ref idref="fl-3f"/>
      </object_component>
      <object_component id="oc-a37">
         <name>.text:SysCtl_selectXTALSingleEnded</name>
         <load_address>0x839f3</load_address>
         <run_address>0x839f3</run_address>
         <size>0x22</size>
         <input_file_ref idref="fl-42"/>
      </object_component>
      <object_component id="oc-67d">
         <name>.text:GPIO_setDirectionMode</name>
         <load_address>0x83a15</load_address>
         <run_address>0x83a15</run_address>
         <size>0x20</size>
         <input_file_ref idref="fl-37"/>
      </object_component>
      <object_component id="oc-660">
         <name>.text:SCI_readCharArray</name>
         <load_address>0x83a35</load_address>
         <run_address>0x83a35</run_address>
         <size>0x20</size>
         <input_file_ref idref="fl-3f"/>
      </object_component>
      <object_component id="oc-939">
         <name>.text:updateLedState</name>
         <load_address>0x83a55</load_address>
         <run_address>0x83a55</run_address>
         <size>0x20</size>
         <input_file_ref idref="fl-6"/>
      </object_component>
      <object_component id="oc-972">
         <name>.text:Device_initGPIO</name>
         <load_address>0x83a75</load_address>
         <run_address>0x83a75</run_address>
         <size>0x1e</size>
         <input_file_ref idref="fl-e"/>
      </object_component>
      <object_component id="oc-6d9">
         <name>.text</name>
         <load_address>0x83a93</load_address>
         <run_address>0x83a93</run_address>
         <size>0x1e</size>
         <input_file_ref idref="fl-5a"/>
      </object_component>
      <object_component id="oc-a09">
         <name>.text:InitSpib_Display</name>
         <load_address>0x83ab1</load_address>
         <run_address>0x83ab1</run_address>
         <size>0x1</size>
         <input_file_ref idref="fl-4"/>
      </object_component>
      <object_component id="oc-61c">
         <name>.text:Interrupt_initVectorTable</name>
         <load_address>0x83ab2</load_address>
         <run_address>0x83ab2</run_address>
         <size>0x1d</size>
         <input_file_ref idref="fl-3b"/>
      </object_component>
      <object_component id="oc-638">
         <name>.text</name>
         <load_address>0x83acf</load_address>
         <run_address>0x83acf</run_address>
         <size>0x1d</size>
         <input_file_ref idref="fl-5b"/>
      </object_component>
      <object_component id="oc-95a">
         <name>.text:Device_verifyXTAL</name>
         <load_address>0x83aec</load_address>
         <run_address>0x83aec</run_address>
         <size>0x1c</size>
         <input_file_ref idref="fl-e"/>
      </object_component>
      <object_component id="oc-62f">
         <name>.text:IPC_unregisterInterrupt</name>
         <load_address>0x83b08</load_address>
         <run_address>0x83b08</run_address>
         <size>0x1c</size>
         <input_file_ref idref="fl-3c"/>
      </object_component>
      <object_component id="oc-669">
         <name>.text:SCI_clearInterruptStatus</name>
         <load_address>0x83b24</load_address>
         <run_address>0x83b24</run_address>
         <size>0x1c</size>
         <input_file_ref idref="fl-3f"/>
      </object_component>
      <object_component id="oc-6a1">
         <name>.text:SCI_disableInterrupt</name>
         <load_address>0x83b40</load_address>
         <run_address>0x83b40</run_address>
         <size>0x1a</size>
         <input_file_ref idref="fl-3f"/>
      </object_component>
      <object_component id="oc-69b">
         <name>.text:SCI_enableInterrupt</name>
         <load_address>0x83b5a</load_address>
         <run_address>0x83b5a</run_address>
         <size>0x1a</size>
         <input_file_ref idref="fl-3f"/>
      </object_component>
      <object_component id="oc-9c8">
         <name>.text:SysCtl_enablePeripheral</name>
         <load_address>0x83b74</load_address>
         <run_address>0x83b74</run_address>
         <size>0x19</size>
         <input_file_ref idref="fl-e"/>
      </object_component>
      <object_component id="oc-e5">
         <name>.text</name>
         <load_address>0x83b8d</load_address>
         <run_address>0x83b8d</run_address>
         <size>0x19</size>
         <input_file_ref idref="fl-58"/>
      </object_component>
      <object_component id="oc-98e">
         <name>.text:Initial_SCI</name>
         <load_address>0x83ba6</load_address>
         <run_address>0x83ba6</run_address>
         <size>0x17</size>
         <input_file_ref idref="fl-a"/>
      </object_component>
      <object_component id="oc-114">
         <name>.text:isr_CpuTimer1</name>
         <load_address>0x83bbd</load_address>
         <run_address>0x83bbd</run_address>
         <size>0x16</size>
         <input_file_ref idref="fl-c"/>
      </object_component>
      <object_component id="oc-108">
         <name>.text:isr_CpuTimer2</name>
         <load_address>0x83bd3</load_address>
         <run_address>0x83bd3</run_address>
         <size>0x15</size>
         <input_file_ref idref="fl-c"/>
      </object_component>
      <object_component id="oc-a4f">
         <name>.text:Device_enableUnbondedGPIOPullupsFor176Pin</name>
         <load_address>0x83be8</load_address>
         <run_address>0x83be8</run_address>
         <size>0x13</size>
         <input_file_ref idref="fl-e"/>
      </object_component>
      <object_component id="oc-9ac">
         <name>.text:xmtScib_DCE</name>
         <load_address>0x83bfb</load_address>
         <run_address>0x83bfb</run_address>
         <size>0xf</size>
         <input_file_ref idref="fl-a"/>
      </object_component>
      <object_component id="oc-8bc">
         <name>.text:DSP_Initialization</name>
         <load_address>0x83c0a</load_address>
         <run_address>0x83c0a</run_address>
         <size>0xe</size>
         <input_file_ref idref="fl-9"/>
      </object_component>
      <object_component id="oc-a12">
         <name>.text:setLedToggle</name>
         <load_address>0x83c18</load_address>
         <run_address>0x83c18</run_address>
         <size>0xe</size>
         <input_file_ref idref="fl-6"/>
      </object_component>
      <object_component id="oc-443">
         <name>.text:EMPTY_ISR</name>
         <load_address>0x83c26</load_address>
         <run_address>0x83c26</run_address>
         <size>0xd</size>
         <input_file_ref idref="fl-15"/>
      </object_component>
      <object_component id="oc-629">
         <name>.text:Interrupt_defaultHandler</name>
         <load_address>0x83c33</load_address>
         <run_address>0x83c33</run_address>
         <size>0xc</size>
         <input_file_ref idref="fl-3b"/>
      </object_component>
      <object_component id="oc-653">
         <name>.text</name>
         <load_address>0x83c3f</load_address>
         <run_address>0x83c3f</run_address>
         <size>0xc</size>
         <input_file_ref idref="fl-63"/>
      </object_component>
      <object_component id="oc-9eb">
         <name>.text:Device_enableUnbondedGPIOPullups</name>
         <load_address>0x83c4b</load_address>
         <run_address>0x83c4b</run_address>
         <size>0xb</size>
         <input_file_ref idref="fl-e"/>
      </object_component>
      <object_component id="oc-923">
         <name>.text:InitialPeripherals</name>
         <load_address>0x83c56</load_address>
         <run_address>0x83c56</run_address>
         <size>0xb</size>
         <input_file_ref idref="fl-9"/>
      </object_component>
      <object_component id="oc-611">
         <name>.text:ADCA1_ISR</name>
         <load_address>0x83c61</load_address>
         <run_address>0x83c61</run_address>
         <size>0xa</size>
         <input_file_ref idref="fl-15"/>
      </object_component>
      <object_component id="oc-60b">
         <name>.text:ADCA2_ISR</name>
         <load_address>0x83c6b</load_address>
         <run_address>0x83c6b</run_address>
         <size>0xa</size>
         <input_file_ref idref="fl-15"/>
      </object_component>
      <object_component id="oc-605">
         <name>.text:ADCA3_ISR</name>
         <load_address>0x83c75</load_address>
         <run_address>0x83c75</run_address>
         <size>0xa</size>
         <input_file_ref idref="fl-15"/>
      </object_component>
      <object_component id="oc-5ff">
         <name>.text:ADCA4_ISR</name>
         <load_address>0x83c7f</load_address>
         <run_address>0x83c7f</run_address>
         <size>0xa</size>
         <input_file_ref idref="fl-15"/>
      </object_component>
      <object_component id="oc-5f9">
         <name>.text:ADCA_EVT_ISR</name>
         <load_address>0x83c89</load_address>
         <run_address>0x83c89</run_address>
         <size>0xa</size>
         <input_file_ref idref="fl-15"/>
      </object_component>
      <object_component id="oc-5f3">
         <name>.text:ADCB1_ISR</name>
         <load_address>0x83c93</load_address>
         <run_address>0x83c93</run_address>
         <size>0xa</size>
         <input_file_ref idref="fl-15"/>
      </object_component>
      <object_component id="oc-5ed">
         <name>.text:ADCB2_ISR</name>
         <load_address>0x83c9d</load_address>
         <run_address>0x83c9d</run_address>
         <size>0xa</size>
         <input_file_ref idref="fl-15"/>
      </object_component>
      <object_component id="oc-5e7">
         <name>.text:ADCB3_ISR</name>
         <load_address>0x83ca7</load_address>
         <run_address>0x83ca7</run_address>
         <size>0xa</size>
         <input_file_ref idref="fl-15"/>
      </object_component>
      <object_component id="oc-5e1">
         <name>.text:ADCB4_ISR</name>
         <load_address>0x83cb1</load_address>
         <run_address>0x83cb1</run_address>
         <size>0xa</size>
         <input_file_ref idref="fl-15"/>
      </object_component>
      <object_component id="oc-5db">
         <name>.text:ADCB_EVT_ISR</name>
         <load_address>0x83cbb</load_address>
         <run_address>0x83cbb</run_address>
         <size>0xa</size>
         <input_file_ref idref="fl-15"/>
      </object_component>
      <object_component id="oc-5d5">
         <name>.text:ADCC1_ISR</name>
         <load_address>0x83cc5</load_address>
         <run_address>0x83cc5</run_address>
         <size>0xa</size>
         <input_file_ref idref="fl-15"/>
      </object_component>
      <object_component id="oc-5cf">
         <name>.text:ADCC2_ISR</name>
         <load_address>0x83ccf</load_address>
         <run_address>0x83ccf</run_address>
         <size>0xa</size>
         <input_file_ref idref="fl-15"/>
      </object_component>
      <object_component id="oc-5c9">
         <name>.text:ADCC3_ISR</name>
         <load_address>0x83cd9</load_address>
         <run_address>0x83cd9</run_address>
         <size>0xa</size>
         <input_file_ref idref="fl-15"/>
      </object_component>
      <object_component id="oc-5c3">
         <name>.text:ADCC4_ISR</name>
         <load_address>0x83ce3</load_address>
         <run_address>0x83ce3</run_address>
         <size>0xa</size>
         <input_file_ref idref="fl-15"/>
      </object_component>
      <object_component id="oc-5bd">
         <name>.text:ADCC_EVT_ISR</name>
         <load_address>0x83ced</load_address>
         <run_address>0x83ced</run_address>
         <size>0xa</size>
         <input_file_ref idref="fl-15"/>
      </object_component>
      <object_component id="oc-5b7">
         <name>.text:ADCD1_ISR</name>
         <load_address>0x83cf7</load_address>
         <run_address>0x83cf7</run_address>
         <size>0xa</size>
         <input_file_ref idref="fl-15"/>
      </object_component>
      <object_component id="oc-5b1">
         <name>.text:ADCD2_ISR</name>
         <load_address>0x83d01</load_address>
         <run_address>0x83d01</run_address>
         <size>0xa</size>
         <input_file_ref idref="fl-15"/>
      </object_component>
      <object_component id="oc-5ab">
         <name>.text:ADCD3_ISR</name>
         <load_address>0x83d0b</load_address>
         <run_address>0x83d0b</run_address>
         <size>0xa</size>
         <input_file_ref idref="fl-15"/>
      </object_component>
      <object_component id="oc-5a5">
         <name>.text:ADCD4_ISR</name>
         <load_address>0x83d15</load_address>
         <run_address>0x83d15</run_address>
         <size>0xa</size>
         <input_file_ref idref="fl-15"/>
      </object_component>
      <object_component id="oc-59f">
         <name>.text:ADCD_EVT_ISR</name>
         <load_address>0x83d1f</load_address>
         <run_address>0x83d1f</run_address>
         <size>0xa</size>
         <input_file_ref idref="fl-15"/>
      </object_component>
      <object_component id="oc-599">
         <name>.text:CANA0_ISR</name>
         <load_address>0x83d29</load_address>
         <run_address>0x83d29</run_address>
         <size>0xa</size>
         <input_file_ref idref="fl-15"/>
      </object_component>
      <object_component id="oc-593">
         <name>.text:CANA1_ISR</name>
         <load_address>0x83d33</load_address>
         <run_address>0x83d33</run_address>
         <size>0xa</size>
         <input_file_ref idref="fl-15"/>
      </object_component>
      <object_component id="oc-58d">
         <name>.text:CANB0_ISR</name>
         <load_address>0x83d3d</load_address>
         <run_address>0x83d3d</run_address>
         <size>0xa</size>
         <input_file_ref idref="fl-15"/>
      </object_component>
      <object_component id="oc-587">
         <name>.text:CANB1_ISR</name>
         <load_address>0x83d47</load_address>
         <run_address>0x83d47</run_address>
         <size>0xa</size>
         <input_file_ref idref="fl-15"/>
      </object_component>
      <object_component id="oc-581">
         <name>.text:CIPC0_ISR</name>
         <load_address>0x83d51</load_address>
         <run_address>0x83d51</run_address>
         <size>0xa</size>
         <input_file_ref idref="fl-15"/>
      </object_component>
      <object_component id="oc-57b">
         <name>.text:CIPC1_ISR</name>
         <load_address>0x83d5b</load_address>
         <run_address>0x83d5b</run_address>
         <size>0xa</size>
         <input_file_ref idref="fl-15"/>
      </object_component>
      <object_component id="oc-575">
         <name>.text:CIPC2_ISR</name>
         <load_address>0x83d65</load_address>
         <run_address>0x83d65</run_address>
         <size>0xa</size>
         <input_file_ref idref="fl-15"/>
      </object_component>
      <object_component id="oc-56f">
         <name>.text:CIPC3_ISR</name>
         <load_address>0x83d6f</load_address>
         <run_address>0x83d6f</run_address>
         <size>0xa</size>
         <input_file_ref idref="fl-15"/>
      </object_component>
      <object_component id="oc-569">
         <name>.text:CLA1CRC_ISR</name>
         <load_address>0x83d79</load_address>
         <run_address>0x83d79</run_address>
         <size>0xa</size>
         <input_file_ref idref="fl-15"/>
      </object_component>
      <object_component id="oc-563">
         <name>.text:CLA1_1_ISR</name>
         <load_address>0x83d83</load_address>
         <run_address>0x83d83</run_address>
         <size>0xa</size>
         <input_file_ref idref="fl-15"/>
      </object_component>
      <object_component id="oc-55d">
         <name>.text:CLA1_2_ISR</name>
         <load_address>0x83d8d</load_address>
         <run_address>0x83d8d</run_address>
         <size>0xa</size>
         <input_file_ref idref="fl-15"/>
      </object_component>
      <object_component id="oc-557">
         <name>.text:CLA1_3_ISR</name>
         <load_address>0x83d97</load_address>
         <run_address>0x83d97</run_address>
         <size>0xa</size>
         <input_file_ref idref="fl-15"/>
      </object_component>
      <object_component id="oc-551">
         <name>.text:CLA1_4_ISR</name>
         <load_address>0x83da1</load_address>
         <run_address>0x83da1</run_address>
         <size>0xa</size>
         <input_file_ref idref="fl-15"/>
      </object_component>
      <object_component id="oc-54b">
         <name>.text:CLA1_5_ISR</name>
         <load_address>0x83dab</load_address>
         <run_address>0x83dab</run_address>
         <size>0xa</size>
         <input_file_ref idref="fl-15"/>
      </object_component>
      <object_component id="oc-545">
         <name>.text:CLA1_6_ISR</name>
         <load_address>0x83db5</load_address>
         <run_address>0x83db5</run_address>
         <size>0xa</size>
         <input_file_ref idref="fl-15"/>
      </object_component>
      <object_component id="oc-53f">
         <name>.text:CLA1_7_ISR</name>
         <load_address>0x83dbf</load_address>
         <run_address>0x83dbf</run_address>
         <size>0xa</size>
         <input_file_ref idref="fl-15"/>
      </object_component>
      <object_component id="oc-539">
         <name>.text:CLA1_8_ISR</name>
         <load_address>0x83dc9</load_address>
         <run_address>0x83dc9</run_address>
         <size>0xa</size>
         <input_file_ref idref="fl-15"/>
      </object_component>
      <object_component id="oc-533">
         <name>.text:CLA_OVERFLOW_ISR</name>
         <load_address>0x83dd3</load_address>
         <run_address>0x83dd3</run_address>
         <size>0xa</size>
         <input_file_ref idref="fl-15"/>
      </object_component>
      <object_component id="oc-52d">
         <name>.text:CLA_UNDERFLOW_ISR</name>
         <load_address>0x83ddd</load_address>
         <run_address>0x83ddd</run_address>
         <size>0xa</size>
         <input_file_ref idref="fl-15"/>
      </object_component>
      <object_component id="oc-527">
         <name>.text:CLB1_ISR</name>
         <load_address>0x83de7</load_address>
         <run_address>0x83de7</run_address>
         <size>0xa</size>
         <input_file_ref idref="fl-15"/>
      </object_component>
      <object_component id="oc-521">
         <name>.text:CLB2_ISR</name>
         <load_address>0x83df1</load_address>
         <run_address>0x83df1</run_address>
         <size>0xa</size>
         <input_file_ref idref="fl-15"/>
      </object_component>
      <object_component id="oc-51b">
         <name>.text:CLB3_ISR</name>
         <load_address>0x83dfb</load_address>
         <run_address>0x83dfb</run_address>
         <size>0xa</size>
         <input_file_ref idref="fl-15"/>
      </object_component>
      <object_component id="oc-515">
         <name>.text:CLB4_ISR</name>
         <load_address>0x83e05</load_address>
         <run_address>0x83e05</run_address>
         <size>0xa</size>
         <input_file_ref idref="fl-15"/>
      </object_component>
      <object_component id="oc-50f">
         <name>.text:CLB5_ISR</name>
         <load_address>0x83e0f</load_address>
         <run_address>0x83e0f</run_address>
         <size>0xa</size>
         <input_file_ref idref="fl-15"/>
      </object_component>
      <object_component id="oc-509">
         <name>.text:CLB6_ISR</name>
         <load_address>0x83e19</load_address>
         <run_address>0x83e19</run_address>
         <size>0xa</size>
         <input_file_ref idref="fl-15"/>
      </object_component>
      <object_component id="oc-503">
         <name>.text:CLB7_ISR</name>
         <load_address>0x83e23</load_address>
         <run_address>0x83e23</run_address>
         <size>0xa</size>
         <input_file_ref idref="fl-15"/>
      </object_component>
      <object_component id="oc-4fd">
         <name>.text:CLB8_ISR</name>
         <load_address>0x83e2d</load_address>
         <run_address>0x83e2d</run_address>
         <size>0xa</size>
         <input_file_ref idref="fl-15"/>
      </object_component>
      <object_component id="oc-4f7">
         <name>.text:CMTOCPUXIPC0_ISR</name>
         <load_address>0x83e37</load_address>
         <run_address>0x83e37</run_address>
         <size>0xa</size>
         <input_file_ref idref="fl-15"/>
      </object_component>
      <object_component id="oc-4f1">
         <name>.text:CMTOCPUXIPC1_ISR</name>
         <load_address>0x83e41</load_address>
         <run_address>0x83e41</run_address>
         <size>0xa</size>
         <input_file_ref idref="fl-15"/>
      </object_component>
      <object_component id="oc-4eb">
         <name>.text:CMTOCPUXIPC2_ISR</name>
         <load_address>0x83e4b</load_address>
         <run_address>0x83e4b</run_address>
         <size>0xa</size>
         <input_file_ref idref="fl-15"/>
      </object_component>
      <object_component id="oc-4e5">
         <name>.text:CMTOCPUXIPC3_ISR</name>
         <load_address>0x83e55</load_address>
         <run_address>0x83e55</run_address>
         <size>0xa</size>
         <input_file_ref idref="fl-15"/>
      </object_component>
      <object_component id="oc-4df">
         <name>.text:CMTOCPUXIPC4_ISR</name>
         <load_address>0x83e5f</load_address>
         <run_address>0x83e5f</run_address>
         <size>0xa</size>
         <input_file_ref idref="fl-15"/>
      </object_component>
      <object_component id="oc-4d9">
         <name>.text:CMTOCPUXIPC5_ISR</name>
         <load_address>0x83e69</load_address>
         <run_address>0x83e69</run_address>
         <size>0xa</size>
         <input_file_ref idref="fl-15"/>
      </object_component>
      <object_component id="oc-4d3">
         <name>.text:CMTOCPUXIPC6_ISR</name>
         <load_address>0x83e73</load_address>
         <run_address>0x83e73</run_address>
         <size>0xa</size>
         <input_file_ref idref="fl-15"/>
      </object_component>
      <object_component id="oc-4cd">
         <name>.text:CMTOCPUXIPC7_ISR</name>
         <load_address>0x83e7d</load_address>
         <run_address>0x83e7d</run_address>
         <size>0xa</size>
         <input_file_ref idref="fl-15"/>
      </object_component>
      <object_component id="oc-4c7">
         <name>.text:CM_STATUS_ISR</name>
         <load_address>0x83e87</load_address>
         <run_address>0x83e87</run_address>
         <size>0xa</size>
         <input_file_ref idref="fl-15"/>
      </object_component>
      <object_component id="oc-4c1">
         <name>.text:CPUCRC_ISR</name>
         <load_address>0x83e91</load_address>
         <run_address>0x83e91</run_address>
         <size>0xa</size>
         <input_file_ref idref="fl-15"/>
      </object_component>
      <object_component id="oc-4bb">
         <name>.text:DATALOG_ISR</name>
         <load_address>0x83e9b</load_address>
         <run_address>0x83e9b</run_address>
         <size>0xa</size>
         <input_file_ref idref="fl-15"/>
      </object_component>
      <object_component id="oc-4b5">
         <name>.text:DMA_CH1_ISR</name>
         <load_address>0x83ea5</load_address>
         <run_address>0x83ea5</run_address>
         <size>0xa</size>
         <input_file_ref idref="fl-15"/>
      </object_component>
      <object_component id="oc-4af">
         <name>.text:DMA_CH2_ISR</name>
         <load_address>0x83eaf</load_address>
         <run_address>0x83eaf</run_address>
         <size>0xa</size>
         <input_file_ref idref="fl-15"/>
      </object_component>
      <object_component id="oc-4a9">
         <name>.text:DMA_CH3_ISR</name>
         <load_address>0x83eb9</load_address>
         <run_address>0x83eb9</run_address>
         <size>0xa</size>
         <input_file_ref idref="fl-15"/>
      </object_component>
      <object_component id="oc-4a3">
         <name>.text:DMA_CH4_ISR</name>
         <load_address>0x83ec3</load_address>
         <run_address>0x83ec3</run_address>
         <size>0xa</size>
         <input_file_ref idref="fl-15"/>
      </object_component>
      <object_component id="oc-49d">
         <name>.text:DMA_CH5_ISR</name>
         <load_address>0x83ecd</load_address>
         <run_address>0x83ecd</run_address>
         <size>0xa</size>
         <input_file_ref idref="fl-15"/>
      </object_component>
      <object_component id="oc-497">
         <name>.text:DMA_CH6_ISR</name>
         <load_address>0x83ed7</load_address>
         <run_address>0x83ed7</run_address>
         <size>0xa</size>
         <input_file_ref idref="fl-15"/>
      </object_component>
      <object_component id="oc-491">
         <name>.text:ECAP1_ISR</name>
         <load_address>0x83ee1</load_address>
         <run_address>0x83ee1</run_address>
         <size>0xa</size>
         <input_file_ref idref="fl-15"/>
      </object_component>
      <object_component id="oc-48b">
         <name>.text:ECAP2_ISR</name>
         <load_address>0x83eeb</load_address>
         <run_address>0x83eeb</run_address>
         <size>0xa</size>
         <input_file_ref idref="fl-15"/>
      </object_component>
      <object_component id="oc-485">
         <name>.text:ECAP3_ISR</name>
         <load_address>0x83ef5</load_address>
         <run_address>0x83ef5</run_address>
         <size>0xa</size>
         <input_file_ref idref="fl-15"/>
      </object_component>
      <object_component id="oc-47f">
         <name>.text:ECAP4_ISR</name>
         <load_address>0x83eff</load_address>
         <run_address>0x83eff</run_address>
         <size>0xa</size>
         <input_file_ref idref="fl-15"/>
      </object_component>
      <object_component id="oc-479">
         <name>.text:ECAP5_ISR</name>
         <load_address>0x83f09</load_address>
         <run_address>0x83f09</run_address>
         <size>0xa</size>
         <input_file_ref idref="fl-15"/>
      </object_component>
      <object_component id="oc-473">
         <name>.text:ECAP6_2_ISR</name>
         <load_address>0x83f13</load_address>
         <run_address>0x83f13</run_address>
         <size>0xa</size>
         <input_file_ref idref="fl-15"/>
      </object_component>
      <object_component id="oc-46d">
         <name>.text:ECAP6_ISR</name>
         <load_address>0x83f1d</load_address>
         <run_address>0x83f1d</run_address>
         <size>0xa</size>
         <input_file_ref idref="fl-15"/>
      </object_component>
      <object_component id="oc-467">
         <name>.text:ECAP7_2_ISR</name>
         <load_address>0x83f27</load_address>
         <run_address>0x83f27</run_address>
         <size>0xa</size>
         <input_file_ref idref="fl-15"/>
      </object_component>
      <object_component id="oc-461">
         <name>.text:ECAP7_ISR</name>
         <load_address>0x83f31</load_address>
         <run_address>0x83f31</run_address>
         <size>0xa</size>
         <input_file_ref idref="fl-15"/>
      </object_component>
      <object_component id="oc-45b">
         <name>.text:ECATRST_ISR</name>
         <load_address>0x83f3b</load_address>
         <run_address>0x83f3b</run_address>
         <size>0xa</size>
         <input_file_ref idref="fl-15"/>
      </object_component>
      <object_component id="oc-455">
         <name>.text:ECATSYNC0_ISR</name>
         <load_address>0x83f45</load_address>
         <run_address>0x83f45</run_address>
         <size>0xa</size>
         <input_file_ref idref="fl-15"/>
      </object_component>
      <object_component id="oc-44f">
         <name>.text:ECATSYNC1_ISR</name>
         <load_address>0x83f4f</load_address>
         <run_address>0x83f4f</run_address>
         <size>0xa</size>
         <input_file_ref idref="fl-15"/>
      </object_component>
      <object_component id="oc-449">
         <name>.text:ECAT_ISR</name>
         <load_address>0x83f59</load_address>
         <run_address>0x83f59</run_address>
         <size>0xa</size>
         <input_file_ref idref="fl-15"/>
      </object_component>
      <object_component id="oc-43d">
         <name>.text:EMU_ISR</name>
         <load_address>0x83f63</load_address>
         <run_address>0x83f63</run_address>
         <size>0xa</size>
         <input_file_ref idref="fl-15"/>
      </object_component>
      <object_component id="oc-437">
         <name>.text:EPWM10_ISR</name>
         <load_address>0x83f6d</load_address>
         <run_address>0x83f6d</run_address>
         <size>0xa</size>
         <input_file_ref idref="fl-15"/>
      </object_component>
      <object_component id="oc-431">
         <name>.text:EPWM10_TZ_ISR</name>
         <load_address>0x83f77</load_address>
         <run_address>0x83f77</run_address>
         <size>0xa</size>
         <input_file_ref idref="fl-15"/>
      </object_component>
      <object_component id="oc-42b">
         <name>.text:EPWM11_ISR</name>
         <load_address>0x83f81</load_address>
         <run_address>0x83f81</run_address>
         <size>0xa</size>
         <input_file_ref idref="fl-15"/>
      </object_component>
      <object_component id="oc-425">
         <name>.text:EPWM11_TZ_ISR</name>
         <load_address>0x83f8b</load_address>
         <run_address>0x83f8b</run_address>
         <size>0xa</size>
         <input_file_ref idref="fl-15"/>
      </object_component>
      <object_component id="oc-41f">
         <name>.text:EPWM12_ISR</name>
         <load_address>0x83f95</load_address>
         <run_address>0x83f95</run_address>
         <size>0xa</size>
         <input_file_ref idref="fl-15"/>
      </object_component>
      <object_component id="oc-419">
         <name>.text:EPWM12_TZ_ISR</name>
         <load_address>0x83f9f</load_address>
         <run_address>0x83f9f</run_address>
         <size>0xa</size>
         <input_file_ref idref="fl-15"/>
      </object_component>
      <object_component id="oc-413">
         <name>.text:EPWM13_ISR</name>
         <load_address>0x83fa9</load_address>
         <run_address>0x83fa9</run_address>
         <size>0xa</size>
         <input_file_ref idref="fl-15"/>
      </object_component>
      <object_component id="oc-40d">
         <name>.text:EPWM13_TZ_ISR</name>
         <load_address>0x83fb3</load_address>
         <run_address>0x83fb3</run_address>
         <size>0xa</size>
         <input_file_ref idref="fl-15"/>
      </object_component>
      <object_component id="oc-407">
         <name>.text:EPWM14_ISR</name>
         <load_address>0x83fbd</load_address>
         <run_address>0x83fbd</run_address>
         <size>0xa</size>
         <input_file_ref idref="fl-15"/>
      </object_component>
      <object_component id="oc-401">
         <name>.text:EPWM14_TZ_ISR</name>
         <load_address>0x83fc7</load_address>
         <run_address>0x83fc7</run_address>
         <size>0xa</size>
         <input_file_ref idref="fl-15"/>
      </object_component>
      <object_component id="oc-3fb">
         <name>.text:EPWM15_ISR</name>
         <load_address>0x83fd1</load_address>
         <run_address>0x83fd1</run_address>
         <size>0xa</size>
         <input_file_ref idref="fl-15"/>
      </object_component>
      <object_component id="oc-3f5">
         <name>.text:EPWM15_TZ_ISR</name>
         <load_address>0x83fdb</load_address>
         <run_address>0x83fdb</run_address>
         <size>0xa</size>
         <input_file_ref idref="fl-15"/>
      </object_component>
      <object_component id="oc-3ef">
         <name>.text:EPWM16_ISR</name>
         <load_address>0x83fe5</load_address>
         <run_address>0x83fe5</run_address>
         <size>0xa</size>
         <input_file_ref idref="fl-15"/>
      </object_component>
      <object_component id="oc-3e9">
         <name>.text:EPWM16_TZ_ISR</name>
         <load_address>0x83fef</load_address>
         <run_address>0x83fef</run_address>
         <size>0xa</size>
         <input_file_ref idref="fl-15"/>
      </object_component>
      <object_component id="oc-7e8">
         <name>.text</name>
         <load_address>0x83ff9</load_address>
         <run_address>0x83ff9</run_address>
         <size>0x7</size>
         <input_file_ref idref="fl-64"/>
      </object_component>
      <object_component id="oc-3e3">
         <name>.text:EPWM1_ISR</name>
         <load_address>0x84000</load_address>
         <run_address>0x84000</run_address>
         <size>0xa</size>
         <input_file_ref idref="fl-15"/>
      </object_component>
      <object_component id="oc-3dd">
         <name>.text:EPWM1_TZ_ISR</name>
         <load_address>0x8400a</load_address>
         <run_address>0x8400a</run_address>
         <size>0xa</size>
         <input_file_ref idref="fl-15"/>
      </object_component>
      <object_component id="oc-3d7">
         <name>.text:EPWM2_ISR</name>
         <load_address>0x84014</load_address>
         <run_address>0x84014</run_address>
         <size>0xa</size>
         <input_file_ref idref="fl-15"/>
      </object_component>
      <object_component id="oc-3d1">
         <name>.text:EPWM2_TZ_ISR</name>
         <load_address>0x8401e</load_address>
         <run_address>0x8401e</run_address>
         <size>0xa</size>
         <input_file_ref idref="fl-15"/>
      </object_component>
      <object_component id="oc-3cb">
         <name>.text:EPWM3_ISR</name>
         <load_address>0x84028</load_address>
         <run_address>0x84028</run_address>
         <size>0xa</size>
         <input_file_ref idref="fl-15"/>
      </object_component>
      <object_component id="oc-3c5">
         <name>.text:EPWM3_TZ_ISR</name>
         <load_address>0x84032</load_address>
         <run_address>0x84032</run_address>
         <size>0xa</size>
         <input_file_ref idref="fl-15"/>
      </object_component>
      <object_component id="oc-3bf">
         <name>.text:EPWM4_ISR</name>
         <load_address>0x8403c</load_address>
         <run_address>0x8403c</run_address>
         <size>0xa</size>
         <input_file_ref idref="fl-15"/>
      </object_component>
      <object_component id="oc-3b9">
         <name>.text:EPWM4_TZ_ISR</name>
         <load_address>0x84046</load_address>
         <run_address>0x84046</run_address>
         <size>0xa</size>
         <input_file_ref idref="fl-15"/>
      </object_component>
      <object_component id="oc-3b3">
         <name>.text:EPWM5_ISR</name>
         <load_address>0x84050</load_address>
         <run_address>0x84050</run_address>
         <size>0xa</size>
         <input_file_ref idref="fl-15"/>
      </object_component>
      <object_component id="oc-3ad">
         <name>.text:EPWM5_TZ_ISR</name>
         <load_address>0x8405a</load_address>
         <run_address>0x8405a</run_address>
         <size>0xa</size>
         <input_file_ref idref="fl-15"/>
      </object_component>
      <object_component id="oc-3a7">
         <name>.text:EPWM6_ISR</name>
         <load_address>0x84064</load_address>
         <run_address>0x84064</run_address>
         <size>0xa</size>
         <input_file_ref idref="fl-15"/>
      </object_component>
      <object_component id="oc-3a1">
         <name>.text:EPWM6_TZ_ISR</name>
         <load_address>0x8406e</load_address>
         <run_address>0x8406e</run_address>
         <size>0xa</size>
         <input_file_ref idref="fl-15"/>
      </object_component>
      <object_component id="oc-39b">
         <name>.text:EPWM7_ISR</name>
         <load_address>0x84078</load_address>
         <run_address>0x84078</run_address>
         <size>0xa</size>
         <input_file_ref idref="fl-15"/>
      </object_component>
      <object_component id="oc-395">
         <name>.text:EPWM7_TZ_ISR</name>
         <load_address>0x84082</load_address>
         <run_address>0x84082</run_address>
         <size>0xa</size>
         <input_file_ref idref="fl-15"/>
      </object_component>
      <object_component id="oc-38f">
         <name>.text:EPWM8_ISR</name>
         <load_address>0x8408c</load_address>
         <run_address>0x8408c</run_address>
         <size>0xa</size>
         <input_file_ref idref="fl-15"/>
      </object_component>
      <object_component id="oc-389">
         <name>.text:EPWM8_TZ_ISR</name>
         <load_address>0x84096</load_address>
         <run_address>0x84096</run_address>
         <size>0xa</size>
         <input_file_ref idref="fl-15"/>
      </object_component>
      <object_component id="oc-383">
         <name>.text:EPWM9_ISR</name>
         <load_address>0x840a0</load_address>
         <run_address>0x840a0</run_address>
         <size>0xa</size>
         <input_file_ref idref="fl-15"/>
      </object_component>
      <object_component id="oc-37d">
         <name>.text:EPWM9_TZ_ISR</name>
         <load_address>0x840aa</load_address>
         <run_address>0x840aa</run_address>
         <size>0xa</size>
         <input_file_ref idref="fl-15"/>
      </object_component>
      <object_component id="oc-377">
         <name>.text:EQEP1_ISR</name>
         <load_address>0x840b4</load_address>
         <run_address>0x840b4</run_address>
         <size>0xa</size>
         <input_file_ref idref="fl-15"/>
      </object_component>
      <object_component id="oc-371">
         <name>.text:EQEP2_ISR</name>
         <load_address>0x840be</load_address>
         <run_address>0x840be</run_address>
         <size>0xa</size>
         <input_file_ref idref="fl-15"/>
      </object_component>
      <object_component id="oc-36b">
         <name>.text:EQEP3_ISR</name>
         <load_address>0x840c8</load_address>
         <run_address>0x840c8</run_address>
         <size>0xa</size>
         <input_file_ref idref="fl-15"/>
      </object_component>
      <object_component id="oc-365">
         <name>.text:FMC_ISR</name>
         <load_address>0x840d2</load_address>
         <run_address>0x840d2</run_address>
         <size>0xa</size>
         <input_file_ref idref="fl-15"/>
      </object_component>
      <object_component id="oc-35f">
         <name>.text:FPU_OFLOW_ISR</name>
         <load_address>0x840dc</load_address>
         <run_address>0x840dc</run_address>
         <size>0xa</size>
         <input_file_ref idref="fl-15"/>
      </object_component>
      <object_component id="oc-359">
         <name>.text:FPU_UFLOW_ISR</name>
         <load_address>0x840e6</load_address>
         <run_address>0x840e6</run_address>
         <size>0xa</size>
         <input_file_ref idref="fl-15"/>
      </object_component>
      <object_component id="oc-353">
         <name>.text:FSIRXA1_ISR</name>
         <load_address>0x840f0</load_address>
         <run_address>0x840f0</run_address>
         <size>0xa</size>
         <input_file_ref idref="fl-15"/>
      </object_component>
      <object_component id="oc-34d">
         <name>.text:FSIRXA2_ISR</name>
         <load_address>0x840fa</load_address>
         <run_address>0x840fa</run_address>
         <size>0xa</size>
         <input_file_ref idref="fl-15"/>
      </object_component>
      <object_component id="oc-347">
         <name>.text:FSIRXB1_ISR</name>
         <load_address>0x84104</load_address>
         <run_address>0x84104</run_address>
         <size>0xa</size>
         <input_file_ref idref="fl-15"/>
      </object_component>
      <object_component id="oc-341">
         <name>.text:FSIRXB2_ISR</name>
         <load_address>0x8410e</load_address>
         <run_address>0x8410e</run_address>
         <size>0xa</size>
         <input_file_ref idref="fl-15"/>
      </object_component>
      <object_component id="oc-33b">
         <name>.text:FSIRXC1_ISR</name>
         <load_address>0x84118</load_address>
         <run_address>0x84118</run_address>
         <size>0xa</size>
         <input_file_ref idref="fl-15"/>
      </object_component>
      <object_component id="oc-335">
         <name>.text:FSIRXC2_ISR</name>
         <load_address>0x84122</load_address>
         <run_address>0x84122</run_address>
         <size>0xa</size>
         <input_file_ref idref="fl-15"/>
      </object_component>
      <object_component id="oc-32f">
         <name>.text:FSIRXD1_ISR</name>
         <load_address>0x8412c</load_address>
         <run_address>0x8412c</run_address>
         <size>0xa</size>
         <input_file_ref idref="fl-15"/>
      </object_component>
      <object_component id="oc-329">
         <name>.text:FSIRXD2_ISR</name>
         <load_address>0x84136</load_address>
         <run_address>0x84136</run_address>
         <size>0xa</size>
         <input_file_ref idref="fl-15"/>
      </object_component>
      <object_component id="oc-323">
         <name>.text:FSIRXE1_ISR</name>
         <load_address>0x84140</load_address>
         <run_address>0x84140</run_address>
         <size>0xa</size>
         <input_file_ref idref="fl-15"/>
      </object_component>
      <object_component id="oc-31d">
         <name>.text:FSIRXE2_ISR</name>
         <load_address>0x8414a</load_address>
         <run_address>0x8414a</run_address>
         <size>0xa</size>
         <input_file_ref idref="fl-15"/>
      </object_component>
      <object_component id="oc-317">
         <name>.text:FSIRXF1_ISR</name>
         <load_address>0x84154</load_address>
         <run_address>0x84154</run_address>
         <size>0xa</size>
         <input_file_ref idref="fl-15"/>
      </object_component>
      <object_component id="oc-311">
         <name>.text:FSIRXF2_ISR</name>
         <load_address>0x8415e</load_address>
         <run_address>0x8415e</run_address>
         <size>0xa</size>
         <input_file_ref idref="fl-15"/>
      </object_component>
      <object_component id="oc-30b">
         <name>.text:FSIRXG1_ISR</name>
         <load_address>0x84168</load_address>
         <run_address>0x84168</run_address>
         <size>0xa</size>
         <input_file_ref idref="fl-15"/>
      </object_component>
      <object_component id="oc-305">
         <name>.text:FSIRXG2_ISR</name>
         <load_address>0x84172</load_address>
         <run_address>0x84172</run_address>
         <size>0xa</size>
         <input_file_ref idref="fl-15"/>
      </object_component>
      <object_component id="oc-2ff">
         <name>.text:FSIRXH1_ISR</name>
         <load_address>0x8417c</load_address>
         <run_address>0x8417c</run_address>
         <size>0xa</size>
         <input_file_ref idref="fl-15"/>
      </object_component>
      <object_component id="oc-2f9">
         <name>.text:FSIRXH2_ISR</name>
         <load_address>0x84186</load_address>
         <run_address>0x84186</run_address>
         <size>0xa</size>
         <input_file_ref idref="fl-15"/>
      </object_component>
      <object_component id="oc-2f3">
         <name>.text:FSITXA1_ISR</name>
         <load_address>0x84190</load_address>
         <run_address>0x84190</run_address>
         <size>0xa</size>
         <input_file_ref idref="fl-15"/>
      </object_component>
      <object_component id="oc-2ed">
         <name>.text:FSITXA2_ISR</name>
         <load_address>0x8419a</load_address>
         <run_address>0x8419a</run_address>
         <size>0xa</size>
         <input_file_ref idref="fl-15"/>
      </object_component>
      <object_component id="oc-2e7">
         <name>.text:FSITXB1_ISR</name>
         <load_address>0x841a4</load_address>
         <run_address>0x841a4</run_address>
         <size>0xa</size>
         <input_file_ref idref="fl-15"/>
      </object_component>
      <object_component id="oc-2e1">
         <name>.text:FSITXB2_ISR</name>
         <load_address>0x841ae</load_address>
         <run_address>0x841ae</run_address>
         <size>0xa</size>
         <input_file_ref idref="fl-15"/>
      </object_component>
      <object_component id="oc-2db">
         <name>.text:I2CA_FIFO_ISR</name>
         <load_address>0x841b8</load_address>
         <run_address>0x841b8</run_address>
         <size>0xa</size>
         <input_file_ref idref="fl-15"/>
      </object_component>
      <object_component id="oc-2d5">
         <name>.text:I2CA_HIGH_ISR</name>
         <load_address>0x841c2</load_address>
         <run_address>0x841c2</run_address>
         <size>0xa</size>
         <input_file_ref idref="fl-15"/>
      </object_component>
      <object_component id="oc-2cf">
         <name>.text:I2CA_ISR</name>
         <load_address>0x841cc</load_address>
         <run_address>0x841cc</run_address>
         <size>0xa</size>
         <input_file_ref idref="fl-15"/>
      </object_component>
      <object_component id="oc-2c9">
         <name>.text:I2CB_FIFO_ISR</name>
         <load_address>0x841d6</load_address>
         <run_address>0x841d6</run_address>
         <size>0xa</size>
         <input_file_ref idref="fl-15"/>
      </object_component>
      <object_component id="oc-2c3">
         <name>.text:I2CB_ISR</name>
         <load_address>0x841e0</load_address>
         <run_address>0x841e0</run_address>
         <size>0xa</size>
         <input_file_ref idref="fl-15"/>
      </object_component>
      <object_component id="oc-2bd">
         <name>.text:ILLEGAL_ISR</name>
         <load_address>0x841ea</load_address>
         <run_address>0x841ea</run_address>
         <size>0xa</size>
         <input_file_ref idref="fl-15"/>
      </object_component>
      <object_component id="oc-623">
         <name>.text:Interrupt_illegalOperationHandler</name>
         <load_address>0x841f4</load_address>
         <run_address>0x841f4</run_address>
         <size>0xa</size>
         <input_file_ref idref="fl-3b"/>
      </object_component>
      <object_component id="oc-617">
         <name>.text:Interrupt_nmiHandler</name>
         <load_address>0x841fe</load_address>
         <run_address>0x841fe</run_address>
         <size>0xa</size>
         <input_file_ref idref="fl-3b"/>
      </object_component>
      <object_component id="oc-2b7">
         <name>.text:MCANA_0_ISR</name>
         <load_address>0x84208</load_address>
         <run_address>0x84208</run_address>
         <size>0xa</size>
         <input_file_ref idref="fl-15"/>
      </object_component>
      <object_component id="oc-2b1">
         <name>.text:MCANA_1_ISR</name>
         <load_address>0x84212</load_address>
         <run_address>0x84212</run_address>
         <size>0xa</size>
         <input_file_ref idref="fl-15"/>
      </object_component>
      <object_component id="oc-2ab">
         <name>.text:MCANA_ECC_ISR</name>
         <load_address>0x8421c</load_address>
         <run_address>0x8421c</run_address>
         <size>0xa</size>
         <input_file_ref idref="fl-15"/>
      </object_component>
      <object_component id="oc-2a5">
         <name>.text:MCANA_WAKE_ISR</name>
         <load_address>0x84226</load_address>
         <run_address>0x84226</run_address>
         <size>0xa</size>
         <input_file_ref idref="fl-15"/>
      </object_component>
      <object_component id="oc-29f">
         <name>.text:MCBSPA_RX_ISR</name>
         <load_address>0x84230</load_address>
         <run_address>0x84230</run_address>
         <size>0xa</size>
         <input_file_ref idref="fl-15"/>
      </object_component>
      <object_component id="oc-299">
         <name>.text:MCBSPA_TX_ISR</name>
         <load_address>0x8423a</load_address>
         <run_address>0x8423a</run_address>
         <size>0xa</size>
         <input_file_ref idref="fl-15"/>
      </object_component>
      <object_component id="oc-293">
         <name>.text:MCBSPB_RX_ISR</name>
         <load_address>0x84244</load_address>
         <run_address>0x84244</run_address>
         <size>0xa</size>
         <input_file_ref idref="fl-15"/>
      </object_component>
      <object_component id="oc-28d">
         <name>.text:MCBSPB_TX_ISR</name>
         <load_address>0x8424e</load_address>
         <run_address>0x8424e</run_address>
         <size>0xa</size>
         <input_file_ref idref="fl-15"/>
      </object_component>
      <object_component id="oc-287">
         <name>.text:MPOST_ISR</name>
         <load_address>0x84258</load_address>
         <run_address>0x84258</run_address>
         <size>0xa</size>
         <input_file_ref idref="fl-15"/>
      </object_component>
      <object_component id="oc-281">
         <name>.text:NMI_ISR</name>
         <load_address>0x84262</load_address>
         <run_address>0x84262</run_address>
         <size>0xa</size>
         <input_file_ref idref="fl-15"/>
      </object_component>
      <object_component id="oc-27b">
         <name>.text:NOTUSED_ISR</name>
         <load_address>0x8426c</load_address>
         <run_address>0x8426c</run_address>
         <size>0xa</size>
         <input_file_ref idref="fl-15"/>
      </object_component>
      <object_component id="oc-275">
         <name>.text:PIE_RESERVED_ISR</name>
         <load_address>0x84276</load_address>
         <run_address>0x84276</run_address>
         <size>0xa</size>
         <input_file_ref idref="fl-15"/>
      </object_component>
      <object_component id="oc-26f">
         <name>.text:PMBUSA_ISR</name>
         <load_address>0x84280</load_address>
         <run_address>0x84280</run_address>
         <size>0xa</size>
         <input_file_ref idref="fl-15"/>
      </object_component>
      <object_component id="oc-269">
         <name>.text:RTOS_ISR</name>
         <load_address>0x8428a</load_address>
         <run_address>0x8428a</run_address>
[...]
         <name>I2CA_ISR</name>
         <value>0x841cc</value>
         <object_component_ref idref="oc-2cf"/>
      </symbol>
      <symbol id="sm-b65">
         <name>CANA0_ISR</name>
         <value>0x83d29</value>
         <object_component_ref idref="oc-599"/>
      </symbol>
      <symbol id="sm-b66">
         <name>CANB0_ISR</name>
         <value>0x83d3d</value>
         <object_component_ref idref="oc-58d"/>
      </symbol>
      <symbol id="sm-b67">
         <name>CLB5_ISR</name>
         <value>0x83e0f</value>
         <object_component_ref idref="oc-50f"/>
      </symbol>
      <symbol id="sm-b68">
         <name>ECAP7_2_ISR</name>
         <value>0x83f27</value>
         <object_component_ref idref="oc-467"/>
      </symbol>
      <symbol id="sm-b69">
         <name>FSIRXA1_ISR</name>
         <value>0x840f0</value>
         <object_component_ref idref="oc-353"/>
      </symbol>
      <symbol id="sm-b6a">
         <name>EPWM1_TZ_ISR</name>
         <value>0x8400a</value>
         <object_component_ref idref="oc-3dd"/>
      </symbol>
      <symbol id="sm-b6b">
         <name>FSIRXB1_ISR</name>
         <value>0x84104</value>
         <object_component_ref idref="oc-347"/>
      </symbol>
      <symbol id="sm-b6c">
         <name>FSIRXC1_ISR</name>
         <value>0x84118</value>
         <object_component_ref idref="oc-33b"/>
      </symbol>
      <symbol id="sm-b6d">
         <name>FSIRXD1_ISR</name>
         <value>0x8412c</value>
         <object_component_ref idref="oc-32f"/>
      </symbol>
      <symbol id="sm-b6e">
         <name>I2CA_FIFO_ISR</name>
         <value>0x841b8</value>
         <object_component_ref idref="oc-2db"/>
      </symbol>
      <symbol id="sm-b6f">
         <name>FSIRXE1_ISR</name>
         <value>0x84140</value>
         <object_component_ref idref="oc-323"/>
      </symbol>
      <symbol id="sm-b70">
         <name>FSIRXF1_ISR</name>
         <value>0x84154</value>
         <object_component_ref idref="oc-317"/>
      </symbol>
      <symbol id="sm-b71">
         <name>FSIRXG1_ISR</name>
         <value>0x84168</value>
         <object_component_ref idref="oc-30b"/>
      </symbol>
      <symbol id="sm-b72">
         <name>FSIRXH1_ISR</name>
         <value>0x8417c</value>
         <object_component_ref idref="oc-2ff"/>
      </symbol>
      <symbol id="sm-b73">
         <name>EPWM2_ISR</name>
         <value>0x84014</value>
         <object_component_ref idref="oc-3d7"/>
      </symbol>
      <symbol id="sm-b74">
         <name>USBA_ISR</name>
         <value>0x843c0</value>
         <object_component_ref idref="oc-1af"/>
      </symbol>
      <symbol id="sm-b75">
         <name>SDFM1DR4_ISR</name>
         <value>0x84302</value>
         <object_component_ref idref="oc-221"/>
      </symbol>
      <symbol id="sm-b76">
         <name>ADCD_EVT_ISR</name>
         <value>0x83d1f</value>
         <object_component_ref idref="oc-59f"/>
      </symbol>
      <symbol id="sm-b77">
         <name>DMA_CH3_ISR</name>
         <value>0x83eb9</value>
         <object_component_ref idref="oc-4a9"/>
      </symbol>
      <symbol id="sm-b78">
         <name>FMC_ISR</name>
         <value>0x840d2</value>
         <object_component_ref idref="oc-365"/>
      </symbol>
      <symbol id="sm-b79">
         <name>ADCC_EVT_ISR</name>
         <value>0x83ced</value>
         <object_component_ref idref="oc-5bd"/>
      </symbol>
      <symbol id="sm-b7a">
         <name>EPWM11_ISR</name>
         <value>0x83f81</value>
         <object_component_ref idref="oc-42b"/>
      </symbol>
      <symbol id="sm-b7b">
         <name>DATALOG_ISR</name>
         <value>0x83e9b</value>
         <object_component_ref idref="oc-4bb"/>
      </symbol>
      <symbol id="sm-b7c">
         <name>XINT2_ISR</name>
         <value>0x84456</value>
         <object_component_ref idref="oc-155"/>
      </symbol>
      <symbol id="sm-b7d">
         <name>MCANA_0_ISR</name>
         <value>0x84208</value>
         <object_component_ref idref="oc-2b7"/>
      </symbol>
      <symbol id="sm-b7e">
         <name>PIE_RESERVED_ISR</name>
         <value>0x84276</value>
         <object_component_ref idref="oc-275"/>
      </symbol>
      <symbol id="sm-b7f">
         <name>SCIB_RX_ISR</name>
         <value>0x842a8</value>
         <object_component_ref idref="oc-257"/>
      </symbol>
      <symbol id="sm-b80">
         <name>SCIB_TX_ISR</name>
         <value>0x842b2</value>
         <object_component_ref idref="oc-251"/>
      </symbol>
      <symbol id="sm-b81">
         <name>I2CB_ISR</name>
         <value>0x841e0</value>
         <object_component_ref idref="oc-2c3"/>
      </symbol>
      <symbol id="sm-b82">
         <name>CANA1_ISR</name>
         <value>0x83d33</value>
         <object_component_ref idref="oc-593"/>
      </symbol>
      <symbol id="sm-b83">
         <name>SPIC_RX_ISR</name>
         <value>0x84370</value>
         <object_component_ref idref="oc-1df"/>
      </symbol>
      <symbol id="sm-b84">
         <name>CANB1_ISR</name>
         <value>0x83d47</value>
         <object_component_ref idref="oc-587"/>
      </symbol>
      <symbol id="sm-b85">
         <name>CPUCRC_ISR</name>
         <value>0x83e91</value>
         <object_component_ref idref="oc-4c1"/>
      </symbol>
      <symbol id="sm-b86">
         <name>CLB6_ISR</name>
         <value>0x83e19</value>
         <object_component_ref idref="oc-509"/>
      </symbol>
      <symbol id="sm-b87">
         <name>SPIC_TX_ISR</name>
         <value>0x8437a</value>
         <object_component_ref idref="oc-1d9"/>
      </symbol>
      <symbol id="sm-b88">
         <name>EPWM15_TZ_ISR</name>
         <value>0x83fdb</value>
         <object_component_ref idref="oc-3f5"/>
      </symbol>
      <symbol id="sm-b89">
         <name>FSIRXA2_ISR</name>
         <value>0x840fa</value>
         <object_component_ref idref="oc-34d"/>
      </symbol>
      <symbol id="sm-b8a">
         <name>FSIRXB2_ISR</name>
         <value>0x8410e</value>
         <object_component_ref idref="oc-341"/>
      </symbol>
      <symbol id="sm-b8b">
         <name>EPWM12_TZ_ISR</name>
         <value>0x83f9f</value>
         <object_component_ref idref="oc-419"/>
      </symbol>
      <symbol id="sm-b8c">
         <name>FSIRXC2_ISR</name>
         <value>0x84122</value>
         <object_component_ref idref="oc-335"/>
      </symbol>
      <symbol id="sm-b8d">
         <name>ILLEGAL_ISR</name>
         <value>0x841ea</value>
         <object_component_ref idref="oc-2bd"/>
      </symbol>
      <symbol id="sm-b8e">
         <name>FSIRXD2_ISR</name>
         <value>0x84136</value>
         <object_component_ref idref="oc-329"/>
      </symbol>
      <symbol id="sm-b8f">
         <name>FSIRXE2_ISR</name>
         <value>0x8414a</value>
         <object_component_ref idref="oc-31d"/>
      </symbol>
      <symbol id="sm-b90">
         <name>FSIRXF2_ISR</name>
         <value>0x8415e</value>
         <object_component_ref idref="oc-311"/>
      </symbol>
      <symbol id="sm-b91">
         <name>FSIRXG2_ISR</name>
         <value>0x84172</value>
         <object_component_ref idref="oc-305"/>
      </symbol>
      <symbol id="sm-b92">
         <name>FSIRXH2_ISR</name>
         <value>0x84186</value>
         <object_component_ref idref="oc-2f9"/>
      </symbol>
      <symbol id="sm-b93">
         <name>EPWM3_ISR</name>
         <value>0x84028</value>
         <object_component_ref idref="oc-3cb"/>
      </symbol>
      <symbol id="sm-b94">
         <name>I2CA_HIGH_ISR</name>
         <value>0x841c2</value>
         <object_component_ref idref="oc-2d5"/>
      </symbol>
      <symbol id="sm-b95">
         <name>FPU_UFLOW_ISR</name>
         <value>0x840e6</value>
         <object_component_ref idref="oc-359"/>
      </symbol>
      <symbol id="sm-b96">
         <name>TIMER0_ISR</name>
         <value>0x843a2</value>
         <object_component_ref idref="oc-1c1"/>
      </symbol>
      <symbol id="sm-b97">
         <name>EPWM10_ISR</name>
         <value>0x83f6d</value>
         <object_component_ref idref="oc-437"/>
      </symbol>
      <symbol id="sm-b98">
         <name>USER3_ISR</name>
         <value>0x843fc</value>
         <object_component_ref idref="oc-18b"/>
      </symbol>
      <symbol id="sm-b99">
         <name>MCANA_1_ISR</name>
         <value>0x84212</value>
         <object_component_ref idref="oc-2b1"/>
      </symbol>
      <symbol id="sm-bbc">
         <name>GPIO_SetupPinMux</name>
         <value>0x83478</value>
         <object_component_ref idref="oc-6e9"/>
      </symbol>
      <symbol id="sm-bbd">
         <name>GPIO_SetupPinOptions</name>
         <value>0x8301f</value>
         <object_component_ref idref="oc-6ef"/>
      </symbol>
      <symbol id="sm-bca">
         <name>PieVectTableInit</name>
         <value>0x90000</value>
         <object_component_ref idref="oc-146"/>
      </symbol>
      <symbol id="sm-be2">
         <name>CPUTimer_setEmulationMode</name>
         <value>0x84497</value>
         <object_component_ref idref="oc-84b"/>
      </symbol>
      <symbol id="sm-bf4">
         <name>DCC_verifyClockFrequency</name>
         <value>0x82c0d</value>
         <object_component_ref idref="oc-9ce"/>
      </symbol>
      <symbol id="sm-c09">
         <name>Flash_initModule</name>
         <value>0x8616</value>
         <object_component_ref idref="oc-953"/>
      </symbol>
      <symbol id="sm-c3b">
         <name>GPIO_setQualificationMode</name>
         <value>0x839af</value>
         <object_component_ref idref="oc-689"/>
      </symbol>
      <symbol id="sm-c3c">
         <name>GPIO_setPadConfig</name>
         <value>0x836c4</value>
         <object_component_ref idref="oc-683"/>
      </symbol>
      <symbol id="sm-c3d">
         <name>GPIO_setDirectionMode</name>
         <value>0x83a15</value>
         <object_component_ref idref="oc-67d"/>
      </symbol>
      <symbol id="sm-c3e">
         <name>GPIO_setPinConfig</name>
         <value>0x8376e</value>
         <object_component_ref idref="oc-677"/>
      </symbol>
      <symbol id="sm-c3f">
         <name>GPIO_setControllerCore</name>
         <value>0x8398d</value>
         <object_component_ref idref="oc-671"/>
      </symbol>
      <symbol id="sm-ca0">
         <name>Interrupt_defaultHandler</name>
         <value>0x83c33</value>
         <object_component_ref idref="oc-629"/>
      </symbol>
      <symbol id="sm-ca1">
         <name>Interrupt_disable</name>
         <value>0x835b5</value>
         <object_component_ref idref="oc-7d6"/>
      </symbol>
      <symbol id="sm-ca2">
         <name>Interrupt_initModule</name>
         <value>0x83683</value>
         <object_component_ref idref="oc-91d"/>
      </symbol>
      <symbol id="sm-ca3">
         <name>Interrupt_nmiHandler</name>
         <value>0x841fe</value>
         <object_component_ref idref="oc-617"/>
      </symbol>
      <symbol id="sm-ca4">
         <name>Interrupt_enable</name>
         <value>0x83703</value>
         <object_component_ref idref="oc-68f"/>
      </symbol>
      <symbol id="sm-ca5">
         <name>Interrupt_initVectorTable</name>
         <value>0x83ab2</value>
         <object_component_ref idref="oc-61c"/>
      </symbol>
      <symbol id="sm-ca6">
         <name>Interrupt_illegalOperationHandler</name>
         <value>0x841f4</value>
         <object_component_ref idref="oc-623"/>
      </symbol>
      <symbol id="sm-ccc">
         <name>IPC_unregisterInterrupt</name>
         <value>0x83b08</value>
         <object_component_ref idref="oc-62f"/>
      </symbol>
      <symbol id="sm-ccd">
         <name>IPC_CPU_To_CM_GetBuffer</name>
         <value>0x38000</value>
         <object_component_ref idref="oc-88d"/>
      </symbol>
      <symbol id="sm-cce">
         <name>IPC_CPU1_To_CPU2_GetBuffer</name>
         <value>0x3b000</value>
         <object_component_ref idref="oc-887"/>
      </symbol>
      <symbol id="sm-ccf">
         <name>IPC_CPU1_To_CPU2_PutBuffer</name>
         <value>0x3a000</value>
         <object_component_ref idref="oc-884"/>
      </symbol>
      <symbol id="sm-cd0">
         <name>IPC_CPU_To_CM_PutBuffer</name>
         <value>0x39000</value>
         <object_component_ref idref="oc-88a"/>
      </symbol>
      <symbol id="sm-cd1">
         <name>IPC_Instance</name>
         <value>0x901c0</value>
         <object_component_ref idref="oc-7d3"/>
      </symbol>
      <symbol id="sm-d19">
         <name>SCI_readCharArray</name>
         <value>0x83a35</value>
         <object_component_ref idref="oc-660"/>
      </symbol>
      <symbol id="sm-d1a">
         <name>SCI_clearInterruptStatus</name>
         <value>0x83b24</value>
         <object_component_ref idref="oc-669"/>
      </symbol>
      <symbol id="sm-d1b">
         <name>SCI_writeCharArray</name>
         <value>0x839d1</value>
         <object_component_ref idref="oc-85b"/>
      </symbol>
      <symbol id="sm-d1c">
         <name>SCI_disableInterrupt</name>
         <value>0x83b40</value>
         <object_component_ref idref="oc-6a1"/>
      </symbol>
      <symbol id="sm-d1d">
         <name>SCI_setConfig</name>
         <value>0x837fa</value>
         <object_component_ref idref="oc-695"/>
      </symbol>
      <symbol id="sm-d1e">
         <name>SCI_enableInterrupt</name>
         <value>0x83b5a</value>
         <object_component_ref idref="oc-69b"/>
      </symbol>
      <symbol id="sm-d2c">
         <name>SPI_setConfig</name>
         <value>0x8391b</value>
         <object_component_ref idref="oc-a58"/>
      </symbol>
      <symbol id="sm-da9">
         <name>SysCtl_isPLLValid</name>
         <value>0x82461</value>
         <object_component_ref idref="oc-9db"/>
      </symbol>
      <symbol id="sm-daa">
         <name>SysCtl_delay</name>
         <value>0x8655</value>
         <object_component_ref idref="oc-959"/>
      </symbol>
      <symbol id="sm-dab">
         <name>SysCtl_selectXTALSingleEnded</name>
         <value>0x839f3</value>
         <object_component_ref idref="oc-a37"/>
      </symbol>
      <symbol id="sm-dac">
         <name>SysCtl_selectXTAL</name>
         <value>0x835ff</value>
         <object_component_ref idref="oc-a3d"/>
      </symbol>
      <symbol id="sm-dad">
         <name>SysCtl_selectOscSource</name>
         <value>0x83941</value>
         <object_component_ref idref="oc-9d5"/>
      </symbol>
      <symbol id="sm-dae">
         <name>SysCtl_setClock</name>
         <value>0x828e7</value>
         <object_component_ref idref="oc-960"/>
      </symbol>
      <symbol id="sm-daf">
         <name>SysCtl_selectOscSourceAuxPLL</name>
         <value>0x834cc</value>
         <object_component_ref idref="oc-9e3"/>
      </symbol>
      <symbol id="sm-db0">
         <name>SysCtl_setAuxClock</name>
         <value>0x82b21</value>
         <object_component_ref idref="oc-966"/>
      </symbol>
      <symbol id="sm-ddc">
         <name>PieVectTable</name>
         <value>0xd00</value>
         <object_component_ref idref="oc-6e6"/>
      </symbol>
      <symbol id="sm-ddd">
         <name>GpioCtrlRegs</name>
         <value>0x7c00</value>
         <object_component_ref idref="oc-874"/>
      </symbol>
      <symbol id="sm-dde">
         <name>CpuSysRegs</name>
         <value>0x5d300</value>
         <object_component_ref idref="oc-6e0"/>
      </symbol>
      <symbol id="sm-ddf">
         <name>DevCfgRegs</name>
         <value>0x5d000</value>
         <object_component_ref idref="oc-6e3"/>
      </symbol>
      <symbol id="sm-de0">
         <name>PieCtrlRegs</name>
         <value>0xce0</value>
         <object_component_ref idref="oc-6d0"/>
      </symbol>
      <symbol id="sm-de1">
         <name>GpioDataRegs</name>
         <value>0x7f00</value>
         <object_component_ref idref="oc-99e"/>
      </symbol>
      <symbol id="sm-de2">
         <name>SciaRegs</name>
         <value>0x7200</value>
         <object_component_ref idref="oc-6d6"/>
      </symbol>
      <symbol id="sm-ded">
         <name>_c_int00</name>
         <value>0x83b8d</value>
         <object_component_ref idref="oc-e5"/>
      </symbol>
      <symbol id="sm-dee">
         <name>__stack</name>
         <value>0x400</value>
         <object_component_ref idref="oc-635"/>
      </symbol>
      <symbol id="sm-df9">
         <name>__c28xabi_cmpll</name>
         <value>0x83a93</value>
         <object_component_ref idref="oc-6d9"/>
      </symbol>
      <symbol id="sm-dfa">
         <name>__c28xabi_cmpull</name>
         <value>0x83aa5</value>
         <object_component_ref idref="oc-6d9"/>
      </symbol>
      <symbol id="sm-e0c">
         <name>memcpy</name>
         <value>0x83acf</value>
         <object_component_ref idref="oc-638"/>
      </symbol>
      <symbol id="sm-e19">
         <name>_system_pre_init</name>
         <value>0x844bc</value>
         <object_component_ref idref="oc-64c"/>
      </symbol>
      <symbol id="sm-e28">
         <name>__TI_auto_init_nobinit_nopinit</name>
         <value>0x83825</value>
         <object_component_ref idref="oc-7f1"/>
      </symbol>
      <symbol id="sm-e35">
         <name>__TI_zero_init</name>
         <value>0x8449d</value>
         <object_component_ref idref="oc-646"/>
      </symbol>
      <symbol id="sm-e42">
         <name>__TI_decompress_none</name>
         <value>0x84487</value>
         <object_component_ref idref="oc-de"/>
      </symbol>
      <symbol id="sm-e56">
         <name>__TI_decompress_lzss</name>
         <value>0x8379e</value>
         <object_component_ref idref="oc-d8"/>
      </symbol>
      <symbol id="sm-e6c">
         <name>C$$EXIT</name>
         <value>0x838a2</value>
         <object_component_ref idref="oc-659"/>
      </symbol>
      <symbol id="sm-e6d">
         <name>abort</name>
         <value>0x838a2</value>
         <object_component_ref idref="oc-659"/>
      </symbol>
      <symbol id="sm-e6e">
         <name>exit</name>
         <value>0x838a4</value>
         <object_component_ref idref="oc-659"/>
      </symbol>
      <symbol id="sm-e6f">
         <name>__TI_dtors_ptr</name>
         <value>0xa826</value>
         <object_component_ref idref="oc-829"/>
      </symbol>
      <symbol id="sm-e70">
         <name>__TI_cleanup_ptr</name>
         <value>0xa824</value>
         <object_component_ref idref="oc-829"/>
      </symbol>
      <symbol id="sm-e71">
         <name>__TI_enable_exit_profile_output</name>
         <value>0xa822</value>
         <object_component_ref idref="oc-829"/>
      </symbol>
      <symbol id="sm-e88">
         <name>_nop</name>
         <value>0x84486</value>
         <object_component_ref idref="oc-8db"/>
      </symbol>
      <symbol id="sm-e89">
         <name>_lock</name>
         <value>0xa828</value>
         <object_component_ref idref="oc-82c"/>
      </symbol>
      <symbol id="sm-e8a">
         <name>_unlock</name>
         <value>0xa82a</value>
         <object_component_ref idref="oc-943"/>
      </symbol>
      <symbol id="sm-e8b">
         <name>_register_lock</name>
         <value>0x84482</value>
         <object_component_ref idref="oc-8db"/>
      </symbol>
      <symbol id="sm-e8c">
         <name>_register_unlock</name>
         <value>0x8447e</value>
         <object_component_ref idref="oc-8db"/>
      </symbol>
      <symbol id="sm-e9b">
         <name>_args_main</name>
         <value>0x83c3f</value>
         <object_component_ref idref="oc-653"/>
      </symbol>
      <symbol id="sm-eaa">
         <name>memset</name>
         <value>0x83ff9</value>
         <object_component_ref idref="oc-7e8"/>
      </symbol>
      <symbol id="sm-eb8">
         <name>_system_post_cinit</name>
         <value>0x844be</value>
         <object_component_ref idref="oc-8a7"/>
      </symbol>
      <symbol id="sm-eba">
         <name>__c_args__</name>
         <value>0x0</value>
      </symbol>
   </symbol_table>
   <title>Link successful</title>
</link_info>
