******************************************************************************
             TMS320C2000 Linker PC v22.6.3                     
******************************************************************************
>> Linked Fri Feb 20 13:10:45 2026

OUTPUT FILE NAME:   <RBX_Test.out>
ENTRY POINT SYMBOL: "_c_int00"  address: 00083806


MEMORY CONFIGURATION

         name            origin    length      used     unused   attr    fill
----------------------  --------  ---------  --------  --------  ----  --------
PAGE 0:
  BOOT_RSVD             00000002   000001af  00000000  000001af  RWIX
  RAMM0                 000001b1   0000024f  00000000  0000024f  RWIX
  RAMM1                 00000400   000003f8  00000200  000001f8  RWIX
  RAMLS0                00008000   00000800  000000ce  00000732  RWIX
  RAMLS1                00008800   00000800  00000000  00000800  RWIX
  RAMLS2                00009000   00000800  00000000  00000800  RWIX
  RAMLS3                00009800   00000800  00000000  00000800  RWIX
  RAMLS4                0000a000   00000800  00000000  00000800  RWIX
  RAMLS5                0000a800   00000800  0000053e  000002c2  RWIX
  RAMLS6                0000b000   00000800  00000000  00000800  RWIX
  RAMLS7                0000b800   00000800  00000000  00000800  RWIX
  RAMD0                 0000c000   00000800  00000000  00000800  RWIX
  RAMD1                 0000c800   00000800  00000000  00000800  RWIX
  RAMGS0                0000d000   00001000  00000000  00001000  RWIX
  RAMGS1                0000e000   00001000  00000000  00001000  RWIX
  RAMGS2                0000f000   00001000  00000000  00001000  RWIX
  RAMGS3                00010000   00001000  00000000  00001000  RWIX
  RAMGS4                00011000   00001000  00000000  00001000  RWIX
  RAMGS5                00012000   00001000  00000000  00001000  RWIX
  RAMGS6                00013000   00001000  00000000  00001000  RWIX
  RAMGS7                00014000   00001000  00000000  00001000  RWIX
  RAMGS8                00015000   00001000  00000000  00001000  RWIX
  RAMGS9                00016000   00001000  00000000  00001000  RWIX
  RAMGS10               00017000   00001000  00000000  00001000  RWIX
  RAMGS11               00018000   00001000  00000000  00001000  RWIX
  RAMGS12               00019000   00001000  00000000  00001000  RWIX
  RAMGS13               0001a000   00001000  00000000  00001000  RWIX
  RAMGS14               0001b000   00001000  00000000  00001000  RWIX
  RAMGS15               0001c000   00000ff8  00000000  00000ff8  RWIX
  CMTOCPURAM            00038000   00000800  00000088  00000778  RWIX
  CPUTOCMRAM            00039000   00000800  00000088  00000778  RWIX
  CPU1TOCPU2RAM         0003a000   00000800  00000088  00000778  RWIX
  CPU2TOCPU1RAM         0003b000   00000800  00000088  00000778  RWIX
  CANA_MSG_RAM          00049000   00000800  00000000  00000800  RWIX
  CANB_MSG_RAM          0004b000   00000800  00000000  00000800  RWIX
  BEGIN                 00080000   00000002  00000002  00000000  RWIX
  FLASH0                00080002   00001ffe  00000000  00001ffe  RWIX
  FLASH1                00082000   00002000  00002000  00000000  RWIX
  FLASH2                00084000   00002000  000001b5  00001e4b  RWIX
  FLASH3                00086000   00002000  000000ce  00001f32  RWIX
  FLASH4                00088000   00008000  00000026  00007fda  RWIX
  FLASH5                00090000   00008000  00000248  00007db8  RWIX
  FLASH6                00098000   00008000  00000000  00008000  RWIX
  FLASH7                000a0000   00008000  00000000  00008000  RWIX
  FLASH8                000a8000   00008000  00000000  00008000  RWIX
  FLASH9                000b0000   00008000  00000000  00008000  RWIX
  FLASH10               000b8000   00002000  00000000  00002000  RWIX
  FLASH11               000ba000   00002000  00000000  00002000  RWIX
  FLASH12               000bc000   00002000  00000000  00002000  RWIX
  FLASH13               000be000   00001ff0  00000000  00001ff0  RWIX
  RESET                 003fffc0   00000002  00000000  00000002  RWIX

PAGE 1:
  ADCARESULT            00000b00   00000018  00000018  00000000  RWIX
  ADCBRESULT            00000b20   00000018  00000000  00000018  RWIX
  ADCCRESULT            00000b40   00000018  00000000  00000018  RWIX
  ADCDRESULT            00000b60   00000018  00000000  00000018  RWIX
  CPUTIMER0             00000c00   00000008  00000000  00000008  RWIX
  CPUTIMER1             00000c08   00000008  00000000  00000008  RWIX
  CPUTIMER2             00000c10   00000008  00000000  00000008  RWIX
  PIECTRL               00000ce0   0000001a  0000001a  00000000  RWIX
  PIEVECTTABLE          00000d00   00000200  000001c0  00000040  RWIX
  DMA                   00001000   00000200  00000000  00000200  RWIX
  CLA1                  00001400   00000080  00000000  00000080  RWIX
  CLB1LOGICCFG          00003000   00000052  00000000  00000052  RWIX
  CLB1LOGICCTRL         00003100   00000040  00000000  00000040  RWIX
  CLB1DATAEXCH          00003180   00000080  00000000  00000080  RWIX
  CLB2LOGICCFG          00003200   00000052  00000000  00000052  RWIX
  CLB2LOGICCTRL         00003300   00000040  00000000  00000040  RWIX
  CLB2DATAEXCH          00003380   00000080  00000000  00000080  RWIX
  CLB3LOGICCFG          00003400   00000052  00000000  00000052  RWIX
  CLB3LOGICCTRL         00003500   00000040  00000000  00000040  RWIX
  CLB3DATAEXCH          00003580   00000080  00000000  00000080  RWIX
  CLB4LOGICCFG          00003600   00000052  00000000  00000052  RWIX
  CLB4LOGICCTRL         00003700   00000040  00000000  00000040  RWIX
  CLB4DATAEXCH          00003780   00000080  00000000  00000080  RWIX
  CLB5LOGICCFG          00003800   00000052  00000000  00000052  RWIX
  CLB5LOGICCTRL         00003900   00000040  00000000  00000040  RWIX
  CLB5DATAEXCH          00003980   00000080  00000000  00000080  RWIX
  CLB6LOGICCFG          00003a00   00000052  00000000  00000052  RWIX
  CLB6LOGICCTRL         00003b00   00000040  00000000  00000040  RWIX
  CLB6DATAEXCH          00003b80   00000080  00000000  00000080  RWIX
  CLB7LOGICCFG          00003c00   00000052  00000000  00000052  RWIX
  CLB7LOGICCTRL         00003d00   00000040  00000000  00000040  RWIX
  CLB7DATAEXCH          00003d80   00000080  00000000  00000080  RWIX
  CLB8LOGICCFG          00003e00   00000052  00000000  00000052  RWIX
  CLB8LOGICCTRL         00003f00   00000040  00000000  00000040  RWIX
  CLB8DATAEXCH          00003f80   00000080  00000000  00000080  RWIX
  EPWM1                 00004000   00000100  00000000  00000100  RWIX
  EPWM2                 00004100   00000100  00000000  00000100  RWIX
  EPWM3                 00004200   00000100  00000000  00000100  RWIX
  EPWM4                 00004300   00000100  00000000  00000100  RWIX
  EPWM5                 00004400   00000100  00000000  00000100  RWIX
  EPWM6                 00004500   00000100  00000000  00000100  RWIX
  EPWM7                 00004600   00000100  00000000  00000100  RWIX
  EPWM8                 00004700   00000100  00000100  00000000  RWIX
  EPWM9                 00004800   00000100  00000000  00000100  RWIX
  EPWM10                00004900   00000100  00000000  00000100  RWIX
  EPWM11                00004a00   00000100  00000000  00000100  RWIX
  EPWM12                00004b00   00000100  00000000  00000100  RWIX
  EPWM13                00004c00   00000100  00000000  00000100  RWIX
  EPWM14                00004d00   00000100  00000000  00000100  RWIX
  EPWM15                00004e00   00000100  00000000  00000100  RWIX
  EPWM16                00004f00   00000100  00000000  00000100  RWIX
  EQEP1                 00005100   00000040  00000000  00000040  RWIX
  EQEP2                 00005140   00000040  00000000  00000040  RWIX
  EQEP3                 00005180   00000040  00000000  00000040  RWIX
  ECAP1                 00005200   00000020  00000000  00000020  RWIX
  ECAP2                 00005240   00000020  00000000  00000020  RWIX
  ECAP3                 00005280   00000020  00000000  00000020  RWIX
  ECAP4                 000052c0   00000020  00000000  00000020  RWIX
  ECAP5                 00005300   00000020  00000000  00000020  RWIX
  ECAP6                 00005340   00000020  00000000  00000020  RWIX
  HRCAP6                00005360   00000020  00000000  00000020  RWIX
  ECAP7                 00005380   00000020  00000000  00000020  RWIX
  HRCAP7                000053a0   00000020  00000000  00000020  RWIX
  DACA                  00005c00   00000008  00000000  00000008  RWIX
  DACB                  00005c10   00000008  00000000  00000008  RWIX
  DACC                  00005c20   00000008  00000000  00000008  RWIX
  CMPSS1                00005c80   00000020  00000000  00000020  RWIX
  CMPSS2                00005ca0   00000020  00000000  00000020  RWIX
  CMPSS3                00005cc0   00000020  00000000  00000020  RWIX
  CMPSS4                00005ce0   00000020  00000000  00000020  RWIX
  CMPSS5                00005d00   00000020  00000000  00000020  RWIX
  CMPSS6                00005d20   00000020  00000000  00000020  RWIX
  CMPSS7                00005d40   00000020  00000000  00000020  RWIX
  CMPSS8                00005d60   00000020  00000000  00000020  RWIX
  SDFM1                 00005e00   00000080  00000000  00000080  RWIX
  SDFM2                 00005e80   00000080  00000000  00000080  RWIX
  MCBSPA                00006000   00000024  00000000  00000024  RWIX
  MCBSPB                00006040   00000024  00000000  00000024  RWIX
  SPIA                  00006100   00000010  00000010  00000000  RWIX
  SPIB                  00006110   00000010  00000000  00000010  RWIX
  SPIC                  00006120   00000010  00000000  00000010  RWIX
  SPID                  00006130   00000010  00000000  00000010  RWIX
  BGCRCCPU              00006340   00000040  00000000  00000040  RWIX
  BGCRCCLA1             00006380   00000040  00000000  00000040  RWIX
  PMBUSA                00006400   00000020  00000000  00000020  RWIX
  FSITXA                00006600   00000050  00000000  00000050  RWIX
  FSIRXA                00006680   00000050  00000000  00000050  RWIX
  FSITXB                00006700   00000050  00000000  00000050  RWIX
  FSIRXB                00006780   00000050  00000000  00000050  RWIX
  FSIRXC                00006880   00000050  00000000  00000050  RWIX
  FSIRXD                00006980   00000050  00000000  00000050  RWIX
  FSIRXE                00006a80   00000050  00000000  00000050  RWIX
  FSIRXF                00006b80   00000050  00000000  00000050  RWIX
  FSIRXG                00006c80   00000050  00000000  00000050  RWIX
  FSIRXH                00006d80   00000050  00000000  00000050  RWIX
  WD                    00007000   0000002c  00000000  0000002c  RWIX
  NMIINTRUPT            00007060   00000010  00000000  00000010  RWIX
  XINT                  00007070   0000000c  00000000  0000000c  RWIX
  SCIA                  00007200   00000010  00000000  00000010  RWIX
  SCIB                  00007210   00000010  00000000  00000010  RWIX
  SCIC                  00007220   00000010  00000000  00000010  RWIX
  SCID                  00007230   00000010  00000000  00000010  RWIX
  I2CA                  00007300   00000022  00000000  00000022  RWIX
  I2CB                  00007340   00000022  00000000  00000022  RWIX
  ADCA                  00007400   00000080  0000007c  00000004  RWIX
  ADCB                  00007480   00000080  0000007c  00000004  RWIX
  ADCC                  00007500   00000080  0000007c  00000004  RWIX
  ADCD                  00007580   00000080  0000007c  00000004  RWIX
  INPUTXBAR             00007900   00000020  00000000  00000020  RWIX
  XBAR                  00007920   00000020  00000000  00000020  RWIX
  SYNCSOC               00007940   00000006  00000000  00000006  RWIX
  CLBINPUTXBAR          00007960   00000020  00000000  00000020  RWIX
  DMACLASRCSEL          00007980   0000001a  00000000  0000001a  RWIX
  EPWMXBAR              00007a00   00000040  00000000  00000040  RWIX
  CLBXBAR               00007a40   00000040  00000000  00000040  RWIX
  OUTPUTXBAR            00007a80   00000040  00000000  00000040  RWIX
  CLBOUTPUTXBAR         00007bc0   00000040  00000000  00000040  RWIX
  GPIOCTRL              00007c00   00000200  00000180  00000080  RWIX
  GPIODATA              00007f00   00000040  00000030  00000010  RWIX
  GPIODATAREAD          00007f80   00000010  00000000  00000010  RWIX
  EMIF1                 00047000   00000070  00000000  00000070  RWIX
  EMIF2                 00047800   00000070  00000000  00000070  RWIX
  CANA                  00048000   00000200  00000000  00000200  RWIX
  CANB                  0004a000   00000200  00000000  00000200  RWIX
  ESCSS                 00057e00   00000024  00000000  00000024  RWIX
  ESCSSCONFIG           00057f00   00000016  00000000  00000016  RWIX
  MCANASS               0005c400   0000002c  00000000  0000002c  RWIX
  MCANA                 0005c600   00000100  00000000  00000100  RWIX
  MCANAERR              0005c800   00000210  00000000  00000210  RWIX
  CPU1TOCPU2IPC         0005ce00   00000026  00000000  00000026  RWIX
  CPU1TOCMIPC           0005ce40   00000026  00000000  00000026  RWIX
  DEVCFG                0005d000   000001a0  00000000  000001a0  RWIX
  CLKCFG                0005d200   00000100  00000000  00000100  RWIX
  CPUSYS                0005d300   000000a0  0000009c  00000004  RWIX
  SYSSTATUS             0005d400   00000100  00000000  00000100  RWIX
  SYSPERIPHAC           0005d500   00000200  00000000  00000200  RWIX
  ANALOGSUBSYS          0005d700   00000100  00000000  00000100  RWIX
  CMCONF                0005dc00   00000400  00000000  00000400  RWIX
  DCC0                  0005e700   00000038  00000000  00000038  RWIX
  DCC1                  0005e740   00000038  00000000  00000038  RWIX
  DCC2                  0005e780   00000038  00000000  00000038  RWIX
  ERADGLOBAL            0005e800   00000014  00000000  00000014  RWIX
  ERADHWBP1             0005e900   00000008  00000000  00000008  RWIX
  ERADHWBP2             0005e908   00000008  00000000  00000008  RWIX
  ERADHWBP3             0005e910   00000008  00000000  00000008  RWIX
  ERADHWBP4             0005e918   00000008  00000000  00000008  RWIX
  ERADHWBP5             0005e920   00000008  00000000  00000008  RWIX
  ERADHWBP6             0005e928   00000008  00000000  00000008  RWIX
  ERADHWBP7             0005e930   00000008  00000000  00000008  RWIX
  ERADHWBP8             0005e938   00000008  00000000  00000008  RWIX
  ERADCOUNTER1          0005e980   00000010  00000000  00000010  RWIX
  ERADCOUNTER2          0005e990   00000010  00000000  00000010  RWIX
  ERADCOUNTER3          0005e9a0   00000010  00000000  00000010  RWIX
  ERADCOUNTER4          0005e9b0   00000010  00000000  00000010  RWIX
  ERADCRCGLOBAL         0005ea00   00000010  00000000  00000010  RWIX
  ERADCRC1              0005ea10   00000010  00000000  00000010  RWIX
  ERADCRC2              0005ea20   00000010  00000000  00000010  RWIX
  ERADCRC3              0005ea30   00000010  00000000  00000010  RWIX
  ERADCRC4              0005ea40   00000010  00000000  00000010  RWIX
  ERADCRC5              0005ea50   00000010  00000000  00000010  RWIX
  ERADCRC6              0005ea60   00000010  00000000  00000010  RWIX
  ERADCRC7              0005ea70   00000010  00000000  00000010  RWIX
  ERADCRC8              0005ea80   00000010  00000000  00000010  RWIX
  DCSMZ1                0005f000   0000003e  00000000  0000003e  RWIX
  DCSMZ2                0005f080   0000003e  00000000  0000003e  RWIX
  DCSMCOMMON            0005f0c0   00000020  00000000  00000020  RWIX
  MEMCFG                0005f400   000000c0  00000000  000000c0  RWIX
  EMIF1CONFIG           0005f4c0   00000020  00000000  00000020  RWIX
  EMIF2CONFIG           0005f4e0   00000020  00000000  00000020  RWIX
  ACCESSPROTECTION      0005f500   00000040  00000000  00000040  RWIX
  MEMORYERROR           0005f540   00000040  00000000  00000040  RWIX
  ROMWAITSTATE          0005f580   00000008  00000000  00000008  RWIX
  ROMPREFETCH           0005f588   00000008  00000000  00000008  RWIX
  TESTERROR             0005f590   00000010  00000000  00000010  RWIX
  FLASH0CTRL            0005f800   00000182  00000000  00000182  RWIX
  FLASH0ECC             0005fb00   00000028  00000000  00000028  RWIX
  UID                   00070200   00000010  00000000  00000010  RWIX
  DCSMZ1OTP             00078000   00000020  00000000  00000020  RWIX
  DCSMZ2OTP             00078200   00000020  00000000  00000020  RWIX


SECTION ALLOCATION MAP

 output                                  attributes/
section   page    origin      length       input sections
--------  ----  ----------  ----------   ----------------
codestart 
*          0    00080000    00000002     
                  00080000    00000002     f2838x_codestartbranch.obj (codestart)

.cinit     0    00088000    00000026     
                  00088000    0000000b     (.cinit..data.load) [load image, compression = lzss]
                  0008800b    00000001     --HOLE-- [fill = 0]
                  0008800c    00000006     (__TI_handler_table)
                  00088012    00000004     (.cinit..bss.load) [load image, compression = zero_init]
                  00088016    00000004     (.cinit.PieVectTableFile.load) [load image, compression = zero_init]
                  0008801a    0000000c     (__TI_cinit_table)

.reset     0    003fffc0    00000000     DSECT

.stack     0    00000400    00000200     UNINITIALIZED
                  00000400    00000200     --HOLE--

.init_array 
*          0    00082000    00000000     UNINITIALIZED

.bss       0    0000a814    0000052a     UNINITIALIZED
                  0000a814    000003e8     DevAdc.obj (.bss:AdcResults)
                  0000abfc    00000004     CSU_Adc.obj (.bss)
                  0000ac00    00000101     DevSci.obj (.bss)
                  0000ad01    0000001b     CSU_LED.obj (.bss)
                  0000ad1c    00000010     CSU_SSI.obj (.bss)
                  0000ad2c    0000000c     CSU_IPC.obj (.bss)
                  0000ad38    00000006     DevTimer.obj (.bss)

.data      0    0000a800    00000014     UNINITIALIZED
                  0000a800    00000006     DevAdc.obj (.data)
                  0000a806    00000006     rts2800_fpu64_eabi.lib : exit.c.obj (.data)
                  0000a80c    00000004     CSU_Zero.obj (.data)
                  0000a810    00000002     rts2800_fpu64_eabi.lib : _lock.c.obj (.data:_lock)
                  0000a812    00000002                            : _lock.c.obj (.data:_unlock)

MSGRAM_CM_TO_CPU 
*          0    00038000    00000088     UNINITIALIZED
                  00038000    00000088     ipc.obj (MSGRAM_CM_TO_CPU)

MSGRAM_CPU_TO_CM 
*          0    00039000    00000088     UNINITIALIZED
                  00039000    00000088     ipc.obj (MSGRAM_CPU_TO_CM)

.const     0    00090000    00000248     
                  00090000    000001c0     f2838x_pievect.obj (.const)
                  000901c0    00000088     ipc.obj (.const:IPC_Instance)

MSGRAM_CPU1_TO_CPU2 
*          0    0003a000    00000088     UNINITIALIZED
                  0003a000    00000088     ipc.obj (MSGRAM_CPU1_TO_CPU2)

MSGRAM_CPU2_TO_CPU1 
*          0    0003b000    00000088     UNINITIALIZED
                  0003b000    00000088     ipc.obj (MSGRAM_CPU2_TO_CPU1)

.TI.ramfunc 
*          0    00086000    000000ce     RUN ADDR = 00008000
                  00086000    00000087     DevAdc.obj (.TI.ramfunc:AdcaIsr)
                  00086087    0000003f     flash.obj (.TI.ramfunc:Flash_initModule)
                  000860c6    00000004     f2838x_usdelay.obj (.TI.ramfunc)
                  000860ca    00000004     sysctl.obj (.TI.ramfunc)

AdcaResultRegsFile 
*          1    00000b00    00000018     UNINITIALIZED
                  00000b00    00000018     f2838x_globalvariabledefs.obj (AdcaResultRegsFile)

PieVectTableFile 
*          1    00000d00    000001c0     UNINITIALIZED
                  00000d00    000001c0     f2838x_globalvariabledefs.obj (PieVectTableFile)

EmuKeyVar 
*          1    00000d00    00000000     UNINITIALIZED

EmuBModeVar 
*          1    00000d00    00000000     UNINITIALIZED

EmuBootPinsVar 
*          1    00000d00    00000000     UNINITIALIZED

FlashCallbackVar 
*          1    00000d00    00000000     UNINITIALIZED

FlashScalingVar 
*          1    00000d00    00000000     UNINITIALIZED

AdcaRegsFile 
*          1    00007400    0000007c     UNINITIALIZED
                  00007400    0000007c     f2838x_globalvariabledefs.obj (AdcaRegsFile)

AdcbRegsFile 
*          1    00007480    0000007c     UNINITIALIZED
                  00007480    0000007c     f2838x_globalvariabledefs.obj (AdcbRegsFile)

AdccRegsFile 
*          1    00007500    0000007c     UNINITIALIZED
                  00007500    0000007c     f2838x_globalvariabledefs.obj (AdccRegsFile)

AdcdRegsFile 
*          1    00007580    0000007c     UNINITIALIZED
                  00007580    0000007c     f2838x_globalvariabledefs.obj (AdcdRegsFile)

CpuSysRegsFile 
*          1    0005d300    0000009c     UNINITIALIZED
                  0005d300    0000009c     f2838x_globalvariabledefs.obj (CpuSysRegsFile)

EPwm8RegsFile 
*          1    00004700    00000100     UNINITIALIZED
                  00004700    00000100     f2838x_globalvariabledefs.obj (EPwm8RegsFile)

GpioCtrlRegsFile 
*          1    00007c00    00000180     UNINITIALIZED
                  00007c00    00000180     f2838x_globalvariabledefs.obj (GpioCtrlRegsFile)

GpioDataRegsFile 
*          1    00007f00    00000030     UNINITIALIZED
                  00007f00    00000030     f2838x_globalvariabledefs.obj (GpioDataRegsFile)

PieCtrlRegsFile 
*          1    00000ce0    0000001a     UNINITIALIZED
                  00000ce0    0000001a     f2838x_globalvariabledefs.obj (PieCtrlRegsFile)

SpiaRegsFile 
*          1    00006100    00000010     UNINITIALIZED
                  00006100    00000010     f2838x_globalvariabledefs.obj (SpiaRegsFile)

dcsm_z1otp_link_pointer 
*          0    00000002    00000000     

dcsm_z1otp_jlm_enable 
*          0    00000002    00000000     

dcsm_z1otp_gpreg 
*          0    00000002    00000000     

dcsm_z1otp_pswd_lock 
*          0    00000002    00000000     

dcsm_z1otp_crc_lock 
*          0    00000002    00000000     

dcsm_z1otp_jtag_pswdh 
*          0    00000002    00000000     

dcsm_z1otp_cmac_key 
*          0    00000002    00000000     

dcsm_zsel_z1 
*          0    00000002    00000000     

dcsm_z2otp_link_pointer 
*          0    00000002    00000000     

dcsm_rsvd_z2 
*          0    00000002    00000000     

dcsm_z2otp_gpreg 
*          0    00000002    00000000     

dcsm_z2otp_pswd_lock 
*          0    00000002    00000000     

dcsm_z2otp_crc_lock 
*          0    00000002    00000000     

dcsm_rsvd1_z2 
*          0    00000002    00000000     

dcsm_zsel_z2 
*          0    00000002    00000000     

.text.1    0    00082000    00002000     
                  00082000    00000199     sysctl.obj (.text:SysCtl_isPLLValid)
                  00082199    00000167     device.obj (.text:Device_enableAllPeripherals)
                  00082300    00000124     sysctl.obj (.text:SysCtl_setClock)
                  00082424    000000fa     CSU_Zero.obj (.text:procEncoderZero)
                  0008251e    000000f7     CSU_IPC.obj (.text:sendIpcMessage1)
                  00082615    000000ec     sysctl.obj (.text:SysCtl_setAuxClock)
                  00082701    000000bb     dcc.obj (.text:DCC_verifyClockFrequency)
                  000827bc    000000b8     DevSci.obj (.text:isrScib_IPC)
                  00082874    000000b2     f2838x_adc.obj (.text:AdcSetMode)
                  00082926    000000ac     DevSci.obj (.text:initScib_IPC)
                  000829d2    000000a5     CSU_SSI.obj (.text:Calculate_CRC7)
                  00082a77    0000009b     CSU_SSI.obj (.text:updateEncoderState)
                  00082b12    00000084     f2838x_gpio.obj (.text:GPIO_SetupPinOptions)
                  00082b96    0000007b     CSU_LED.obj (.text:Initial_LED)
                  00082c11    00000074     DevAdc.obj (.text:InitAdcModules)
                  00082c85    00000074     interrupt.obj (.text:Interrupt_clearIFR)
                  00082cf9    00000067     DevTimer.obj (.text:Initial_TIMER)
                  00082d60    00000064     CSU_LED.obj (.text:HW_writeLedPin)
                  00082dc4    0000005f     sysctl.obj (.text:SysCtl_pollX1Counter)
                  00082e23    0000005b     CSU_LED.obj (.text:initGpioDoutLed)
                  00082e7e    00000054     f2838x_gpio.obj (.text:GPIO_SetupPinMux)
                  00082ed2    00000051     CSU_IPC.obj (.text:recvIpcMessage)
                  00082f23    00000050     sysctl.obj (.text:SysCtl_selectOscSourceAuxPLL)
                  00082f73    0000004f     DevSpi.obj (.text:InitSpia)
                  00082fc2    0000004e     device.obj (.text:Device_init)
                  00083010    0000004b     DevTimer.obj (.text:initCPUTimers)
                  0008305b    0000004a     interrupt.obj (.text:Interrupt_disable)
                  000830a5    00000047     DevAdc.obj (.text:initEPWM8)
                  000830ec    00000045     CSU_Zero.obj (.text:manualCtrlZero)
                  00083131    00000042     CSU_LED.obj (.text:HW_toggleLedPin)
                  00083173    00000042     sysctl.obj (.text:SysCtl_selectXTAL)
                  000831b5    00000042     CSU_LED.obj (.text:updateSetRstGpioLed)
                  000831f7    00000041     interrupt.obj (.text:Interrupt_initModule)
                  00083238    00000040     DevTimer.obj (.text:isr_CpuTimer0)
                  00083278    0000003f     gpio.obj (.text:GPIO_setPadConfig)
                  000832b7    00000038     CSU_SSI.obj (.text:PollingEncoderSSI)
                  000832ef    00000036     interrupt.obj (.text:Interrupt_enable)
                  00083325    00000030     gpio.obj (.text:GPIO_setPinConfig)
                  00083355    0000002f     CSU_LED.obj (.text:updateLedStatus)
                  00083384    0000002e     rts2800_fpu64_eabi.lib : copy_decompress_lzss.c.obj (.text:decompress:lzss)
                  000833b2    0000002c     DevSci.obj (.text:dequeueSci)
                  000833de    0000002c     DevSci.obj (.text:enqueueSci)
                  0008340a    0000002b     CSU_eQEP.obj (.text:Init_Eqep1Gpio)
                  00083435    0000002b     sci.obj (.text:SCI_setConfig)
                  00083460    0000002b     sysctl.obj (.text:SysCtl_selectOscSource)
                  0008348b    0000002b     rts2800_fpu64_eabi.lib : autoinit.c.obj (.text:__TI_auto_init_nobinit_nopinit)
                  000834b6    00000029     DevTimer.obj (.text:configCPUTimer)
                  000834df    00000029     rts2800_fpu64_eabi.lib : exit.c.obj (.text)
                  00083508    00000028     DevSci.obj (.text:sendScib_IPC)
                  00083530    00000026     f2838x_adc.obj (.text:CalAdcINL)
                  00083556    00000026     spi.obj (.text:SPI_setConfig)
                  0008357c    00000026     main.obj (.text:main)
                  000835a2    00000025     CSU_eQEP.obj (.text:EqeptoEncoder)
                  000835c7    00000024     CSU_eQEP.obj (.text:Init_Eqep1)
                  000835eb    00000022     gpio.obj (.text:GPIO_setControllerCore)
                  0008360d    00000022     gpio.obj (.text:GPIO_setQualificationMode)
                  0008362f    00000022     sci.obj (.text:SCI_writeCharArray)
                  00083651    00000022     sysctl.obj (.text:SysCtl_selectXTALSingleEnded)
                  00083673    00000020     gpio.obj (.text:GPIO_setDirectionMode)
                  00083693    00000020     sci.obj (.text:SCI_readCharArray)
                  000836b3    0000001f     CSU_Zero.obj (.text:initEncoderZero)
                  000836d2    0000001f     CSU_Zero.obj (.text:initGPIODoutZero)
                  000836f1    0000001e     device.obj (.text:Device_initGPIO)
                  0008370f    00000001     rts2800_fpu64_eabi.lib : startup.c.obj (.text)
                  00083710    0000001d     interrupt.obj (.text:Interrupt_initVectorTable)
                  0008372d    0000001d     rts2800_fpu64_eabi.lib : memcpy.c.obj (.text)
                  0008374a    0000001c     device.obj (.text:Device_verifyXTAL)
                  00083766    0000001c     ipc.obj (.text:IPC_unregisterInterrupt)
                  00083782    0000001c     sci.obj (.text:SCI_clearInterruptStatus)
                  0008379e    0000001b     CSU_SSI.obj (.text:initEncoderSSI)
                  000837b9    0000001a     sci.obj (.text:SCI_disableInterrupt)
                  000837d3    0000001a     sci.obj (.text:SCI_enableInterrupt)
                  000837ed    00000019     device.obj (.text:SysCtl_enablePeripheral)
                  00083806    00000019     rts2800_fpu64_eabi.lib : boot28.asm.obj (.text)
                  0008381f    00000018                            : ll_aox28.asm.obj (.text)
                  00083837    00000018     CSU_LED.obj (.text:setLedStatus)
                  0008384f    00000017     DevDspInit.obj (.text:InitialPeripherals)
                  00083866    00000016     DevTimer.obj (.text:isr_CpuTimer1)
                  0008387c    00000015     DevTimer.obj (.text:isr_CpuTimer2)
                  00083891    00000013     device.obj (.text:Device_enableUnbondedGPIOPullupsFor176Pin)
                  000838a4    00000011     CSU_eQEP.obj (.text:updateHwSwitchStatus2)
                  000838b5    00000011     DevSci.obj (.text:xmtScib_IPC)
                  000838c6    00000010     DevAdc.obj (.text:InitialAdc)
                  000838d6    00000010     CSU_LED.obj (.text:setLedModeToggle)
                  000838e6    0000000f     CSU_Adc.obj (.text:updateAdcData)
                  000838f5    0000000e     DevDspInit.obj (.text:DSP_Initialization)
                  00083903    0000000d     f2838x_defaultisr.obj (.text:EMPTY_ISR)
                  00083910    0000000c     interrupt.obj (.text:Interrupt_defaultHandler)
                  0008391c    0000000c     rts2800_fpu64_eabi.lib : args_main.c.obj (.text)
                  00083928    0000000c     CSU_LED.obj (.text:updateOrangeLed)
                  00083934    0000000b     device.obj (.text:Device_enableUnbondedGPIOPullups)
                  0008393f    0000000b     CSU_Adc.obj (.text:Initial_CSU_Adc)
                  0008394a    0000000b     main.obj (.text:cycle_100ms)
                  00083955    0000000a     f2838x_defaultisr.obj (.text:ADCA1_ISR)
                  0008395f    0000000a     f2838x_defaultisr.obj (.text:ADCA2_ISR)
                  00083969    0000000a     f2838x_defaultisr.obj (.text:ADCA3_ISR)
                  00083973    0000000a     f2838x_defaultisr.obj (.text:ADCA4_ISR)
                  0008397d    0000000a     f2838x_defaultisr.obj (.text:ADCA_EVT_ISR)
                  00083987    0000000a     f2838x_defaultisr.obj (.text:ADCB1_ISR)
                  00083991    0000000a     f2838x_defaultisr.obj (.text:ADCB2_ISR)
                  0008399b    0000000a     f2838x_defaultisr.obj (.text:ADCB3_ISR)
                  000839a5    0000000a     f2838x_defaultisr.obj (.text:ADCB4_ISR)
                  000839af    0000000a     f2838x_defaultisr.obj (.text:ADCB_EVT_ISR)
                  000839b9    0000000a     f2838x_defaultisr.obj (.text:ADCC1_ISR)
                  000839c3    0000000a     f2838x_defaultisr.obj (.text:ADCC2_ISR)
                  000839cd    0000000a     f2838x_defaultisr.obj (.text:ADCC3_ISR)
                  000839d7    0000000a     f2838x_defaultisr.obj (.text:ADCC4_ISR)
                  000839e1    0000000a     f2838x_defaultisr.obj (.text:ADCC_EVT_ISR)
                  000839eb    0000000a     f2838x_defaultisr.obj (.text:ADCD1_ISR)
                  000839f5    0000000a     f2838x_defaultisr.obj (.text:ADCD2_ISR)
                  000839ff    0000000a     f2838x_defaultisr.obj (.text:ADCD3_ISR)
                  00083a09    0000000a     f2838x_defaultisr.obj (.text:ADCD4_ISR)
                  00083a13    0000000a     f2838x_defaultisr.obj (.text:ADCD_EVT_ISR)
                  00083a1d    0000000a     f2838x_defaultisr.obj (.text:CANA0_ISR)
                  00083a27    0000000a     f2838x_defaultisr.obj (.text:CANA1_ISR)
                  00083a31    0000000a     f2838x_defaultisr.obj (.text:CANB0_ISR)
                  00083a3b    0000000a     f2838x_defaultisr.obj (.text:CANB1_ISR)
                  00083a45    0000000a     f2838x_defaultisr.obj (.text:CIPC0_ISR)
                  00083a4f    0000000a     f2838x_defaultisr.obj (.text:CIPC1_ISR)
                  00083a59    0000000a     f2838x_defaultisr.obj (.text:CIPC2_ISR)
                  00083a63    0000000a     f2838x_defaultisr.obj (.text:CIPC3_ISR)
                  00083a6d    0000000a     f2838x_defaultisr.obj (.text:CLA1CRC_ISR)
                  00083a77    0000000a     f2838x_defaultisr.obj (.text:CLA1_1_ISR)
                  00083a81    0000000a     f2838x_defaultisr.obj (.text:CLA1_2_ISR)
                  00083a8b    0000000a     f2838x_defaultisr.obj (.text:CLA1_3_ISR)
                  00083a95    0000000a     f2838x_defaultisr.obj (.text:CLA1_4_ISR)
                  00083a9f    0000000a     f2838x_defaultisr.obj (.text:CLA1_5_ISR)
                  00083aa9    0000000a     f2838x_defaultisr.obj (.text:CLA1_6_ISR)
                  00083ab3    0000000a     f2838x_defaultisr.obj (.text:CLA1_7_ISR)
                  00083abd    0000000a     f2838x_defaultisr.obj (.text:CLA1_8_ISR)
                  00083ac7    0000000a     f2838x_defaultisr.obj (.text:CLA_OVERFLOW_ISR)
                  00083ad1    0000000a     f2838x_defaultisr.obj (.text:CLA_UNDERFLOW_ISR)
                  00083adb    0000000a     f2838x_defaultisr.obj (.text:CLB1_ISR)
                  00083ae5    0000000a     f2838x_defaultisr.obj (.text:CLB2_ISR)
                  00083aef    0000000a     f2838x_defaultisr.obj (.text:CLB3_ISR)
                  00083af9    0000000a     f2838x_defaultisr.obj (.text:CLB4_ISR)
                  00083b03    0000000a     f2838x_defaultisr.obj (.text:CLB5_ISR)
                  00083b0d    0000000a     f2838x_defaultisr.obj (.text:CLB6_ISR)
                  00083b17    0000000a     f2838x_defaultisr.obj (.text:CLB7_ISR)
                  00083b21    0000000a     f2838x_defaultisr.obj (.text:CLB8_ISR)
                  00083b2b    0000000a     f2838x_defaultisr.obj (.text:CMTOCPUXIPC0_ISR)
                  00083b35    0000000a     f2838x_defaultisr.obj (.text:CMTOCPUXIPC1_ISR)
                  00083b3f    0000000a     f2838x_defaultisr.obj (.text:CMTOCPUXIPC2_ISR)
                  00083b49    0000000a     f2838x_defaultisr.obj (.text:CMTOCPUXIPC3_ISR)
                  00083b53    0000000a     f2838x_defaultisr.obj (.text:CMTOCPUXIPC4_ISR)
                  00083b5d    0000000a     f2838x_defaultisr.obj (.text:CMTOCPUXIPC5_ISR)
                  00083b67    0000000a     f2838x_defaultisr.obj (.text:CMTOCPUXIPC6_ISR)
                  00083b71    0000000a     f2838x_defaultisr.obj (.text:CMTOCPUXIPC7_ISR)
                  00083b7b    0000000a     f2838x_defaultisr.obj (.text:CM_STATUS_ISR)
                  00083b85    0000000a     f2838x_defaultisr.obj (.text:CPUCRC_ISR)
                  00083b8f    0000000a     f2838x_defaultisr.obj (.text:DATALOG_ISR)
                  00083b99    0000000a     f2838x_defaultisr.obj (.text:DMA_CH1_ISR)
                  00083ba3    0000000a     f2838x_defaultisr.obj (.text:DMA_CH2_ISR)
                  00083bad    0000000a     f2838x_defaultisr.obj (.text:DMA_CH3_ISR)
                  00083bb7    0000000a     f2838x_defaultisr.obj (.text:DMA_CH4_ISR)
                  00083bc1    0000000a     f2838x_defaultisr.obj (.text:DMA_CH5_ISR)
                  00083bcb    0000000a     f2838x_defaultisr.obj (.text:DMA_CH6_ISR)
                  00083bd5    0000000a     f2838x_defaultisr.obj (.text:ECAP1_ISR)
                  00083bdf    0000000a     f2838x_defaultisr.obj (.text:ECAP2_ISR)
                  00083be9    0000000a     f2838x_defaultisr.obj (.text:ECAP3_ISR)
                  00083bf3    0000000a     f2838x_defaultisr.obj (.text:ECAP4_ISR)
                  00083bfd    0000000a     f2838x_defaultisr.obj (.text:ECAP5_ISR)
                  00083c07    0000000a     f2838x_defaultisr.obj (.text:ECAP6_2_ISR)
                  00083c11    0000000a     f2838x_defaultisr.obj (.text:ECAP6_ISR)
                  00083c1b    0000000a     f2838x_defaultisr.obj (.text:ECAP7_2_ISR)
                  00083c25    0000000a     f2838x_defaultisr.obj (.text:ECAP7_ISR)
                  00083c2f    0000000a     f2838x_defaultisr.obj (.text:ECATRST_ISR)
                  00083c39    0000000a     f2838x_defaultisr.obj (.text:ECATSYNC0_ISR)
                  00083c43    0000000a     f2838x_defaultisr.obj (.text:ECATSYNC1_ISR)
                  00083c4d    0000000a     f2838x_defaultisr.obj (.text:ECAT_ISR)
                  00083c57    0000000a     f2838x_defaultisr.obj (.text:EMU_ISR)
                  00083c61    0000000a     f2838x_defaultisr.obj (.text:EPWM10_ISR)
                  00083c6b    0000000a     f2838x_defaultisr.obj (.text:EPWM10_TZ_ISR)
                  00083c75    0000000a     f2838x_defaultisr.obj (.text:EPWM11_ISR)
                  00083c7f    0000000a     f2838x_defaultisr.obj (.text:EPWM11_TZ_ISR)
                  00083c89    0000000a     f2838x_defaultisr.obj (.text:EPWM12_ISR)
                  00083c93    0000000a     f2838x_defaultisr.obj (.text:EPWM12_TZ_ISR)
                  00083c9d    0000000a     f2838x_defaultisr.obj (.text:EPWM13_ISR)
                  00083ca7    0000000a     f2838x_defaultisr.obj (.text:EPWM13_TZ_ISR)
                  00083cb1    0000000a     f2838x_defaultisr.obj (.text:EPWM14_ISR)
                  00083cbb    0000000a     f2838x_defaultisr.obj (.text:EPWM14_TZ_ISR)
                  00083cc5    0000000a     f2838x_defaultisr.obj (.text:EPWM15_ISR)
                  00083ccf    0000000a     f2838x_defaultisr.obj (.text:EPWM15_TZ_ISR)
                  00083cd9    0000000a     f2838x_defaultisr.obj (.text:EPWM16_ISR)
                  00083ce3    0000000a     f2838x_defaultisr.obj (.text:EPWM16_TZ_ISR)
                  00083ced    0000000a     f2838x_defaultisr.obj (.text:EPWM1_ISR)
                  00083cf7    0000000a     f2838x_defaultisr.obj (.text:EPWM1_TZ_ISR)
                  00083d01    0000000a     f2838x_defaultisr.obj (.text:EPWM2_ISR)
                  00083d0b    0000000a     f2838x_defaultisr.obj (.text:EPWM2_TZ_ISR)
                  00083d15    0000000a     f2838x_defaultisr.obj (.text:EPWM3_ISR)
                  00083d1f    0000000a     f2838x_defaultisr.obj (.text:EPWM3_TZ_ISR)
                  00083d29    0000000a     f2838x_defaultisr.obj (.text:EPWM4_ISR)
                  00083d33    0000000a     f2838x_defaultisr.obj (.text:EPWM4_TZ_ISR)
                  00083d3d    0000000a     f2838x_defaultisr.obj (.text:EPWM5_ISR)
                  00083d47    0000000a     f2838x_defaultisr.obj (.text:EPWM5_TZ_ISR)
                  00083d51    0000000a     f2838x_defaultisr.obj (.text:EPWM6_ISR)
                  00083d5b    0000000a     f2838x_defaultisr.obj (.text:EPWM6_TZ_ISR)
                  00083d65    0000000a     f2838x_defaultisr.obj (.text:EPWM7_ISR)
                  00083d6f    0000000a     f2838x_defaultisr.obj (.text:EPWM7_TZ_ISR)
                  00083d79    0000000a     f2838x_defaultisr.obj (.text:EPWM8_ISR)
                  00083d83    0000000a     f2838x_defaultisr.obj (.text:EPWM8_TZ_ISR)
                  00083d8d    0000000a     f2838x_defaultisr.obj (.text:EPWM9_ISR)
                  00083d97    0000000a     f2838x_defaultisr.obj (.text:EPWM9_TZ_ISR)
                  00083da1    0000000a     f2838x_defaultisr.obj (.text:EQEP1_ISR)
                  00083dab    0000000a     f2838x_defaultisr.obj (.text:EQEP2_ISR)
                  00083db5    0000000a     f2838x_defaultisr.obj (.text:EQEP3_ISR)
                  00083dbf    0000000a     f2838x_defaultisr.obj (.text:FMC_ISR)
                  00083dc9    0000000a     f2838x_defaultisr.obj (.text:FPU_OFLOW_ISR)
                  00083dd3    0000000a     f2838x_defaultisr.obj (.text:FPU_UFLOW_ISR)
                  00083ddd    0000000a     f2838x_defaultisr.obj (.text:FSIRXA1_ISR)
                  00083de7    0000000a     f2838x_defaultisr.obj (.text:FSIRXA2_ISR)
                  00083df1    0000000a     f2838x_defaultisr.obj (.text:FSIRXB1_ISR)
                  00083dfb    0000000a     f2838x_defaultisr.obj (.text:FSIRXB2_ISR)
                  00083e05    0000000a     f2838x_defaultisr.obj (.text:FSIRXC1_ISR)
                  00083e0f    0000000a     f2838x_defaultisr.obj (.text:FSIRXC2_ISR)
                  00083e19    0000000a     f2838x_defaultisr.obj (.text:FSIRXD1_ISR)
                  00083e23    0000000a     f2838x_defaultisr.obj (.text:FSIRXD2_ISR)
                  00083e2d    0000000a     f2838x_defaultisr.obj (.text:FSIRXE1_ISR)
                  00083e37    0000000a     f2838x_defaultisr.obj (.text:FSIRXE2_ISR)
                  00083e41    0000000a     f2838x_defaultisr.obj (.text:FSIRXF1_ISR)
                  00083e4b    0000000a     f2838x_defaultisr.obj (.text:FSIRXF2_ISR)
                  00083e55    0000000a     f2838x_defaultisr.obj (.text:FSIRXG1_ISR)
                  00083e5f    0000000a     f2838x_defaultisr.obj (.text:FSIRXG2_ISR)
                  00083e69    0000000a     f2838x_defaultisr.obj (.text:FSIRXH1_ISR)
                  00083e73    0000000a     f2838x_defaultisr.obj (.text:FSIRXH2_ISR)
                  00083e7d    0000000a     f2838x_defaultisr.obj (.text:FSITXA1_ISR)
                  00083e87    0000000a     f2838x_defaultisr.obj (.text:FSITXA2_ISR)
                  00083e91    0000000a     f2838x_defaultisr.obj (.text:FSITXB1_ISR)
                  00083e9b    0000000a     f2838x_defaultisr.obj (.text:FSITXB2_ISR)
                  00083ea5    0000000a     f2838x_defaultisr.obj (.text:I2CA_FIFO_ISR)
                  00083eaf    0000000a     f2838x_defaultisr.obj (.text:I2CA_HIGH_ISR)
                  00083eb9    0000000a     f2838x_defaultisr.obj (.text:I2CA_ISR)
                  00083ec3    0000000a     f2838x_defaultisr.obj (.text:I2CB_FIFO_ISR)
                  00083ecd    0000000a     f2838x_defaultisr.obj (.text:I2CB_ISR)
                  00083ed7    0000000a     f2838x_defaultisr.obj (.text:ILLEGAL_ISR)
                  00083ee1    0000000a     interrupt.obj (.text:Interrupt_illegalOperationHandler)
                  00083eeb    0000000a     interrupt.obj (.text:Interrupt_nmiHandler)
                  00083ef5    0000000a     f2838x_defaultisr.obj (.text:MCANA_0_ISR)
                  00083eff    0000000a     f2838x_defaultisr.obj (.text:MCANA_1_ISR)
                  00083f09    0000000a     f2838x_defaultisr.obj (.text:MCANA_ECC_ISR)
                  00083f13    0000000a     f2838x_defaultisr.obj (.text:MCANA_WAKE_ISR)
                  00083f1d    0000000a     f2838x_defaultisr.obj (.text:MCBSPA_RX_ISR)
                  00083f27    0000000a     f2838x_defaultisr.obj (.text:MCBSPA_TX_ISR)
                  00083f31    0000000a     f2838x_defaultisr.obj (.text:MCBSPB_RX_ISR)
                  00083f3b    0000000a     f2838x_defaultisr.obj (.text:MCBSPB_TX_ISR)
                  00083f45    0000000a     f2838x_defaultisr.obj (.text:MPOST_ISR)
                  00083f4f    0000000a     f2838x_defaultisr.obj (.text:NMI_ISR)
                  00083f59    0000000a     f2838x_defaultisr.obj (.text:NOTUSED_ISR)
                  00083f63    0000000a     f2838x_defaultisr.obj (.text:PIE_RESERVED_ISR)
                  00083f6d    0000000a     f2838x_defaultisr.obj (.text:PMBUSA_ISR)
                  00083f77    0000000a     f2838x_defaultisr.obj (.text:RTOS_ISR)
                  00083f81    0000000a     f2838x_defaultisr.obj (.text:SCIA_RX_ISR)
                  00083f8b    0000000a     f2838x_defaultisr.obj (.text:SCIA_TX_ISR)
                  00083f95    0000000a     f2838x_defaultisr.obj (.text:SCIB_RX_ISR)
                  00083f9f    0000000a     f2838x_defaultisr.obj (.text:SCIB_TX_ISR)
                  00083fa9    0000000a     f2838x_defaultisr.obj (.text:SCIC_RX_ISR)
                  00083fb3    0000000a     f2838x_defaultisr.obj (.text:SCIC_TX_ISR)
                  00083fbd    0000000a     f2838x_defaultisr.obj (.text:SCID_RX_ISR)
                  00083fc7    0000000a     f2838x_defaultisr.obj (.text:SCID_TX_ISR)
                  00083fd1    0000000a     f2838x_defaultisr.obj (.text:SDFM1DR1_ISR)
                  00083fdb    0000000a     f2838x_defaultisr.obj (.text:SDFM1DR2_ISR)
                  00083fe5    0000000a     f2838x_defaultisr.obj (.text:SDFM1DR3_ISR)
                  00083fef    0000000a     f2838x_defaultisr.obj (.text:SDFM1DR4_ISR)
                  00083ff9    00000007     DevSci.obj (.text:Initial_SCI)

.text.2    0    00084000    000001b5     
                  00084000    0000000a     f2838x_defaultisr.obj (.text:SDFM1_ISR)
                  0008400a    0000000a     f2838x_defaultisr.obj (.text:SDFM2DR1_ISR)
                  00084014    0000000a     f2838x_defaultisr.obj (.text:SDFM2DR2_ISR)
                  0008401e    0000000a     f2838x_defaultisr.obj (.text:SDFM2DR3_ISR)
                  00084028    0000000a     f2838x_defaultisr.obj (.text:SDFM2DR4_ISR)
                  00084032    0000000a     f2838x_defaultisr.obj (.text:SDFM2_ISR)
                  0008403c    0000000a     f2838x_defaultisr.obj (.text:SPIA_RX_ISR)
                  00084046    0000000a     f2838x_defaultisr.obj (.text:SPIA_TX_ISR)
                  00084050    0000000a     f2838x_defaultisr.obj (.text:SPIB_RX_ISR)
                  0008405a    0000000a     f2838x_defaultisr.obj (.text:SPIB_TX_ISR)
                  00084064    0000000a     f2838x_defaultisr.obj (.text:SPIC_RX_ISR)
                  0008406e    0000000a     f2838x_defaultisr.obj (.text:SPIC_TX_ISR)
                  00084078    0000000a     f2838x_defaultisr.obj (.text:SPID_RX_ISR)
                  00084082    0000000a     f2838x_defaultisr.obj (.text:SPID_TX_ISR)
                  0008408c    0000000a     f2838x_defaultisr.obj (.text:SYS_ERR_ISR)
                  00084096    0000000a     f2838x_defaultisr.obj (.text:TIMER0_ISR)
                  000840a0    0000000a     f2838x_defaultisr.obj (.text:TIMER1_ISR)
                  000840aa    0000000a     f2838x_defaultisr.obj (.text:TIMER2_ISR)
                  000840b4    0000000a     f2838x_defaultisr.obj (.text:USBA_ISR)
                  000840be    0000000a     f2838x_defaultisr.obj (.text:USER10_ISR)
                  000840c8    0000000a     f2838x_defaultisr.obj (.text:USER11_ISR)
                  000840d2    0000000a     f2838x_defaultisr.obj (.text:USER12_ISR)
                  000840dc    0000000a     f2838x_defaultisr.obj (.text:USER1_ISR)
                  000840e6    0000000a     f2838x_defaultisr.obj (.text:USER2_ISR)
                  000840f0    0000000a     f2838x_defaultisr.obj (.text:USER3_ISR)
                  000840fa    0000000a     f2838x_defaultisr.obj (.text:USER4_ISR)
                  00084104    0000000a     f2838x_defaultisr.obj (.text:USER5_ISR)
                  0008410e    0000000a     f2838x_defaultisr.obj (.text:USER6_ISR)
                  00084118    0000000a     f2838x_defaultisr.obj (.text:USER7_ISR)
                  00084122    0000000a     f2838x_defaultisr.obj (.text:USER8_ISR)
                  0008412c    0000000a     f2838x_defaultisr.obj (.text:USER9_ISR)
                  00084136    0000000a     f2838x_defaultisr.obj (.text:WAKE_ISR)
                  00084140    0000000a     f2838x_defaultisr.obj (.text:XINT1_ISR)
                  0008414a    0000000a     f2838x_defaultisr.obj (.text:XINT2_ISR)
                  00084154    0000000a     f2838x_defaultisr.obj (.text:XINT3_ISR)
                  0008415e    0000000a     f2838x_defaultisr.obj (.text:XINT4_ISR)
                  00084168    0000000a     f2838x_defaultisr.obj (.text:XINT5_ISR)
                  00084172    00000009     main.obj (.text:cycle_10ms)
                  0008417b    00000009     rts2800_fpu64_eabi.lib : _lock.c.obj (.text)
                  00084184    00000008                            : copy_decompress_none.c.obj (.text:decompress:none)
                  0008418c    00000008     f2838x_codestartbranch.obj (.text)
                  00084194    00000007     rts2800_fpu64_eabi.lib : memset.c.obj (.text)
                  0008419b    00000006     cputimer.obj (.text:CPUTimer_setEmulationMode)
                  000841a1    00000006     rts2800_fpu64_eabi.lib : copy_zero_init.c.obj (.text:decompress:ZI)
                  000841a7    00000005     DevDspInit.obj (.text:Init_GpioDout)
                  000841ac    00000004     main.obj (.text:cycle_1ms)
                  000841b0    00000003     DevDspInit.obj (.text:Initial_GPIO)
                  000841b3    00000002     rts2800_fpu64_eabi.lib : pre_init.c.obj (.text)

MODULE SUMMARY

       Module                          code   ro data   rw data
       ------                          ----   -------   -------
    .\
       main.obj                        62     0         0      
    +--+-------------------------------+------+---------+---------+
       Total:                          62     0         0      
                                                               
    .\CSU\
       CSU_LED.obj                     545    0         27     
       CSU_SSI.obj                     403    0         16     
       CSU_Zero.obj                    381    0         4      
       CSU_IPC.obj                     328    0         12     
       CSU_eQEP.obj                    133    0         0      
       CSU_Adc.obj                     26     0         4      
    +--+-------------------------------+------+---------+---------+
       Total:                          1816   0         63     
                                                               
    .\Dev\
       DevAdc.obj                      473    0         1006   
       DevSci.obj                      508    0         257    
       DevTimer.obj                    326    0         6      
       DevSpi.obj                      79     0         0      
       DevDspInit.obj                  45     0         0      
    +--+-------------------------------+------+---------+---------+
       Total:                          1431   0         1269   
                                                               
    .\SDK\common\source\
       f2838x_defaultisr.obj           2063   0         0      
       device.obj                      550    0         0      
       f2838x_pievect.obj              0      448       0      
       f2838x_adc.obj                  216    0         0      
       f2838x_gpio.obj                 216    0         0      
       f2838x_codestartbranch.obj      10     0         0      
       f2838x_usdelay.obj              8      0         0      
    +--+-------------------------------+------+---------+---------+
       Total:                          3063   448       0      
                                                               
    .\SDK\driverlib\
       sysctl.obj                      1263   0         0      
       ipc.obj                         28     136       544    
       interrupt.obj                   370    0         0      
       gpio.obj                        211    0         0      
       sci.obj                         189    0         0      
       dcc.obj                         187    0         0      
       flash.obj                       126    0         0      
       spi.obj                         38     0         0      
       cputimer.obj                    6      0         0      
    +--+-------------------------------+------+---------+---------+
       Total:                          2418   136       544    
                                                               
    .\SDK\headers\source\
       f2838x_globalvariabledefs.obj   0      0         1854   
    +--+-------------------------------+------+---------+---------+
       Total:                          0      0         1854   
                                                               
    C:\ti\ccs2040\ccs\tools\compiler\ti-cgt-c2000_22.6.3.LTS\lib\rts2800_fpu64_eabi.lib
       exit.c.obj                      41     0         6      
       copy_decompress_lzss.c.obj      46     0         0      
       autoinit.c.obj                  43     0         0      
       memcpy.c.obj                    29     0         0      
       boot28.asm.obj                  25     0         0      
       ll_aox28.asm.obj                24     0         0      
       _lock.c.obj                     9      0         4      
       args_main.c.obj                 12     0         0      
       copy_decompress_none.c.obj      8      0         0      
       memset.c.obj                    7      0         0      
       copy_zero_init.c.obj            6      0         0      
       pre_init.c.obj                  2      0         0      
       startup.c.obj                   1      0         0      
    +--+-------------------------------+------+---------+---------+
       Total:                          253    0         10     
                                                               
       Stack:                          0      0         512    
       Linker Generated:               0      37        0      
    +--+-------------------------------+------+---------+---------+
       Grand Total:                    9043   621       4252   


LINKER GENERATED COPY TABLES

__TI_cinit_table @ 0008801a records: 3, size/record: 4, table size: 12
	.data: load addr=00088000, load size=0000000b bytes, run addr=0000a800, run size=00000014 bytes, compression=lzss
	.bss: load addr=00088012, load size=00000004 bytes, run addr=0000a814, run size=0000052a bytes, compression=zero_init
	PieVectTableFile: load addr=00088016, load size=00000004 bytes, run addr=00000d00, run size=000001c0 bytes, compression=zero_init


LINKER GENERATED HANDLER TABLE

__TI_handler_table @ 0008800c records: 3, size/record: 2, table size: 6
	index: 0, handler: __TI_zero_init
	index: 1, handler: __TI_decompress_lzss
	index: 2, handler: __TI_decompress_none


GLOBAL DATA SYMBOLS: SORTED BY DATA PAGE

address     data page           name
--------    ----------------    ----
00000400      10 (00000400)     __stack

00000b00      2c (00000b00)     AdcaResultRegs

00000ce0      33 (00000cc0)     PieCtrlRegs

00000d00      34 (00000d00)     PieVectTable

00004700     11c (00004700)     EPwm8Regs

00006100     184 (00006100)     SpiaRegs

00007400     1d0 (00007400)     AdcaRegs

00007480     1d2 (00007480)     AdcbRegs

00007500     1d4 (00007500)     AdccRegs

00007580     1d6 (00007580)     AdcdRegs

00007c00     1f0 (00007c00)     GpioCtrlRegs

00007f00     1fc (00007f00)     GpioDataRegs

0000a800     2a0 (0000a800)     ResultsIndex
0000a802     2a0 (0000a800)     lpf_PrevValue
0000a804     2a0 (0000a800)     lpf_PrevPWM7a
0000a806     2a0 (0000a800)     __TI_enable_exit_profile_output
0000a808     2a0 (0000a800)     __TI_cleanup_ptr
0000a80a     2a0 (0000a800)     __TI_dtors_ptr
0000a810     2a0 (0000a800)     _lock
0000a812     2a0 (0000a800)     _unlock
0000a814     2a0 (0000a800)     AdcResults

0000abfc     2af (0000abc0)     xAdcApp

0000ad01     2b4 (0000ad00)     xLed
0000ad1c     2b4 (0000ad00)     xEncoderA
0000ad2c     2b4 (0000ad00)     xRcvIpcMsg1
0000ad32     2b4 (0000ad00)     xXmtIpcMsg1
0000ad38     2b4 (0000ad00)     xTimer

00038000     e00 (00038000)     IPC_CPU_To_CM_GetBuffer

00039000     e40 (00039000)     IPC_CPU_To_CM_PutBuffer

0003a000     e80 (0003a000)     IPC_CPU1_To_CPU2_PutBuffer

0003b000     ec0 (0003b000)     IPC_CPU1_To_CPU2_GetBuffer

0005d300    174c (0005d300)     CpuSysRegs

00090000    2400 (00090000)     PieVectTableInit

000901c0    2407 (000901c0)     IPC_Instance


GLOBAL SYMBOLS: SORTED ALPHABETICALLY BY Name 

page  address   name                                     
----  -------   ----                                     
0     00083955  ADCA1_ISR                                
0     0008395f  ADCA2_ISR                                
0     00083969  ADCA3_ISR                                
0     00083973  ADCA4_ISR                                
0     0008397d  ADCA_EVT_ISR                             
0     00083987  ADCB1_ISR                                
0     00083991  ADCB2_ISR                                
0     0008399b  ADCB3_ISR                                
0     000839a5  ADCB4_ISR                                
0     000839af  ADCB_EVT_ISR                             
0     000839b9  ADCC1_ISR                                
0     000839c3  ADCC2_ISR                                
0     000839cd  ADCC3_ISR                                
0     000839d7  ADCC4_ISR                                
0     000839e1  ADCC_EVT_ISR                             
0     000839eb  ADCD1_ISR                                
0     000839f5  ADCD2_ISR                                
0     000839ff  ADCD3_ISR                                
0     00083a09  ADCD4_ISR                                
0     00083a13  ADCD_EVT_ISR                             
0     0000a814  AdcResults                               
0     00082874  AdcSetMode                               
0     00008000  AdcaIsr                                  
1     00007400  AdcaRegs                                 
1     00000b00  AdcaResultRegs                           
1     00007480  AdcbRegs                                 
1     00007500  AdccRegs                                 
1     00007580  AdcdRegs                                 
0     000834df  C$$EXIT                                  
0     00083a1d  CANA0_ISR                                
0     00083a27  CANA1_ISR                                
0     00083a31  CANB0_ISR                                
0     00083a3b  CANB1_ISR                                
0     00083a45  CIPC0_ISR                                
0     00083a4f  CIPC1_ISR                                
0     00083a59  CIPC2_ISR                                
0     00083a63  CIPC3_ISR                                
0     00083a6d  CLA1CRC_ISR                              
0     00083a77  CLA1_1_ISR                               
0     00083a81  CLA1_2_ISR                               
0     00083a8b  CLA1_3_ISR                               
0     00083a95  CLA1_4_ISR                               
0     00083a9f  CLA1_5_ISR                               
0     00083aa9  CLA1_6_ISR                               
0     00083ab3  CLA1_7_ISR                               
0     00083abd  CLA1_8_ISR                               
0     00083ac7  CLA_OVERFLOW_ISR                         
0     00083ad1  CLA_UNDERFLOW_ISR                        
0     00083adb  CLB1_ISR                                 
0     00083ae5  CLB2_ISR                                 
0     00083aef  CLB3_ISR                                 
0     00083af9  CLB4_ISR                                 
0     00083b03  CLB5_ISR                                 
0     00083b0d  CLB6_ISR                                 
0     00083b17  CLB7_ISR                                 
0     00083b21  CLB8_ISR                                 
0     00083b2b  CMTOCPUXIPC0_ISR                         
0     00083b35  CMTOCPUXIPC1_ISR                         
0     00083b3f  CMTOCPUXIPC2_ISR                         
0     00083b49  CMTOCPUXIPC3_ISR                         
0     00083b53  CMTOCPUXIPC4_ISR                         
0     00083b5d  CMTOCPUXIPC5_ISR                         
0     00083b67  CMTOCPUXIPC6_ISR                         
0     00083b71  CMTOCPUXIPC7_ISR                         
0     00083b7b  CM_STATUS_ISR                            
0     00083b85  CPUCRC_ISR                               
0     0008419b  CPUTimer_setEmulationMode                
0     00083530  CalAdcINL                                
1     0005d300  CpuSysRegs                               
0     00083b8f  DATALOG_ISR                              
0     00082701  DCC_verifyClockFrequency                 
0     00083b99  DMA_CH1_ISR                              
0     00083ba3  DMA_CH2_ISR                              
0     00083bad  DMA_CH3_ISR                              
0     00083bb7  DMA_CH4_ISR                              
0     00083bc1  DMA_CH5_ISR                              
0     00083bcb  DMA_CH6_ISR                              
0     000838f5  DSP_Initialization                       
0     00082199  Device_enableAllPeripherals              
0     00083934  Device_enableUnbondedGPIOPullups         
0     00083891  Device_enableUnbondedGPIOPullupsFor176Pin
0     00082fc2  Device_init                              
0     000836f1  Device_initGPIO                          
0     0008374a  Device_verifyXTAL                        
0     00083bd5  ECAP1_ISR                                
0     00083bdf  ECAP2_ISR                                
0     00083be9  ECAP3_ISR                                
0     00083bf3  ECAP4_ISR                                
0     00083bfd  ECAP5_ISR                                
0     00083c07  ECAP6_2_ISR                              
0     00083c11  ECAP6_ISR                                
0     00083c1b  ECAP7_2_ISR                              
0     00083c25  ECAP7_ISR                                
0     00083c2f  ECATRST_ISR                              
0     00083c39  ECATSYNC0_ISR                            
0     00083c43  ECATSYNC1_ISR                            
0     00083c4d  ECAT_ISR                                 
0     00083903  EMPTY_ISR                                
0     00083c57  EMU_ISR                                  
0     00083c61  EPWM10_ISR                               
0     00083c6b  EPWM10_TZ_ISR                            
0     00083c75  EPWM11_ISR                               
0     00083c7f  EPWM11_TZ_ISR                            
0     00083c89  EPWM12_ISR                               
0     00083c93  EPWM12_TZ_ISR                            
0     00083c9d  EPWM13_ISR                               
0     00083ca7  EPWM13_TZ_ISR                            
0     00083cb1  EPWM14_ISR                               
0     00083cbb  EPWM14_TZ_ISR                            
0     00083cc5  EPWM15_ISR                               
0     00083ccf  EPWM15_TZ_ISR                            
0     00083cd9  EPWM16_ISR                               
0     00083ce3  EPWM16_TZ_ISR                            
0     00083ced  EPWM1_ISR                                
0     00083cf7  EPWM1_TZ_ISR                             
0     00083d01  EPWM2_ISR                                
0     00083d0b  EPWM2_TZ_ISR                             
0     00083d15  EPWM3_ISR                                
0     00083d1f  EPWM3_TZ_ISR                             
0     00083d29  EPWM4_ISR                                
0     00083d33  EPWM4_TZ_ISR                             
0     00083d3d  EPWM5_ISR                                
0     00083d47  EPWM5_TZ_ISR                             
0     00083d51  EPWM6_ISR                                
0     00083d5b  EPWM6_TZ_ISR                             
0     00083d65  EPWM7_ISR                                
0     00083d6f  EPWM7_TZ_ISR                             
0     00083d79  EPWM8_ISR                                
0     00083d83  EPWM8_TZ_ISR                             
0     00083d8d  EPWM9_ISR                                
0     00083d97  EPWM9_TZ_ISR                             
1     00004700  EPwm8Regs                                
0     00083da1  EQEP1_ISR                                
0     00083dab  EQEP2_ISR                                
0     00083db5  EQEP3_ISR                                
0     000835a2  EqeptoEncoder                            
0     000080c6  F28x_usDelay                             
0     00083dbf  FMC_ISR                                  
0     00083dc9  FPU_OFLOW_ISR                            
0     00083dd3  FPU_UFLOW_ISR                            
0     00083ddd  FSIRXA1_ISR                              
0     00083de7  FSIRXA2_ISR                              
0     00083df1  FSIRXB1_ISR                              
0     00083dfb  FSIRXB2_ISR                              
0     00083e05  FSIRXC1_ISR                              
0     00083e0f  FSIRXC2_ISR                              
0     00083e19  FSIRXD1_ISR                              
0     00083e23  FSIRXD2_ISR                              
0     00083e2d  FSIRXE1_ISR                              
0     00083e37  FSIRXE2_ISR                              
0     00083e41  FSIRXF1_ISR                              
0     00083e4b  FSIRXF2_ISR                              
0     00083e55  FSIRXG1_ISR                              
0     00083e5f  FSIRXG2_ISR                              
0     00083e69  FSIRXH1_ISR                              
0     00083e73  FSIRXH2_ISR                              
0     00083e7d  FSITXA1_ISR                              
0     00083e87  FSITXA2_ISR                              
0     00083e91  FSITXB1_ISR                              
0     00083e9b  FSITXB2_ISR                              
0     00008087  Flash_initModule                         
0     00082e7e  GPIO_SetupPinMux                         
0     00082b12  GPIO_SetupPinOptions                     
0     000835eb  GPIO_setControllerCore                   
0     00083673  GPIO_setDirectionMode                    
0     00083278  GPIO_setPadConfig                        
0     00083325  GPIO_setPinConfig                        
0     0008360d  GPIO_setQualificationMode                
1     00007c00  GpioCtrlRegs                             
1     00007f00  GpioDataRegs                             
0     00083ea5  I2CA_FIFO_ISR                            
0     00083eaf  I2CA_HIGH_ISR                            
0     00083eb9  I2CA_ISR                                 
0     00083ec3  I2CB_FIFO_ISR                            
0     00083ecd  I2CB_ISR                                 
0     00083ed7  ILLEGAL_ISR                              
0     0003b000  IPC_CPU1_To_CPU2_GetBuffer               
0     0003a000  IPC_CPU1_To_CPU2_PutBuffer               
0     00038000  IPC_CPU_To_CM_GetBuffer                  
0     00039000  IPC_CPU_To_CM_PutBuffer                  
0     000901c0  IPC_Instance                             
0     00083766  IPC_unregisterInterrupt                  
0     00082c11  InitAdcModules                           
0     000835c7  Init_Eqep1                               
0     0008340a  Init_Eqep1Gpio                           
0     000838c6  InitialAdc                               
0     0008393f  Initial_CSU_Adc                          
0     00082b96  Initial_LED                              
0     00083ff9  Initial_SCI                              
0     00082f73  Initial_SPI                              
0     00082cf9  Initial_TIMER                            
0     00083910  Interrupt_defaultHandler                 
0     0008305b  Interrupt_disable                        
0     000832ef  Interrupt_enable                         
0     00083ee1  Interrupt_illegalOperationHandler        
0     000831f7  Interrupt_initModule                     
0     00083710  Interrupt_initVectorTable                
0     00083eeb  Interrupt_nmiHandler                     
0     00083ef5  MCANA_0_ISR                              
0     00083eff  MCANA_1_ISR                              
0     00083f09  MCANA_ECC_ISR                            
0     00083f13  MCANA_WAKE_ISR                           
0     00083f1d  MCBSPA_RX_ISR                            
0     00083f27  MCBSPA_TX_ISR                            
0     00083f31  MCBSPB_RX_ISR                            
0     00083f3b  MCBSPB_TX_ISR                            
0     00083f45  MPOST_ISR                                
0     00083f4f  NMI_ISR                                  
0     00083f59  NOTUSED_ISR                              
0     00083f63  PIE_RESERVED_ISR                         
0     00083f6d  PMBUSA_ISR                               
1     00000ce0  PieCtrlRegs                              
1     00000d00  PieVectTable                             
0     00090000  PieVectTableInit                         
0     000832b7  PollingEncoderSSI                        
0     00083f77  RTOS_ISR                                 
0     000860ce  RamfuncsLoadEnd                          
abs   000000ce  RamfuncsLoadSize                         
0     00086000  RamfuncsLoadStart                        
0     000080ce  RamfuncsRunEnd                           
abs   000000ce  RamfuncsRunSize                          
0     00008000  RamfuncsRunStart                         
0     0000a800  ResultsIndex                             
0     00083f81  SCIA_RX_ISR                              
0     00083f8b  SCIA_TX_ISR                              
0     00083f95  SCIB_RX_ISR                              
0     00083f9f  SCIB_TX_ISR                              
0     00083fa9  SCIC_RX_ISR                              
0     00083fb3  SCIC_TX_ISR                              
0     00083fbd  SCID_RX_ISR                              
0     00083fc7  SCID_TX_ISR                              
0     00083782  SCI_clearInterruptStatus                 
0     000837b9  SCI_disableInterrupt                     
0     000837d3  SCI_enableInterrupt                      
0     00083693  SCI_readCharArray                        
0     00083435  SCI_setConfig                            
0     0008362f  SCI_writeCharArray                       
0     00083fd1  SDFM1DR1_ISR                             
0     00083fdb  SDFM1DR2_ISR                             
0     00083fe5  SDFM1DR3_ISR                             
0     00083fef  SDFM1DR4_ISR                             
0     00084000  SDFM1_ISR                                
0     0008400a  SDFM2DR1_ISR                             
0     00084014  SDFM2DR2_ISR                             
0     0008401e  SDFM2DR3_ISR                             
0     00084028  SDFM2DR4_ISR                             
0     00084032  SDFM2_ISR                                
0     0008403c  SPIA_RX_ISR                              
0     00084046  SPIA_TX_ISR                              
0     00084050  SPIB_RX_ISR                              
0     0008405a  SPIB_TX_ISR                              
0     00084064  SPIC_RX_ISR                              
0     0008406e  SPIC_TX_ISR                              
0     00084078  SPID_RX_ISR                              
0     00084082  SPID_TX_ISR                              
0     00083556  SPI_setConfig                            
0     0008408c  SYS_ERR_ISR                              
1     00006100  SpiaRegs                                 
0     000080ca  SysCtl_delay                             
0     00082000  SysCtl_isPLLValid                        
0     00083460  SysCtl_selectOscSource                   
0     00082f23  SysCtl_selectOscSourceAuxPLL             
0     00083173  SysCtl_selectXTAL                        
0     00083651  SysCtl_selectXTALSingleEnded             
0     00082615  SysCtl_setAuxClock                       
0     00082300  SysCtl_setClock                          
0     00084096  TIMER0_ISR                               
0     000840a0  TIMER1_ISR                               
0     000840aa  TIMER2_ISR                               
0     000840b4  USBA_ISR                                 
0     000840be  USER10_ISR                               
0     000840c8  USER11_ISR                               
0     000840d2  USER12_ISR                               
0     000840dc  USER1_ISR                                
0     000840e6  USER2_ISR                                
0     000840f0  USER3_ISR                                
0     000840fa  USER4_ISR                                
0     00084104  USER5_ISR                                
0     0008410e  USER6_ISR                                
0     00084118  USER7_ISR                                
0     00084122  USER8_ISR                                
0     0008412c  USER9_ISR                                
0     00084136  WAKE_ISR                                 
0     00084140  XINT1_ISR                                
0     0008414a  XINT2_ISR                                
0     00084154  XINT3_ISR                                
0     0008415e  XINT4_ISR                                
0     00084168  XINT5_ISR                                
0     0008801a  __TI_CINIT_Base                          
0     00088026  __TI_CINIT_Limit                         
0     00088026  __TI_CINIT_Warm                          
0     0008800c  __TI_Handler_Table_Base                  
0     00088012  __TI_Handler_Table_Limit                 
0     00000600  __TI_STACK_END                           
abs   00000200  __TI_STACK_SIZE                          
0     0008348b  __TI_auto_init_nobinit_nopinit           
0     0000a808  __TI_cleanup_ptr                         
0     00083384  __TI_decompress_lzss                     
0     00084184  __TI_decompress_none                     
0     0000a80a  __TI_dtors_ptr                           
0     0000a806  __TI_enable_exit_profile_output          
abs   ffffffff  __TI_pprof_out_hndl                      
abs   ffffffff  __TI_prof_data_size                      
abs   ffffffff  __TI_prof_data_start                     
0     000841a1  __TI_zero_init                           
0     0008381f  __c28xabi_andll                          
0     00083827  __c28xabi_orll                           
0     0008382f  __c28xabi_xorll                          
n/a   UNDEFED   __c_args__                               
0     00000400  __stack                                  
0     0008391c  _args_main                               
0     00083806  _c_int00                                 
0     0000a810  _lock                                    
0     00084183  _nop                                     
0     0008417f  _register_lock                           
0     0008417b  _register_unlock                         
0     0008370f  _system_post_cinit                       
0     000841b3  _system_pre_init                         
0     0000a812  _unlock                                  
0     000834df  abort                                    
0     00080000  code_start                               
0     000834e1  exit                                     
0     000830a5  initEPWM8                                
0     0008379e  initEncoderSSI                           
0     000836b3  initEncoderZero                          
0     000836d2  initGPIODoutZero                         
0     00082e23  initGpioDoutLed                          
0     000827bc  isrScib_IPC                              
0     00083238  isr_CpuTimer0                            
0     00083866  isr_CpuTimer1                            
0     0008387c  isr_CpuTimer2                            
0     0000a804  lpf_PrevPWM7a                            
0     0000a802  lpf_PrevValue                            
0     0008357c  main                                     
0     000830ec  manualCtrlZero                           
0     0008372d  memcpy                                   
0     00084194  memset                                   
0     00082424  procEncoderZero                          
0     00082ed2  recvIpcMessage                           
0     0008251e  sendIpcMessage1                          
0     00083508  sendScib_IPC                             
0     000838d6  setLedModeToggle                         
0     00083837  setLedStatus                             
0     000838e6  updateAdcData                            
0     000838a4  updateHwSwitchStatus2                    
0     00083355  updateLedStatus                          
0     00083928  updateOrangeLed                          
0     000831b5  updateSetRstGpioLed                      
0     0000abfc  xAdcApp                                  
0     0000ad1c  xEncoderA                                
0     0000ad01  xLed                                     
0     0000ad2c  xRcvIpcMsg1                              
0     0000ad38  xTimer                                   
0     0000ad32  xXmtIpcMsg1                              
0     000838b5  xmtScib_IPC                              


GLOBAL SYMBOLS: SORTED BY Symbol Address 

page  address   name                                     
----  -------   ----                                     
0     00000400  __stack                                  
0     00000600  __TI_STACK_END                           
0     00008000  AdcaIsr                                  
0     00008000  RamfuncsRunStart                         
0     00008087  Flash_initModule                         
0     000080c6  F28x_usDelay                             
0     000080ca  SysCtl_delay                             
0     000080ce  RamfuncsRunEnd                           
0     0000a800  ResultsIndex                             
0     0000a802  lpf_PrevValue                            
0     0000a804  lpf_PrevPWM7a                            
0     0000a806  __TI_enable_exit_profile_output          
0     0000a808  __TI_cleanup_ptr                         
0     0000a80a  __TI_dtors_ptr                           
0     0000a810  _lock                                    
0     0000a812  _unlock                                  
0     0000a814  AdcResults                               
0     0000abfc  xAdcApp                                  
0     0000ad01  xLed                                     
0     0000ad1c  xEncoderA                                
0     0000ad2c  xRcvIpcMsg1                              
0     0000ad32  xXmtIpcMsg1                              
0     0000ad38  xTimer                                   
0     00038000  IPC_CPU_To_CM_GetBuffer                  
0     00039000  IPC_CPU_To_CM_PutBuffer                  
0     0003a000  IPC_CPU1_To_CPU2_PutBuffer               
0     0003b000  IPC_CPU1_To_CPU2_GetBuffer               
0     00080000  code_start                               
0     00082000  SysCtl_isPLLValid                        
0     00082199  Device_enableAllPeripherals              
0     00082300  SysCtl_setClock                          
0     00082424  procEncoderZero                          
0     0008251e  sendIpcMessage1                          
0     00082615  SysCtl_setAuxClock                       
0     00082701  DCC_verifyClockFrequency                 
0     000827bc  isrScib_IPC                              
0     00082874  AdcSetMode                               
0     00082b12  GPIO_SetupPinOptions                     
0     00082b96  Initial_LED                              
0     00082c11  InitAdcModules                           
0     00082cf9  Initial_TIMER                            
0     00082e23  initGpioDoutLed                          
0     00082e7e  GPIO_SetupPinMux                         
0     00082ed2  recvIpcMessage                           
0     00082f23  SysCtl_selectOscSourceAuxPLL             
0     00082f73  Initial_SPI                              
0     00082fc2  Device_init                              
0     0008305b  Interrupt_disable                        
0     000830a5  initEPWM8                                
0     000830ec  manualCtrlZero                           
0     00083173  SysCtl_selectXTAL                        
0     000831b5  updateSetRstGpioLed                      
0     000831f7  Interrupt_initModule                     
0     00083238  isr_CpuTimer0                            
0     00083278  GPIO_setPadConfig                        
0     000832b7  PollingEncoderSSI                        
0     000832ef  Interrupt_enable                         
0     00083325  GPIO_setPinConfig                        
0     00083355  updateLedStatus                          
0     00083384  __TI_decompress_lzss                     
0     0008340a  Init_Eqep1Gpio                           
0     00083435  SCI_setConfig                            
0     00083460  SysCtl_selectOscSource                   
0     0008348b  __TI_auto_init_nobinit_nopinit           
0     000834df  C$$EXIT                                  
0     000834df  abort                                    
0     000834e1  exit                                     
0     00083508  sendScib_IPC                             
0     00083530  CalAdcINL                                
0     00083556  SPI_setConfig                            
0     0008357c  main                                     
0     000835a2  EqeptoEncoder                            
0     000835c7  Init_Eqep1                               
0     000835eb  GPIO_setControllerCore                   
0     0008360d  GPIO_setQualificationMode                
0     0008362f  SCI_writeCharArray                       
0     00083651  SysCtl_selectXTALSingleEnded             
0     00083673  GPIO_setDirectionMode                    
0     00083693  SCI_readCharArray                        
0     000836b3  initEncoderZero                          
0     000836d2  initGPIODoutZero                         
0     000836f1  Device_initGPIO                          
0     0008370f  _system_post_cinit                       
0     00083710  Interrupt_initVectorTable                
0     0008372d  memcpy                                   
0     0008374a  Device_verifyXTAL                        
0     00083766  IPC_unregisterInterrupt                  
0     00083782  SCI_clearInterruptStatus                 
0     0008379e  initEncoderSSI                           
0     000837b9  SCI_disableInterrupt                     
0     000837d3  SCI_enableInterrupt                      
0     00083806  _c_int00                                 
0     0008381f  __c28xabi_andll                          
0     00083827  __c28xabi_orll                           
0     0008382f  __c28xabi_xorll                          
0     00083837  setLedStatus                             
0     00083866  isr_CpuTimer1                            
0     0008387c  isr_CpuTimer2                            
0     00083891  Device_enableUnbondedGPIOPullupsFor176Pin
0     000838a4  updateHwSwitchStatus2                    
0     000838b5  xmtScib_IPC                              
0     000838c6  InitialAdc                               
0     000838d6  setLedModeToggle                         
0     000838e6  updateAdcData                            
0     000838f5  DSP_Initialization                       
0     00083903  EMPTY_ISR                                
0     00083910  Interrupt_defaultHandler                 
0     0008391c  _args_main                               
0     00083928  updateOrangeLed                          
0     00083934  Device_enableUnbondedGPIOPullups         
0     0008393f  Initial_CSU_Adc                          
0     00083955  ADCA1_ISR                                
0     0008395f  ADCA2_ISR                                
0     00083969  ADCA3_ISR                                
0     00083973  ADCA4_ISR                                
0     0008397d  ADCA_EVT_ISR                             
0     00083987  ADCB1_ISR                                
0     00083991  ADCB2_ISR                                
0     0008399b  ADCB3_ISR                                
0     000839a5  ADCB4_ISR                                
0     000839af  ADCB_EVT_ISR                             
0     000839b9  ADCC1_ISR                                
0     000839c3  ADCC2_ISR                                
0     000839cd  ADCC3_ISR                                
0     000839d7  ADCC4_ISR                                
0     000839e1  ADCC_EVT_ISR                             
0     000839eb  ADCD1_ISR                                
0     000839f5  ADCD2_ISR                                
0     000839ff  ADCD3_ISR                                
0     00083a09  ADCD4_ISR                                
0     00083a13  ADCD_EVT_ISR                             
0     00083a1d  CANA0_ISR                                
0     00083a27  CANA1_ISR                                
0     00083a31  CANB0_ISR                                
0     00083a3b  CANB1_ISR                                
0     00083a45  CIPC0_ISR                                
0     00083a4f  CIPC1_ISR                                
0     00083a59  CIPC2_ISR                                
0     00083a63  CIPC3_ISR                                
0     00083a6d  CLA1CRC_ISR                              
0     00083a77  CLA1_1_ISR                               
0     00083a81  CLA1_2_ISR                               
0     00083a8b  CLA1_3_ISR                               
0     00083a95  CLA1_4_ISR                               
0     00083a9f  CLA1_5_ISR                               
0     00083aa9  CLA1_6_ISR                               
0     00083ab3  CLA1_7_ISR                               
0     00083abd  CLA1_8_ISR                               
0     00083ac7  CLA_OVERFLOW_ISR                         
0     00083ad1  CLA_UNDERFLOW_ISR                        
0     00083adb  CLB1_ISR                                 
0     00083ae5  CLB2_ISR                                 
0     00083aef  CLB3_ISR                                 
0     00083af9  CLB4_ISR                                 
0     00083b03  CLB5_ISR                                 
0     00083b0d  CLB6_ISR                                 
0     00083b17  CLB7_ISR                                 
0     00083b21  CLB8_ISR                                 
0     00083b2b  CMTOCPUXIPC0_ISR                         
0     00083b35  CMTOCPUXIPC1_ISR                         
0     00083b3f  CMTOCPUXIPC2_ISR                         
0     00083b49  CMTOCPUXIPC3_ISR                         
0     00083b53  CMTOCPUXIPC4_ISR                         
0     00083b5d  CMTOCPUXIPC5_ISR                         
0     00083b67  CMTOCPUXIPC6_ISR                         
0     00083b71  CMTOCPUXIPC7_ISR                         
0     00083b7b  CM_STATUS_ISR                            
0     00083b85  CPUCRC_ISR                               
0     00083b8f  DATALOG_ISR                              
0     00083b99  DMA_CH1_ISR                              
0     00083ba3  DMA_CH2_ISR                              
0     00083bad  DMA_CH3_ISR                              
0     00083bb7  DMA_CH4_ISR                              
0     00083bc1  DMA_CH5_ISR                              
0     00083bcb  DMA_CH6_ISR                              
0     00083bd5  ECAP1_ISR                                
0     00083bdf  ECAP2_ISR                                
0     00083be9  ECAP3_ISR                                
0     00083bf3  ECAP4_ISR                                
0     00083bfd  ECAP5_ISR                                
0     00083c07  ECAP6_2_ISR                              
0     00083c11  ECAP6_ISR                                
0     00083c1b  ECAP7_2_ISR                              
0     00083c25  ECAP7_ISR                                
0     00083c2f  ECATRST_ISR                              
0     00083c39  ECATSYNC0_ISR                            
0     00083c43  ECATSYNC1_ISR                            
0     00083c4d  ECAT_ISR                                 
0     00083c57  EMU_ISR                                  
0     00083c61  EPWM10_ISR                               
0     00083c6b  EPWM10_TZ_ISR                            
0     00083c75  EPWM11_ISR                               
0     00083c7f  EPWM11_TZ_ISR                            
0     00083c89  EPWM12_ISR                               
0     00083c93  EPWM12_TZ_ISR                            
0     00083c9d  EPWM13_ISR                               
0     00083ca7  EPWM13_TZ_ISR                            
0     00083cb1  EPWM14_ISR                               
0     00083cbb  EPWM14_TZ_ISR                            
0     00083cc5  EPWM15_ISR                               
0     00083ccf  EPWM15_TZ_ISR                            
0     00083cd9  EPWM16_ISR                               
0     00083ce3  EPWM16_TZ_ISR                            
0     00083ced  EPWM1_ISR                                
0     00083cf7  EPWM1_TZ_ISR                             
0     00083d01  EPWM2_ISR                                
0     00083d0b  EPWM2_TZ_ISR                             
0     00083d15  EPWM3_ISR                                
0     00083d1f  EPWM3_TZ_ISR                             
0     00083d29  EPWM4_ISR                                
0     00083d33  EPWM4_TZ_ISR                             
0     00083d3d  EPWM5_ISR                                
0     00083d47  EPWM5_TZ_ISR                             
0     00083d51  EPWM6_ISR                                
0     00083d5b  EPWM6_TZ_ISR                             
0     00083d65  EPWM7_ISR                                
0     00083d6f  EPWM7_TZ_ISR                             
0     00083d79  EPWM8_ISR                                
0     00083d83  EPWM8_TZ_ISR                             
0     00083d8d  EPWM9_ISR                                
0     00083d97  EPWM9_TZ_ISR                             
0     00083da1  EQEP1_ISR                                
0     00083dab  EQEP2_ISR                                
0     00083db5  EQEP3_ISR                                
0     00083dbf  FMC_ISR                                  
0     00083dc9  FPU_OFLOW_ISR                            
0     00083dd3  FPU_UFLOW_ISR                            
0     00083ddd  FSIRXA1_ISR                              
0     00083de7  FSIRXA2_ISR                              
0     00083df1  FSIRXB1_ISR                              
0     00083dfb  FSIRXB2_ISR                              
0     00083e05  FSIRXC1_ISR                              
0     00083e0f  FSIRXC2_ISR                              
0     00083e19  FSIRXD1_ISR                              
0     00083e23  FSIRXD2_ISR                              
0     00083e2d  FSIRXE1_ISR                              
0     00083e37  FSIRXE2_ISR                              
0     00083e41  FSIRXF1_ISR                              
0     00083e4b  FSIRXF2_ISR                              
0     00083e55  FSIRXG1_ISR                              
0     00083e5f  FSIRXG2_ISR                              
0     00083e69  FSIRXH1_ISR                              
0     00083e73  FSIRXH2_ISR                              
0     00083e7d  FSITXA1_ISR                              
0     00083e87  FSITXA2_ISR                              
0     00083e91  FSITXB1_ISR                              
0     00083e9b  FSITXB2_ISR                              
0     00083ea5  I2CA_FIFO_ISR                            
0     00083eaf  I2CA_HIGH_ISR                            
0     00083eb9  I2CA_ISR                                 
0     00083ec3  I2CB_FIFO_ISR                            
0     00083ecd  I2CB_ISR                                 
0     00083ed7  ILLEGAL_ISR                              
0     00083ee1  Interrupt_illegalOperationHandler        
0     00083eeb  Interrupt_nmiHandler                     
0     00083ef5  MCANA_0_ISR                              
0     00083eff  MCANA_1_ISR                              
0     00083f09  MCANA_ECC_ISR                            
0     00083f13  MCANA_WAKE_ISR                           
0     00083f1d  MCBSPA_RX_ISR                            
0     00083f27  MCBSPA_TX_ISR                            
0     00083f31  MCBSPB_RX_ISR                            
0     00083f3b  MCBSPB_TX_ISR                            
0     00083f45  MPOST_ISR                                
0     00083f4f  NMI_ISR                                  
0     00083f59  NOTUSED_ISR                              
0     00083f63  PIE_RESERVED_ISR                         
0     00083f6d  PMBUSA_ISR                               
0     00083f77  RTOS_ISR                                 
0     00083f81  SCIA_RX_ISR                              
0     00083f8b  SCIA_TX_ISR                              
0     00083f95  SCIB_RX_ISR                              
0     00083f9f  SCIB_TX_ISR                              
0     00083fa9  SCIC_RX_ISR                              
0     00083fb3  SCIC_TX_ISR                              
0     00083fbd  SCID_RX_ISR                              
0     00083fc7  SCID_TX_ISR                              
0     00083fd1  SDFM1DR1_ISR                             
0     00083fdb  SDFM1DR2_ISR                             
0     00083fe5  SDFM1DR3_ISR                             
0     00083fef  SDFM1DR4_ISR                             
0     00083ff9  Initial_SCI                              
0     00084000  SDFM1_ISR                                
0     0008400a  SDFM2DR1_ISR                             
0     00084014  SDFM2DR2_ISR                             
0     0008401e  SDFM2DR3_ISR                             
0     00084028  SDFM2DR4_ISR                             
0     00084032  SDFM2_ISR                                
0     0008403c  SPIA_RX_ISR                              
0     00084046  SPIA_TX_ISR                              
0     00084050  SPIB_RX_ISR                              
0     0008405a  SPIB_TX_ISR                              
0     00084064  SPIC_RX_ISR                              
0     0008406e  SPIC_TX_ISR                              
0     00084078  SPID_RX_ISR                              
0     00084082  SPID_TX_ISR                              
0     0008408c  SYS_ERR_ISR                              
0     00084096  TIMER0_ISR                               
0     000840a0  TIMER1_ISR                               
0     000840aa  TIMER2_ISR                               
0     000840b4  USBA_ISR                                 
0     000840be  USER10_ISR                               
0     000840c8  USER11_ISR                               
0     000840d2  USER12_ISR                               
0     000840dc  USER1_ISR                                
0     000840e6  USER2_ISR                                
0     000840f0  USER3_ISR                                
0     000840fa  USER4_ISR                                
0     00084104  USER5_ISR                                
0     0008410e  USER6_ISR                                
0     00084118  USER7_ISR                                
0     00084122  USER8_ISR                                
0     0008412c  USER9_ISR                                
0     00084136  WAKE_ISR                                 
0     00084140  XINT1_ISR                                
0     0008414a  XINT2_ISR                                
0     00084154  XINT3_ISR                                
0     0008415e  XINT4_ISR                                
0     00084168  XINT5_ISR                                
0     0008417b  _register_unlock                         
0     0008417f  _register_lock                           
0     00084183  _nop                                     
0     00084184  __TI_decompress_none                     
0     00084194  memset                                   
0     0008419b  CPUTimer_setEmulationMode                
0     000841a1  __TI_zero_init                           
0     000841b3  _system_pre_init                         
0     00086000  RamfuncsLoadStart                        
0     000860ce  RamfuncsLoadEnd                          
0     0008800c  __TI_Handler_Table_Base                  
0     00088012  __TI_Handler_Table_Limit                 
0     0008801a  __TI_CINIT_Base                          
0     00088026  __TI_CINIT_Limit                         
0     00088026  __TI_CINIT_Warm                          
0     00090000  PieVectTableInit                         
0     000901c0  IPC_Instance                             
1     00000b00  AdcaResultRegs                           
1     00000ce0  PieCtrlRegs                              
1     00000d00  PieVectTable                             
1     00004700  EPwm8Regs                                
1     00006100  SpiaRegs                                 
1     00007400  AdcaRegs                                 
1     00007480  AdcbRegs                                 
1     00007500  AdccRegs                                 
1     00007580  AdcdRegs                                 
1     00007c00  GpioCtrlRegs                             
1     00007f00  GpioDataRegs                             
1     0005d300  CpuSysRegs                               
abs   000000ce  RamfuncsLoadSize                         
abs   000000ce  RamfuncsRunSize                          
abs   00000200  __TI_STACK_SIZE                          
abs   ffffffff  __TI_pprof_out_hndl                      
abs   ffffffff  __TI_prof_data_size                      
abs   ffffffff  __TI_prof_data_start                     
n/a   UNDEFED   __c_args__                               

[355 symbols]
