******************************************************************************
             TMS320C2000 Linker PC v22.6.3                     
******************************************************************************
>> Linked Fri Feb 20 13:52:10 2026

OUTPUT FILE NAME:   <RBX_Test.out>
ENTRY POINT SYMBOL: "_c_int00"  address: 0008383d


MEMORY CONFIGURATION

         name            origin    length      used     unused   attr    fill
----------------------  --------  ---------  --------  --------  ----  --------
PAGE 0:
  BOOT_RSVD             00000002   000001af  00000000  000001af  RWIX
  RAMM0                 000001b1   0000024f  00000000  0000024f  RWIX
  RAMM1                 00000400   000003f8  00000200  000001f8  RWIX
  RAMLS0                00008000   00000800  000000ce  00000732  RWIX
  RAMLS1                00008800   00000800  00000000  00000800  RWIX
  RAMLS2                00009000   00000800  00000000  00000800  RWIX
  RAMLS3                00009800   00000800  00000000  00000800  RWIX
  RAMLS4                0000a000   00000800  00000000  00000800  RWIX
  RAMLS5                0000a800   00000800  0000053e  000002c2  RWIX
  RAMLS6                0000b000   00000800  00000000  00000800  RWIX
  RAMLS7                0000b800   00000800  00000000  00000800  RWIX
  RAMD0                 0000c000   00000800  00000000  00000800  RWIX
  RAMD1                 0000c800   00000800  00000000  00000800  RWIX
  RAMGS0                0000d000   00001000  00000000  00001000  RWIX
  RAMGS1                0000e000   00001000  00000000  00001000  RWIX
  RAMGS2                0000f000   00001000  00000000  00001000  RWIX
  RAMGS3                00010000   00001000  00000000  00001000  RWIX
  RAMGS4                00011000   00001000  00000000  00001000  RWIX
  RAMGS5                00012000   00001000  00000000  00001000  RWIX
  RAMGS6                00013000   00001000  00000000  00001000  RWIX
  RAMGS7                00014000   00001000  00000000  00001000  RWIX
  RAMGS8                00015000   00001000  00000000  00001000  RWIX
  RAMGS9                00016000   00001000  00000000  00001000  RWIX
  RAMGS10               00017000   00001000  00000000  00001000  RWIX
  RAMGS11               00018000   00001000  00000000  00001000  RWIX
  RAMGS12               00019000   00001000  00000000  00001000  RWIX
  RAMGS13               0001a000   00001000  00000000  00001000  RWIX
  RAMGS14               0001b000   00001000  00000000  00001000  RWIX
  RAMGS15               0001c000   00000ff8  00000000  00000ff8  RWIX
  CMTOCPURAM            00038000   00000800  00000088  00000778  RWIX
  CPUTOCMRAM            00039000   00000800  00000088  00000778  RWIX
  CPU1TOCPU2RAM         0003a000   00000800  00000088  00000778  RWIX
  CPU2TOCPU1RAM         0003b000   00000800  00000088  00000778  RWIX
  CANA_MSG_RAM          00049000   00000800  00000000  00000800  RWIX
  CANB_MSG_RAM          0004b000   00000800  00000000  00000800  RWIX
  BEGIN                 00080000   00000002  00000002  00000000  RWIX
  FLASH0                00080002   00001ffe  00000000  00001ffe  RWIX
  FLASH1                00082000   00002000  00002000  00000000  RWIX
  FLASH2                00084000   00002000  000001e9  00001e17  RWIX
  FLASH3                00086000   00002000  000000ce  00001f32  RWIX
  FLASH4                00088000   00008000  00000026  00007fda  RWIX
  FLASH5                00090000   00008000  00000248  00007db8  RWIX
  FLASH6                00098000   00008000  00000000  00008000  RWIX
  FLASH7                000a0000   00008000  00000000  00008000  RWIX
  FLASH8                000a8000   00008000  00000000  00008000  RWIX
  FLASH9                000b0000   00008000  00000000  00008000  RWIX
  FLASH10               000b8000   00002000  00000000  00002000  RWIX
  FLASH11               000ba000   00002000  00000000  00002000  RWIX
  FLASH12               000bc000   00002000  00000000  00002000  RWIX
  FLASH13               000be000   00001ff0  00000000  00001ff0  RWIX
  RESET                 003fffc0   00000002  00000000  00000002  RWIX

PAGE 1:
  ADCARESULT            00000b00   00000018  00000018  00000000  RWIX
  ADCBRESULT            00000b20   00000018  00000000  00000018  RWIX
  ADCCRESULT            00000b40   00000018  00000000  00000018  RWIX
  ADCDRESULT            00000b60   00000018  00000000  00000018  RWIX
  CPUTIMER0             00000c00   00000008  00000000  00000008  RWIX
  CPUTIMER1             00000c08   00000008  00000000  00000008  RWIX
  CPUTIMER2             00000c10   00000008  00000000  00000008  RWIX
  PIECTRL               00000ce0   0000001a  0000001a  00000000  RWIX
  PIEVECTTABLE          00000d00   00000200  000001c0  00000040  RWIX
  DMA                   00001000   00000200  00000000  00000200  RWIX
  CLA1                  00001400   00000080  00000000  00000080  RWIX
  CLB1LOGICCFG          00003000   00000052  00000000  00000052  RWIX
  CLB1LOGICCTRL         00003100   00000040  00000000  00000040  RWIX
  CLB1DATAEXCH          00003180   00000080  00000000  00000080  RWIX
  CLB2LOGICCFG          00003200   00000052  00000000  00000052  RWIX
  CLB2LOGICCTRL         00003300   00000040  00000000  00000040  RWIX
  CLB2DATAEXCH          00003380   00000080  00000000  00000080  RWIX
  CLB3LOGICCFG          00003400   00000052  00000000  00000052  RWIX
  CLB3LOGICCTRL         00003500   00000040  00000000  00000040  RWIX
  CLB3DATAEXCH          00003580   00000080  00000000  00000080  RWIX
  CLB4LOGICCFG          00003600   00000052  00000000  00000052  RWIX
  CLB4LOGICCTRL         00003700   00000040  00000000  00000040  RWIX
  CLB4DATAEXCH          00003780   00000080  00000000  00000080  RWIX
  CLB5LOGICCFG          00003800   00000052  00000000  00000052  RWIX
  CLB5LOGICCTRL         00003900   00000040  00000000  00000040  RWIX
  CLB5DATAEXCH          00003980   00000080  00000000  00000080  RWIX
  CLB6LOGICCFG          00003a00   00000052  00000000  00000052  RWIX
  CLB6LOGICCTRL         00003b00   00000040  00000000  00000040  RWIX
  CLB6DATAEXCH          00003b80   00000080  00000000  00000080  RWIX
  CLB7LOGICCFG          00003c00   00000052  00000000  00000052  RWIX
  CLB7LOGICCTRL         00003d00   00000040  00000000  00000040  RWIX
  CLB7DATAEXCH          00003d80   00000080  00000000  00000080  RWIX
  CLB8LOGICCFG          00003e00   00000052  00000000  00000052  RWIX
  CLB8LOGICCTRL         00003f00   00000040  00000000  00000040  RWIX
  CLB8DATAEXCH          00003f80   00000080  00000000  00000080  RWIX
  EPWM1                 00004000   00000100  00000000  00000100  RWIX
  EPWM2                 00004100   00000100  00000000  00000100  RWIX
  EPWM3                 00004200   00000100  00000000  00000100  RWIX
  EPWM4                 00004300   00000100  00000000  00000100  RWIX
  EPWM5                 00004400   00000100  00000000  00000100  RWIX
  EPWM6                 00004500   00000100  00000000  00000100  RWIX
  EPWM7                 00004600   00000100  00000000  00000100  RWIX
  EPWM8                 00004700   00000100  00000100  00000000  RWIX
  EPWM9                 00004800   00000100  00000000  00000100  RWIX
  EPWM10                00004900   00000100  00000000  00000100  RWIX
  EPWM11                00004a00   00000100  00000000  00000100  RWIX
  EPWM12                00004b00   00000100  00000000  00000100  RWIX
  EPWM13                00004c00   00000100  00000000  00000100  RWIX
  EPWM14                00004d00   00000100  00000000  00000100  RWIX
  EPWM15                00004e00   00000100  00000000  00000100  RWIX
  EPWM16                00004f00   00000100  00000000  00000100  RWIX
  EQEP1                 00005100   00000040  00000000  00000040  RWIX
  EQEP2                 00005140   00000040  00000000  00000040  RWIX
  EQEP3                 00005180   00000040  00000000  00000040  RWIX
  ECAP1                 00005200   00000020  00000000  00000020  RWIX
  ECAP2                 00005240   00000020  00000000  00000020  RWIX
  ECAP3                 00005280   00000020  00000000  00000020  RWIX
  ECAP4                 000052c0   00000020  00000000  00000020  RWIX
  ECAP5                 00005300   00000020  00000000  00000020  RWIX
  ECAP6                 00005340   00000020  00000000  00000020  RWIX
  HRCAP6                00005360   00000020  00000000  00000020  RWIX
  ECAP7                 00005380   00000020  00000000  00000020  RWIX
  HRCAP7                000053a0   00000020  00000000  00000020  RWIX
  DACA                  00005c00   00000008  00000000  00000008  RWIX
  DACB                  00005c10   00000008  00000000  00000008  RWIX
  DACC                  00005c20   00000008  00000000  00000008  RWIX
  CMPSS1                00005c80   00000020  00000000  00000020  RWIX
  CMPSS2                00005ca0   00000020  00000000  00000020  RWIX
  CMPSS3                00005cc0   00000020  00000000  00000020  RWIX
  CMPSS4                00005ce0   00000020  00000000  00000020  RWIX
  CMPSS5                00005d00   00000020  00000000  00000020  RWIX
  CMPSS6                00005d20   00000020  00000000  00000020  RWIX
  CMPSS7                00005d40   00000020  00000000  00000020  RWIX
  CMPSS8                00005d60   00000020  00000000  00000020  RWIX
  SDFM1                 00005e00   00000080  00000000  00000080  RWIX
  SDFM2                 00005e80   00000080  00000000  00000080  RWIX
  MCBSPA                00006000   00000024  00000000  00000024  RWIX
  MCBSPB                00006040   00000024  00000000  00000024  RWIX
  SPIA                  00006100   00000010  00000010  00000000  RWIX
  SPIB                  00006110   00000010  00000000  00000010  RWIX
  SPIC                  00006120   00000010  00000000  00000010  RWIX
  SPID                  00006130   00000010  00000000  00000010  RWIX
  BGCRCCPU              00006340   00000040  00000000  00000040  RWIX
  BGCRCCLA1             00006380   00000040  00000000  00000040  RWIX
  PMBUSA                00006400   00000020  00000000  00000020  RWIX
  FSITXA                00006600   00000050  00000000  00000050  RWIX
  FSIRXA                00006680   00000050  00000000  00000050  RWIX
  FSITXB                00006700   00000050  00000000  00000050  RWIX
  FSIRXB                00006780   00000050  00000000  00000050  RWIX
  FSIRXC                00006880   00000050  00000000  00000050  RWIX
  FSIRXD                00006980   00000050  00000000  00000050  RWIX
  FSIRXE                00006a80   00000050  00000000  00000050  RWIX
  FSIRXF                00006b80   00000050  00000000  00000050  RWIX
  FSIRXG                00006c80   00000050  00000000  00000050  RWIX
  FSIRXH                00006d80   00000050  00000000  00000050  RWIX
  WD                    00007000   0000002c  00000000  0000002c  RWIX
  NMIINTRUPT            00007060   00000010  00000000  00000010  RWIX
  XINT                  00007070   0000000c  00000000  0000000c  RWIX
  SCIA                  00007200   00000010  00000000  00000010  RWIX
  SCIB                  00007210   00000010  00000000  00000010  RWIX
  SCIC                  00007220   00000010  00000000  00000010  RWIX
  SCID                  00007230   00000010  00000000  00000010  RWIX
  I2CA                  00007300   00000022  00000000  00000022  RWIX
  I2CB                  00007340   00000022  00000000  00000022  RWIX
  ADCA                  00007400   00000080  0000007c  00000004  RWIX
  ADCB                  00007480   00000080  0000007c  00000004  RWIX
  ADCC                  00007500   00000080  0000007c  00000004  RWIX
  ADCD                  00007580   00000080  0000007c  00000004  RWIX
  INPUTXBAR             00007900   00000020  00000000  00000020  RWIX
  XBAR                  00007920   00000020  00000000  00000020  RWIX
  SYNCSOC               00007940   00000006  00000000  00000006  RWIX
  CLBINPUTXBAR          00007960   00000020  00000000  00000020  RWIX
  DMACLASRCSEL          00007980   0000001a  00000000  0000001a  RWIX
  EPWMXBAR              00007a00   00000040  00000000  00000040  RWIX
  CLBXBAR               00007a40   00000040  00000000  00000040  RWIX
  OUTPUTXBAR            00007a80   00000040  00000000  00000040  RWIX
  CLBOUTPUTXBAR         00007bc0   00000040  00000000  00000040  RWIX
  GPIOCTRL              00007c00   00000200  00000180  00000080  RWIX
  GPIODATA              00007f00   00000040  00000030  00000010  RWIX
  GPIODATAREAD          00007f80   00000010  00000000  00000010  RWIX
  EMIF1                 00047000   00000070  00000000  00000070  RWIX
  EMIF2                 00047800   00000070  00000000  00000070  RWIX
  CANA                  00048000   00000200  00000000  00000200  RWIX
  CANB                  0004a000   00000200  00000000  00000200  RWIX
  ESCSS                 00057e00   00000024  00000000  00000024  RWIX
  ESCSSCONFIG           00057f00   00000016  00000000  00000016  RWIX
  MCANASS               0005c400   0000002c  00000000  0000002c  RWIX
  MCANA                 0005c600   00000100  00000000  00000100  RWIX
  MCANAERR              0005c800   00000210  00000000  00000210  RWIX
  CPU1TOCPU2IPC         0005ce00   00000026  00000000  00000026  RWIX
  CPU1TOCMIPC           0005ce40   00000026  00000000  00000026  RWIX
  DEVCFG                0005d000   000001a0  00000000  000001a0  RWIX
  CLKCFG                0005d200   00000100  00000000  00000100  RWIX
  CPUSYS                0005d300   000000a0  0000009c  00000004  RWIX
  SYSSTATUS             0005d400   00000100  00000000  00000100  RWIX
  SYSPERIPHAC           0005d500   00000200  00000000  00000200  RWIX
  ANALOGSUBSYS          0005d700   00000100  00000000  00000100  RWIX
  CMCONF                0005dc00   00000400  00000000  00000400  RWIX
  DCC0                  0005e700   00000038  00000000  00000038  RWIX
  DCC1                  0005e740   00000038  00000000  00000038  RWIX
  DCC2                  0005e780   00000038  00000000  00000038  RWIX
  ERADGLOBAL            0005e800   00000014  00000000  00000014  RWIX
  ERADHWBP1             0005e900   00000008  00000000  00000008  RWIX
  ERADHWBP2             0005e908   00000008  00000000  00000008  RWIX
  ERADHWBP3             0005e910   00000008  00000000  00000008  RWIX
  ERADHWBP4             0005e918   00000008  00000000  00000008  RWIX
  ERADHWBP5             0005e920   00000008  00000000  00000008  RWIX
  ERADHWBP6             0005e928   00000008  00000000  00000008  RWIX
  ERADHWBP7             0005e930   00000008  00000000  00000008  RWIX
  ERADHWBP8             0005e938   00000008  00000000  00000008  RWIX
  ERADCOUNTER1          0005e980   00000010  00000000  00000010  RWIX
  ERADCOUNTER2          0005e990   00000010  00000000  00000010  RWIX
  ERADCOUNTER3          0005e9a0   00000010  00000000  00000010  RWIX
  ERADCOUNTER4          0005e9b0   00000010  00000000  00000010  RWIX
  ERADCRCGLOBAL         0005ea00   00000010  00000000  00000010  RWIX
  ERADCRC1              0005ea10   00000010  00000000  00000010  RWIX
  ERADCRC2              0005ea20   00000010  00000000  00000010  RWIX
  ERADCRC3              0005ea30   00000010  00000000  00000010  RWIX
  ERADCRC4              0005ea40   00000010  00000000  00000010  RWIX
  ERADCRC5              0005ea50   00000010  00000000  00000010  RWIX
  ERADCRC6              0005ea60   00000010  00000000  00000010  RWIX
  ERADCRC7              0005ea70   00000010  00000000  00000010  RWIX
  ERADCRC8              0005ea80   00000010  00000000  00000010  RWIX
  DCSMZ1                0005f000   0000003e  00000000  0000003e  RWIX
  DCSMZ2                0005f080   0000003e  00000000  0000003e  RWIX
  DCSMCOMMON            0005f0c0   00000020  00000000  00000020  RWIX
  MEMCFG                0005f400   000000c0  00000000  000000c0  RWIX
  EMIF1CONFIG           0005f4c0   00000020  00000000  00000020  RWIX
  EMIF2CONFIG           0005f4e0   00000020  00000000  00000020  RWIX
  ACCESSPROTECTION      0005f500   00000040  00000000  00000040  RWIX
  MEMORYERROR           0005f540   00000040  00000000  00000040  RWIX
  ROMWAITSTATE          0005f580   00000008  00000000  00000008  RWIX
  ROMPREFETCH           0005f588   00000008  00000000  00000008  RWIX
  TESTERROR             0005f590   00000010  00000000  00000010  RWIX
  FLASH0CTRL            0005f800   00000182  00000000  00000182  RWIX
  FLASH0ECC             0005fb00   00000028  00000000  00000028  RWIX
  UID                   00070200   00000010  00000000  00000010  RWIX
  DCSMZ1OTP             00078000   00000020  00000000  00000020  RWIX
  DCSMZ2OTP             00078200   00000020  00000000  00000020  RWIX


SECTION ALLOCATION MAP

 output                                  attributes/
section   page    origin      length       input sections
--------  ----  ----------  ----------   ----------------
codestart 
*          0    00080000    00000002     
                  00080000    00000002     f2838x_codestartbranch.obj (codestart)

.cinit     0    00088000    00000026     
                  00088000    0000000b     (.cinit..data.load) [load image, compression = lzss]
                  0008800b    00000001     --HOLE-- [fill = 0]
                  0008800c    00000006     (__TI_handler_table)
                  00088012    00000004     (.cinit..bss.load) [load image, compression = zero_init]
                  00088016    00000004     (.cinit.PieVectTableFile.load) [load image, compression = zero_init]
                  0008801a    0000000c     (__TI_cinit_table)

.reset     0    003fffc0    00000000     DSECT

.stack     0    00000400    00000200     UNINITIALIZED
                  00000400    00000200     --HOLE--

.init_array 
*          0    00082000    00000000     UNINITIALIZED

.bss       0    0000a814    0000052a     UNINITIALIZED
                  0000a814    000003e8     DevAdc.obj (.bss:AdcResults)
                  0000abfc    00000004     CSU_Adc.obj (.bss)
                  0000ac00    00000101     DevSci.obj (.bss)
                  0000ad01    0000001b     CSU_LED.obj (.bss)
                  0000ad1c    00000010     CSU_SSI.obj (.bss)
                  0000ad2c    0000000c     CSU_IPC.obj (.bss)
                  0000ad38    00000006     DevTimer.obj (.bss)

.data      0    0000a800    00000014     UNINITIALIZED
                  0000a800    00000006     DevAdc.obj (.data)
                  0000a806    00000006     rts2800_fpu64_eabi.lib : exit.c.obj (.data)
                  0000a80c    00000004     CSU_Zero.obj (.data)
                  0000a810    00000002     rts2800_fpu64_eabi.lib : _lock.c.obj (.data:_lock)
                  0000a812    00000002                            : _lock.c.obj (.data:_unlock)

MSGRAM_CM_TO_CPU 
*          0    00038000    00000088     UNINITIALIZED
                  00038000    00000088     ipc.obj (MSGRAM_CM_TO_CPU)

MSGRAM_CPU_TO_CM 
*          0    00039000    00000088     UNINITIALIZED
                  00039000    00000088     ipc.obj (MSGRAM_CPU_TO_CM)

.const     0    00090000    00000248     
                  00090000    000001c0     f2838x_pievect.obj (.const)
                  000901c0    00000088     ipc.obj (.const:IPC_Instance)

MSGRAM_CPU1_TO_CPU2 
*          0    0003a000    00000088     UNINITIALIZED
                  0003a000    00000088     ipc.obj (MSGRAM_CPU1_TO_CPU2)

MSGRAM_CPU2_TO_CPU1 
*          0    0003b000    00000088     UNINITIALIZED
                  0003b000    00000088     ipc.obj (MSGRAM_CPU2_TO_CPU1)

.TI.ramfunc 
*          0    00086000    000000ce     RUN ADDR = 00008000
                  00086000    00000087     DevAdc.obj (.TI.ramfunc:AdcaIsr)
                  00086087    0000003f     flash.obj (.TI.ramfunc:Flash_initModule)
                  000860c6    00000004     f2838x_usdelay.obj (.TI.ramfunc)
                  000860ca    00000004     sysctl.obj (.TI.ramfunc)

AdcaResultRegsFile 
*          1    00000b00    00000018     UNINITIALIZED
                  00000b00    00000018     f2838x_globalvariabledefs.obj (AdcaResultRegsFile)

PieVectTableFile 
*          1    00000d00    000001c0     UNINITIALIZED
                  00000d00    000001c0     f2838x_globalvariabledefs.obj (PieVectTableFile)

EmuKeyVar 
*          1    00000d00    00000000     UNINITIALIZED

EmuBModeVar 
*          1    00000d00    00000000     UNINITIALIZED

EmuBootPinsVar 
*          1    00000d00    00000000     UNINITIALIZED

FlashCallbackVar 
*          1    00000d00    00000000     UNINITIALIZED

FlashScalingVar 
*          1    00000d00    00000000     UNINITIALIZED

AdcaRegsFile 
*          1    00007400    0000007c     UNINITIALIZED
                  00007400    0000007c     f2838x_globalvariabledefs.obj (AdcaRegsFile)

AdcbRegsFile 
*          1    00007480    0000007c     UNINITIALIZED
                  00007480    0000007c     f2838x_globalvariabledefs.obj (AdcbRegsFile)

AdccRegsFile 
*          1    00007500    0000007c     UNINITIALIZED
                  00007500    0000007c     f2838x_globalvariabledefs.obj (AdccRegsFile)

AdcdRegsFile 
*          1    00007580    0000007c     UNINITIALIZED
                  00007580    0000007c     f2838x_globalvariabledefs.obj (AdcdRegsFile)

CpuSysRegsFile 
*          1    0005d300    0000009c     UNINITIALIZED
                  0005d300    0000009c     f2838x_globalvariabledefs.obj (CpuSysRegsFile)

EPwm8RegsFile 
*          1    00004700    00000100     UNINITIALIZED
                  00004700    00000100     f2838x_globalvariabledefs.obj (EPwm8RegsFile)

GpioCtrlRegsFile 
*          1    00007c00    00000180     UNINITIALIZED
                  00007c00    00000180     f2838x_globalvariabledefs.obj (GpioCtrlRegsFile)

GpioDataRegsFile 
*          1    00007f00    00000030     UNINITIALIZED
                  00007f00    00000030     f2838x_globalvariabledefs.obj (GpioDataRegsFile)

PieCtrlRegsFile 
*          1    00000ce0    0000001a     UNINITIALIZED
                  00000ce0    0000001a     f2838x_globalvariabledefs.obj (PieCtrlRegsFile)

SpiaRegsFile 
*          1    00006100    00000010     UNINITIALIZED
                  00006100    00000010     f2838x_globalvariabledefs.obj (SpiaRegsFile)

dcsm_z1otp_link_pointer 
*          0    00000002    00000000     

dcsm_z1otp_jlm_enable 
*          0    00000002    00000000     

dcsm_z1otp_gpreg 
*          0    00000002    00000000     

dcsm_z1otp_pswd_lock 
*          0    00000002    00000000     

dcsm_z1otp_crc_lock 
*          0    00000002    00000000     

dcsm_z1otp_jtag_pswdh 
*          0    00000002    00000000     

dcsm_z1otp_cmac_key 
*          0    00000002    00000000     

dcsm_zsel_z1 
*          0    00000002    00000000     

dcsm_z2otp_link_pointer 
*          0    00000002    00000000     

dcsm_rsvd_z2 
*          0    00000002    00000000     

dcsm_z2otp_gpreg 
*          0    00000002    00000000     

dcsm_z2otp_pswd_lock 
*          0    00000002    00000000     

dcsm_z2otp_crc_lock 
*          0    00000002    00000000     

dcsm_rsvd1_z2 
*          0    00000002    00000000     

dcsm_zsel_z2 
*          0    00000002    00000000     

.text.1    0    00082000    00002000     
                  00082000    00000199     sysctl.obj (.text:SysCtl_isPLLValid)
                  00082199    00000167     device.obj (.text:Device_enableAllPeripherals)
                  00082300    00000124     sysctl.obj (.text:SysCtl_setClock)
                  00082424    000000fe     CSU_Zero.obj (.text:procEncoderZero)
                  00082522    000000f7     CSU_IPC.obj (.text:sendIpcMessage1)
                  00082619    000000ec     sysctl.obj (.text:SysCtl_setAuxClock)
                  00082705    000000bb     dcc.obj (.text:DCC_verifyClockFrequency)
                  000827c0    000000b8     DevSci.obj (.text:isrScib_IPC)
                  00082878    000000b2     f2838x_adc.obj (.text:AdcSetMode)
                  0008292a    000000ac     DevSci.obj (.text:initScib_IPC)
                  000829d6    000000ab     CSU_SSI.obj (.text:updateEncoderState)
                  00082a81    000000a5     CSU_SSI.obj (.text:Calculate_CRC7)
                  00082b26    00000084     f2838x_gpio.obj (.text:GPIO_SetupPinOptions)
                  00082baa    00000079     CSU_LED.obj (.text:Initial_LED)
                  00082c23    00000074     DevAdc.obj (.text:InitAdcModules)
                  00082c97    00000074     interrupt.obj (.text:Interrupt_clearIFR)
                  00082d0b    00000067     DevTimer.obj (.text:Initial_TIMER)
                  00082d72    0000005f     CSU_LED.obj (.text:HW_writeLedPin)
                  00082dd1    0000005f     sysctl.obj (.text:SysCtl_pollX1Counter)
                  00082e30    0000005b     CSU_LED.obj (.text:initGpioDoutLed)
                  00082e8b    00000054     f2838x_gpio.obj (.text:GPIO_SetupPinMux)
                  00082edf    00000051     CSU_IPC.obj (.text:recvIpcMessage)
                  00082f30    00000050     sysctl.obj (.text:SysCtl_selectOscSourceAuxPLL)
                  00082f80    0000004f     DevSpi.obj (.text:InitSpia)
                  00082fcf    0000004e     device.obj (.text:Device_init)
                  0008301d    0000004b     DevTimer.obj (.text:initCPUTimers)
                  00083068    0000004a     interrupt.obj (.text:Interrupt_disable)
                  000830b2    00000047     DevAdc.obj (.text:initEPWM8)
                  000830f9    00000045     CSU_Zero.obj (.text:manualCtrlZero)
                  0008313e    00000042     CSU_LED.obj (.text:HW_toggleLedPin)
                  00083180    00000042     sysctl.obj (.text:SysCtl_selectXTAL)
                  000831c2    00000042     CSU_LED.obj (.text:updateSetRstGpioLed)
                  00083204    00000041     interrupt.obj (.text:Interrupt_initModule)
                  00083245    00000040     DevTimer.obj (.text:isr_CpuTimer0)
                  00083285    0000003f     gpio.obj (.text:GPIO_setPadConfig)
                  000832c4    00000038     CSU_SSI.obj (.text:PollingEncoderSSI)
                  000832fc    00000036     interrupt.obj (.text:Interrupt_enable)
                  00083332    00000030     gpio.obj (.text:GPIO_setPinConfig)
                  00083362    0000002f     CSU_LED.obj (.text:updateLedStatus)
                  00083391    0000002e     rts2800_fpu64_eabi.lib : copy_decompress_lzss.c.obj (.text:decompress:lzss)
                  000833bf    0000002c     DevSci.obj (.text:dequeueSci)
                  000833eb    0000002c     DevSci.obj (.text:enqueueSci)
                  00083417    0000002b     CSU_eQEP.obj (.text:Init_Eqep1Gpio)
                  00083442    0000002b     sci.obj (.text:SCI_setConfig)
                  0008346d    0000002b     sysctl.obj (.text:SysCtl_selectOscSource)
                  00083498    0000002b     rts2800_fpu64_eabi.lib : autoinit.c.obj (.text:__TI_auto_init_nobinit_nopinit)
                  000834c3    00000029     DevTimer.obj (.text:configCPUTimer)
                  000834ec    00000029     rts2800_fpu64_eabi.lib : exit.c.obj (.text)
                  00083515    00000028     DevSci.obj (.text:sendScib_IPC)
                  0008353d    00000027     CSU_Zero.obj (.text:initEncoderZero)
                  00083564    00000026     f2838x_adc.obj (.text:CalAdcINL)
                  0008358a    00000026     spi.obj (.text:SPI_setConfig)
                  000835b0    00000026     main.obj (.text:main)
                  000835d6    00000025     CSU_eQEP.obj (.text:EqeptoEncoder)
                  000835fb    00000024     CSU_eQEP.obj (.text:Init_Eqep1)
                  0008361f    00000022     gpio.obj (.text:GPIO_setControllerCore)
                  00083641    00000022     gpio.obj (.text:GPIO_setQualificationMode)
                  00083663    00000022     sci.obj (.text:SCI_writeCharArray)
                  00083685    00000022     sysctl.obj (.text:SysCtl_selectXTALSingleEnded)
                  000836a7    00000020     gpio.obj (.text:GPIO_setDirectionMode)
                  000836c7    00000020     sci.obj (.text:SCI_readCharArray)
                  000836e7    0000001f     CSU_SSI.obj (.text:initEncoderSSI)
                  00083706    0000001f     CSU_Zero.obj (.text:initGPIODoutZero)
                  00083725    0000001e     device.obj (.text:Device_initGPIO)
                  00083743    0000001e     rts2800_fpu64_eabi.lib : ll_cmp28.asm.obj (.text)
                  00083761    00000001                            : startup.c.obj (.text)
                  00083762    0000001d     interrupt.obj (.text:Interrupt_initVectorTable)
                  0008377f    0000001d     rts2800_fpu64_eabi.lib : memcpy.c.obj (.text)
                  0008379c    0000001c     device.obj (.text:Device_verifyXTAL)
                  000837b8    0000001c     ipc.obj (.text:IPC_unregisterInterrupt)
                  000837d4    0000001c     sci.obj (.text:SCI_clearInterruptStatus)
                  000837f0    0000001a     sci.obj (.text:SCI_disableInterrupt)
                  0008380a    0000001a     sci.obj (.text:SCI_enableInterrupt)
                  00083824    00000019     device.obj (.text:SysCtl_enablePeripheral)
                  0008383d    00000019     rts2800_fpu64_eabi.lib : boot28.asm.obj (.text)
                  00083856    00000018                            : ll_aox28.asm.obj (.text)
                  0008386e    00000017     DevDspInit.obj (.text:InitialPeripherals)
                  00083885    00000016     DevTimer.obj (.text:isr_CpuTimer1)
                  0008389b    00000016     CSU_LED.obj (.text:setLedStatus)
                  000838b1    00000015     DevTimer.obj (.text:isr_CpuTimer2)
                  000838c6    00000013     device.obj (.text:Device_enableUnbondedGPIOPullupsFor176Pin)
                  000838d9    00000011     CSU_eQEP.obj (.text:updateHwSwitchStatus2)
                  000838ea    00000011     DevSci.obj (.text:xmtScib_IPC)
                  000838fb    00000010     DevAdc.obj (.text:InitialAdc)
                  0008390b    0000000f     CSU_LED.obj (.text:setLedModeToggle)
                  0008391a    0000000f     CSU_Adc.obj (.text:updateAdcData)
                  00083929    0000000e     DevDspInit.obj (.text:DSP_Initialization)
                  00083937    0000000d     f2838x_defaultisr.obj (.text:EMPTY_ISR)
                  00083944    0000000c     interrupt.obj (.text:Interrupt_defaultHandler)
                  00083950    0000000c     rts2800_fpu64_eabi.lib : args_main.c.obj (.text)
                  0008395c    0000000c     CSU_LED.obj (.text:updateOrangeLed)
                  00083968    0000000b     device.obj (.text:Device_enableUnbondedGPIOPullups)
                  00083973    0000000b     CSU_Adc.obj (.text:Initial_CSU_Adc)
                  0008397e    0000000b     main.obj (.text:cycle_100ms)
                  00083989    0000000a     f2838x_defaultisr.obj (.text:ADCA1_ISR)
                  00083993    0000000a     f2838x_defaultisr.obj (.text:ADCA2_ISR)
                  0008399d    0000000a     f2838x_defaultisr.obj (.text:ADCA3_ISR)
                  000839a7    0000000a     f2838x_defaultisr.obj (.text:ADCA4_ISR)
                  000839b1    0000000a     f2838x_defaultisr.obj (.text:ADCA_EVT_ISR)
                  000839bb    0000000a     f2838x_defaultisr.obj (.text:ADCB1_ISR)
                  000839c5    0000000a     f2838x_defaultisr.obj (.text:ADCB2_ISR)
                  000839cf    0000000a     f2838x_defaultisr.obj (.text:ADCB3_ISR)
                  000839d9    0000000a     f2838x_defaultisr.obj (.text:ADCB4_ISR)
                  000839e3    0000000a     f2838x_defaultisr.obj (.text:ADCB_EVT_ISR)
                  000839ed    0000000a     f2838x_defaultisr.obj (.text:ADCC1_ISR)
                  000839f7    0000000a     f2838x_defaultisr.obj (.text:ADCC2_ISR)
                  00083a01    0000000a     f2838x_defaultisr.obj (.text:ADCC3_ISR)
                  00083a0b    0000000a     f2838x_defaultisr.obj (.text:ADCC4_ISR)
                  00083a15    0000000a     f2838x_defaultisr.obj (.text:ADCC_EVT_ISR)
                  00083a1f    0000000a     f2838x_defaultisr.obj (.text:ADCD1_ISR)
                  00083a29    0000000a     f2838x_defaultisr.obj (.text:ADCD2_ISR)
                  00083a33    0000000a     f2838x_defaultisr.obj (.text:ADCD3_ISR)
                  00083a3d    0000000a     f2838x_defaultisr.obj (.text:ADCD4_ISR)
                  00083a47    0000000a     f2838x_defaultisr.obj (.text:ADCD_EVT_ISR)
                  00083a51    0000000a     f2838x_defaultisr.obj (.text:CANA0_ISR)
                  00083a5b    0000000a     f2838x_defaultisr.obj (.text:CANA1_ISR)
                  00083a65    0000000a     f2838x_defaultisr.obj (.text:CANB0_ISR)
                  00083a6f    0000000a     f2838x_defaultisr.obj (.text:CANB1_ISR)
                  00083a79    0000000a     f2838x_defaultisr.obj (.text:CIPC0_ISR)
                  00083a83    0000000a     f2838x_defaultisr.obj (.text:CIPC1_ISR)
                  00083a8d    0000000a     f2838x_defaultisr.obj (.text:CIPC2_ISR)
                  00083a97    0000000a     f2838x_defaultisr.obj (.text:CIPC3_ISR)
                  00083aa1    0000000a     f2838x_defaultisr.obj (.text:CLA1CRC_ISR)
                  00083aab    0000000a     f2838x_defaultisr.obj (.text:CLA1_1_ISR)
                  00083ab5    0000000a     f2838x_defaultisr.obj (.text:CLA1_2_ISR)
                  00083abf    0000000a     f2838x_defaultisr.obj (.text:CLA1_3_ISR)
                  00083ac9    0000000a     f2838x_defaultisr.obj (.text:CLA1_4_ISR)
                  00083ad3    0000000a     f2838x_defaultisr.obj (.text:CLA1_5_ISR)
                  00083add    0000000a     f2838x_defaultisr.obj (.text:CLA1_6_ISR)
                  00083ae7    0000000a     f2838x_defaultisr.obj (.text:CLA1_7_ISR)
                  00083af1    0000000a     f2838x_defaultisr.obj (.text:CLA1_8_ISR)
                  00083afb    0000000a     f2838x_defaultisr.obj (.text:CLA_OVERFLOW_ISR)
                  00083b05    0000000a     f2838x_defaultisr.obj (.text:CLA_UNDERFLOW_ISR)
                  00083b0f    0000000a     f2838x_defaultisr.obj (.text:CLB1_ISR)
                  00083b19    0000000a     f2838x_defaultisr.obj (.text:CLB2_ISR)
                  00083b23    0000000a     f2838x_defaultisr.obj (.text:CLB3_ISR)
                  00083b2d    0000000a     f2838x_defaultisr.obj (.text:CLB4_ISR)
                  00083b37    0000000a     f2838x_defaultisr.obj (.text:CLB5_ISR)
                  00083b41    0000000a     f2838x_defaultisr.obj (.text:CLB6_ISR)
                  00083b4b    0000000a     f2838x_defaultisr.obj (.text:CLB7_ISR)
                  00083b55    0000000a     f2838x_defaultisr.obj (.text:CLB8_ISR)
                  00083b5f    0000000a     f2838x_defaultisr.obj (.text:CMTOCPUXIPC0_ISR)
                  00083b69    0000000a     f2838x_defaultisr.obj (.text:CMTOCPUXIPC1_ISR)
                  00083b73    0000000a     f2838x_defaultisr.obj (.text:CMTOCPUXIPC2_ISR)
                  00083b7d    0000000a     f2838x_defaultisr.obj (.text:CMTOCPUXIPC3_ISR)
                  00083b87    0000000a     f2838x_defaultisr.obj (.text:CMTOCPUXIPC4_ISR)
                  00083b91    0000000a     f2838x_defaultisr.obj (.text:CMTOCPUXIPC5_ISR)
                  00083b9b    0000000a     f2838x_defaultisr.obj (.text:CMTOCPUXIPC6_ISR)
                  00083ba5    0000000a     f2838x_defaultisr.obj (.text:CMTOCPUXIPC7_ISR)
                  00083baf    0000000a     f2838x_defaultisr.obj (.text:CM_STATUS_ISR)
                  00083bb9    0000000a     f2838x_defaultisr.obj (.text:CPUCRC_ISR)
                  00083bc3    0000000a     f2838x_defaultisr.obj (.text:DATALOG_ISR)
                  00083bcd    0000000a     f2838x_defaultisr.obj (.text:DMA_CH1_ISR)
                  00083bd7    0000000a     f2838x_defaultisr.obj (.text:DMA_CH2_ISR)
                  00083be1    0000000a     f2838x_defaultisr.obj (.text:DMA_CH3_ISR)
                  00083beb    0000000a     f2838x_defaultisr.obj (.text:DMA_CH4_ISR)
                  00083bf5    0000000a     f2838x_defaultisr.obj (.text:DMA_CH5_ISR)
                  00083bff    0000000a     f2838x_defaultisr.obj (.text:DMA_CH6_ISR)
                  00083c09    0000000a     f2838x_defaultisr.obj (.text:ECAP1_ISR)
                  00083c13    0000000a     f2838x_defaultisr.obj (.text:ECAP2_ISR)
                  00083c1d    0000000a     f2838x_defaultisr.obj (.text:ECAP3_ISR)
                  00083c27    0000000a     f2838x_defaultisr.obj (.text:ECAP4_ISR)
                  00083c31    0000000a     f2838x_defaultisr.obj (.text:ECAP5_ISR)
                  00083c3b    0000000a     f2838x_defaultisr.obj (.text:ECAP6_2_ISR)
                  00083c45    0000000a     f2838x_defaultisr.obj (.text:ECAP6_ISR)
                  00083c4f    0000000a     f2838x_defaultisr.obj (.text:ECAP7_2_ISR)
                  00083c59    0000000a     f2838x_defaultisr.obj (.text:ECAP7_ISR)
                  00083c63    0000000a     f2838x_defaultisr.obj (.text:ECATRST_ISR)
                  00083c6d    0000000a     f2838x_defaultisr.obj (.text:ECATSYNC0_ISR)
                  00083c77    0000000a     f2838x_defaultisr.obj (.text:ECATSYNC1_ISR)
                  00083c81    0000000a     f2838x_defaultisr.obj (.text:ECAT_ISR)
                  00083c8b    0000000a     f2838x_defaultisr.obj (.text:EMU_ISR)
                  00083c95    0000000a     f2838x_defaultisr.obj (.text:EPWM10_ISR)
                  00083c9f    0000000a     f2838x_defaultisr.obj (.text:EPWM10_TZ_ISR)
                  00083ca9    0000000a     f2838x_defaultisr.obj (.text:EPWM11_ISR)
                  00083cb3    0000000a     f2838x_defaultisr.obj (.text:EPWM11_TZ_ISR)
                  00083cbd    0000000a     f2838x_defaultisr.obj (.text:EPWM12_ISR)
                  00083cc7    0000000a     f2838x_defaultisr.obj (.text:EPWM12_TZ_ISR)
                  00083cd1    0000000a     f2838x_defaultisr.obj (.text:EPWM13_ISR)
                  00083cdb    0000000a     f2838x_defaultisr.obj (.text:EPWM13_TZ_ISR)
                  00083ce5    0000000a     f2838x_defaultisr.obj (.text:EPWM14_ISR)
                  00083cef    0000000a     f2838x_defaultisr.obj (.text:EPWM14_TZ_ISR)
                  00083cf9    0000000a     f2838x_defaultisr.obj (.text:EPWM15_ISR)
                  00083d03    0000000a     f2838x_defaultisr.obj (.text:EPWM15_TZ_ISR)
                  00083d0d    0000000a     f2838x_defaultisr.obj (.text:EPWM16_ISR)
                  00083d17    0000000a     f2838x_defaultisr.obj (.text:EPWM16_TZ_ISR)
                  00083d21    0000000a     f2838x_defaultisr.obj (.text:EPWM1_ISR)
                  00083d2b    0000000a     f2838x_defaultisr.obj (.text:EPWM1_TZ_ISR)
                  00083d35    0000000a     f2838x_defaultisr.obj (.text:EPWM2_ISR)
                  00083d3f    0000000a     f2838x_defaultisr.obj (.text:EPWM2_TZ_ISR)
                  00083d49    0000000a     f2838x_defaultisr.obj (.text:EPWM3_ISR)
                  00083d53    0000000a     f2838x_defaultisr.obj (.text:EPWM3_TZ_ISR)
                  00083d5d    0000000a     f2838x_defaultisr.obj (.text:EPWM4_ISR)
                  00083d67    0000000a     f2838x_defaultisr.obj (.text:EPWM4_TZ_ISR)
                  00083d71    0000000a     f2838x_defaultisr.obj (.text:EPWM5_ISR)
                  00083d7b    0000000a     f2838x_defaultisr.obj (.text:EPWM5_TZ_ISR)
                  00083d85    0000000a     f2838x_defaultisr.obj (.text:EPWM6_ISR)
                  00083d8f    0000000a     f2838x_defaultisr.obj (.text:EPWM6_TZ_ISR)
                  00083d99    0000000a     f2838x_defaultisr.obj (.text:EPWM7_ISR)
                  00083da3    0000000a     f2838x_defaultisr.obj (.text:EPWM7_TZ_ISR)
                  00083dad    0000000a     f2838x_defaultisr.obj (.text:EPWM8_ISR)
                  00083db7    0000000a     f2838x_defaultisr.obj (.text:EPWM8_TZ_ISR)
                  00083dc1    0000000a     f2838x_defaultisr.obj (.text:EPWM9_ISR)
                  00083dcb    0000000a     f2838x_defaultisr.obj (.text:EPWM9_TZ_ISR)
                  00083dd5    0000000a     f2838x_defaultisr.obj (.text:EQEP1_ISR)
                  00083ddf    0000000a     f2838x_defaultisr.obj (.text:EQEP2_ISR)
                  00083de9    0000000a     f2838x_defaultisr.obj (.text:EQEP3_ISR)
                  00083df3    0000000a     f2838x_defaultisr.obj (.text:FMC_ISR)
                  00083dfd    0000000a     f2838x_defaultisr.obj (.text:FPU_OFLOW_ISR)
                  00083e07    0000000a     f2838x_defaultisr.obj (.text:FPU_UFLOW_ISR)
                  00083e11    0000000a     f2838x_defaultisr.obj (.text:FSIRXA1_ISR)
                  00083e1b    0000000a     f2838x_defaultisr.obj (.text:FSIRXA2_ISR)
                  00083e25    0000000a     f2838x_defaultisr.obj (.text:FSIRXB1_ISR)
                  00083e2f    0000000a     f2838x_defaultisr.obj (.text:FSIRXB2_ISR)
                  00083e39    0000000a     f2838x_defaultisr.obj (.text:FSIRXC1_ISR)
                  00083e43    0000000a     f2838x_defaultisr.obj (.text:FSIRXC2_ISR)
                  00083e4d    0000000a     f2838x_defaultisr.obj (.text:FSIRXD1_ISR)
                  00083e57    0000000a     f2838x_defaultisr.obj (.text:FSIRXD2_ISR)
                  00083e61    0000000a     f2838x_defaultisr.obj (.text:FSIRXE1_ISR)
                  00083e6b    0000000a     f2838x_defaultisr.obj (.text:FSIRXE2_ISR)
                  00083e75    0000000a     f2838x_defaultisr.obj (.text:FSIRXF1_ISR)
                  00083e7f    0000000a     f2838x_defaultisr.obj (.text:FSIRXF2_ISR)
                  00083e89    0000000a     f2838x_defaultisr.obj (.text:FSIRXG1_ISR)
                  00083e93    0000000a     f2838x_defaultisr.obj (.text:FSIRXG2_ISR)
                  00083e9d    0000000a     f2838x_defaultisr.obj (.text:FSIRXH1_ISR)
                  00083ea7    0000000a     f2838x_defaultisr.obj (.text:FSIRXH2_ISR)
                  00083eb1    0000000a     f2838x_defaultisr.obj (.text:FSITXA1_ISR)
                  00083ebb    0000000a     f2838x_defaultisr.obj (.text:FSITXA2_ISR)
                  00083ec5    0000000a     f2838x_defaultisr.obj (.text:FSITXB1_ISR)
                  00083ecf    0000000a     f2838x_defaultisr.obj (.text:FSITXB2_ISR)
                  00083ed9    0000000a     f2838x_defaultisr.obj (.text:I2CA_FIFO_ISR)
                  00083ee3    0000000a     f2838x_defaultisr.obj (.text:I2CA_HIGH_ISR)
                  00083eed    0000000a     f2838x_defaultisr.obj (.text:I2CA_ISR)
                  00083ef7    0000000a     f2838x_defaultisr.obj (.text:I2CB_FIFO_ISR)
                  00083f01    0000000a     f2838x_defaultisr.obj (.text:I2CB_ISR)
                  00083f0b    0000000a     f2838x_defaultisr.obj (.text:ILLEGAL_ISR)
                  00083f15    0000000a     interrupt.obj (.text:Interrupt_illegalOperationHandler)
                  00083f1f    0000000a     interrupt.obj (.text:Interrupt_nmiHandler)
                  00083f29    0000000a     f2838x_defaultisr.obj (.text:MCANA_0_ISR)
                  00083f33    0000000a     f2838x_defaultisr.obj (.text:MCANA_1_ISR)
                  00083f3d    0000000a     f2838x_defaultisr.obj (.text:MCANA_ECC_ISR)
                  00083f47    0000000a     f2838x_defaultisr.obj (.text:MCANA_WAKE_ISR)
                  00083f51    0000000a     f2838x_defaultisr.obj (.text:MCBSPA_RX_ISR)
                  00083f5b    0000000a     f2838x_defaultisr.obj (.text:MCBSPA_TX_ISR)
                  00083f65    0000000a     f2838x_defaultisr.obj (.text:MCBSPB_RX_ISR)
                  00083f6f    0000000a     f2838x_defaultisr.obj (.text:MCBSPB_TX_ISR)
                  00083f79    0000000a     f2838x_defaultisr.obj (.text:MPOST_ISR)
                  00083f83    0000000a     f2838x_defaultisr.obj (.text:NMI_ISR)
                  00083f8d    0000000a     f2838x_defaultisr.obj (.text:NOTUSED_ISR)
                  00083f97    0000000a     f2838x_defaultisr.obj (.text:PIE_RESERVED_ISR)
                  00083fa1    0000000a     f2838x_defaultisr.obj (.text:PMBUSA_ISR)
                  00083fab    0000000a     f2838x_defaultisr.obj (.text:RTOS_ISR)
                  00083fb5    0000000a     f2838x_defaultisr.obj (.text:SCIA_RX_ISR)
                  00083fbf    0000000a     f2838x_defaultisr.obj (.text:SCIA_TX_ISR)
                  00083fc9    0000000a     f2838x_defaultisr.obj (.text:SCIB_RX_ISR)
                  00083fd3    0000000a     f2838x_defaultisr.obj (.text:SCIB_TX_ISR)
                  00083fdd    0000000a     f2838x_defaultisr.obj (.text:SCIC_RX_ISR)
                  00083fe7    0000000a     f2838x_defaultisr.obj (.text:SCIC_TX_ISR)
                  00083ff1    0000000a     f2838x_defaultisr.obj (.text:SCID_RX_ISR)
                  00083ffb    00000005     DevDspInit.obj (.text:Init_GpioDout)

.text.2    0    00084000    000001e9     
                  00084000    0000000a     f2838x_defaultisr.obj (.text:SCID_TX_ISR)
                  0008400a    0000000a     f2838x_defaultisr.obj (.text:SDFM1DR1_ISR)
                  00084014    0000000a     f2838x_defaultisr.obj (.text:SDFM1DR2_ISR)
                  0008401e    0000000a     f2838x_defaultisr.obj (.text:SDFM1DR3_ISR)
                  00084028    0000000a     f2838x_defaultisr.obj (.text:SDFM1DR4_ISR)
                  00084032    0000000a     f2838x_defaultisr.obj (.text:SDFM1_ISR)
                  0008403c    0000000a     f2838x_defaultisr.obj (.text:SDFM2DR1_ISR)
                  00084046    0000000a     f2838x_defaultisr.obj (.text:SDFM2DR2_ISR)
                  00084050    0000000a     f2838x_defaultisr.obj (.text:SDFM2DR3_ISR)
                  0008405a    0000000a     f2838x_defaultisr.obj (.text:SDFM2DR4_ISR)
                  00084064    0000000a     f2838x_defaultisr.obj (.text:SDFM2_ISR)
                  0008406e    0000000a     f2838x_defaultisr.obj (.text:SPIA_RX_ISR)
                  00084078    0000000a     f2838x_defaultisr.obj (.text:SPIA_TX_ISR)
                  00084082    0000000a     f2838x_defaultisr.obj (.text:SPIB_RX_ISR)
                  0008408c    0000000a     f2838x_defaultisr.obj (.text:SPIB_TX_ISR)
                  00084096    0000000a     f2838x_defaultisr.obj (.text:SPIC_RX_ISR)
                  000840a0    0000000a     f2838x_defaultisr.obj (.text:SPIC_TX_ISR)
                  000840aa    0000000a     f2838x_defaultisr.obj (.text:SPID_RX_ISR)
                  000840b4    0000000a     f2838x_defaultisr.obj (.text:SPID_TX_ISR)
                  000840be    0000000a     f2838x_defaultisr.obj (.text:SYS_ERR_ISR)
                  000840c8    0000000a     f2838x_defaultisr.obj (.text:TIMER0_ISR)
                  000840d2    0000000a     f2838x_defaultisr.obj (.text:TIMER1_ISR)
                  000840dc    0000000a     f2838x_defaultisr.obj (.text:TIMER2_ISR)
                  000840e6    0000000a     f2838x_defaultisr.obj (.text:USBA_ISR)
                  000840f0    0000000a     f2838x_defaultisr.obj (.text:USER10_ISR)
                  000840fa    0000000a     f2838x_defaultisr.obj (.text:USER11_ISR)
                  00084104    0000000a     f2838x_defaultisr.obj (.text:USER12_ISR)
                  0008410e    0000000a     f2838x_defaultisr.obj (.text:USER1_ISR)
                  00084118    0000000a     f2838x_defaultisr.obj (.text:USER2_ISR)
                  00084122    0000000a     f2838x_defaultisr.obj (.text:USER3_ISR)
                  0008412c    0000000a     f2838x_defaultisr.obj (.text:USER4_ISR)
                  00084136    0000000a     f2838x_defaultisr.obj (.text:USER5_ISR)
                  00084140    0000000a     f2838x_defaultisr.obj (.text:USER6_ISR)
                  0008414a    0000000a     f2838x_defaultisr.obj (.text:USER7_ISR)
                  00084154    0000000a     f2838x_defaultisr.obj (.text:USER8_ISR)
                  0008415e    0000000a     f2838x_defaultisr.obj (.text:USER9_ISR)
                  00084168    0000000a     f2838x_defaultisr.obj (.text:WAKE_ISR)
                  00084172    0000000a     f2838x_defaultisr.obj (.text:XINT1_ISR)
                  0008417c    0000000a     f2838x_defaultisr.obj (.text:XINT2_ISR)
                  00084186    0000000a     f2838x_defaultisr.obj (.text:XINT3_ISR)
                  00084190    0000000a     f2838x_defaultisr.obj (.text:XINT4_ISR)
                  0008419a    0000000a     f2838x_defaultisr.obj (.text:XINT5_ISR)
                  000841a4    00000009     main.obj (.text:cycle_10ms)
                  000841ad    00000009     rts2800_fpu64_eabi.lib : _lock.c.obj (.text)
                  000841b6    00000008                            : copy_decompress_none.c.obj (.text:decompress:none)
                  000841be    00000008     f2838x_codestartbranch.obj (.text)
                  000841c6    00000007     DevSci.obj (.text:Initial_SCI)
                  000841cd    00000007     rts2800_fpu64_eabi.lib : memset.c.obj (.text)
                  000841d4    00000006     cputimer.obj (.text:CPUTimer_setEmulationMode)
                  000841da    00000006     rts2800_fpu64_eabi.lib : copy_zero_init.c.obj (.text:decompress:ZI)
                  000841e0    00000004     main.obj (.text:cycle_1ms)
                  000841e4    00000003     DevDspInit.obj (.text:Initial_GPIO)
                  000841e7    00000002     rts2800_fpu64_eabi.lib : pre_init.c.obj (.text)

MODULE SUMMARY

       Module                          code   ro data   rw data
       ------                          ----   -------   -------
    .\
       main.obj                        62     0         0      
    +--+-------------------------------+------+---------+---------+
       Total:                          62     0         0      
                                                               
    .\CSU\
       CSU_LED.obj                     535    0         27     
       CSU_SSI.obj                     423    0         16     
       CSU_Zero.obj                    393    0         4      
       CSU_IPC.obj                     328    0         12     
       CSU_eQEP.obj                    133    0         0      
       CSU_Adc.obj                     26     0         4      
    +--+-------------------------------+------+---------+---------+
       Total:                          1838   0         63     
                                                               
    .\Dev\
       DevAdc.obj                      473    0         1006   
       DevSci.obj                      508    0         257    
       DevTimer.obj                    326    0         6      
       DevSpi.obj                      79     0         0      
       DevDspInit.obj                  45     0         0      
    +--+-------------------------------+------+---------+---------+
       Total:                          1431   0         1269   
                                                               
    .\SDK\common\source\
       f2838x_defaultisr.obj           2063   0         0      
       device.obj                      550    0         0      
       f2838x_pievect.obj              0      448       0      
       f2838x_adc.obj                  216    0         0      
       f2838x_gpio.obj                 216    0         0      
       f2838x_codestartbranch.obj      10     0         0      
       f2838x_usdelay.obj              8      0         0      
    +--+-------------------------------+------+---------+---------+
       Total:                          3063   448       0      
                                                               
    .\SDK\driverlib\
       sysctl.obj                      1263   0         0      
       ipc.obj                         28     136       544    
       interrupt.obj                   370    0         0      
       gpio.obj                        211    0         0      
       sci.obj                         189    0         0      
       dcc.obj                         187    0         0      
       flash.obj                       126    0         0      
       spi.obj                         38     0         0      
       cputimer.obj                    6      0         0      
    +--+-------------------------------+------+---------+---------+
       Total:                          2418   136       544    
                                                               
    .\SDK\headers\source\
       f2838x_globalvariabledefs.obj   0      0         1854   
    +--+-------------------------------+------+---------+---------+
       Total:                          0      0         1854   
                                                               
    C:\ti\ccs2040\ccs\tools\compiler\ti-cgt-c2000_22.6.3.LTS\lib\rts2800_fpu64_eabi.lib
       exit.c.obj                      41     0         6      
       copy_decompress_lzss.c.obj      46     0         0      
       autoinit.c.obj                  43     0         0      
       ll_cmp28.asm.obj                30     0         0      
       memcpy.c.obj                    29     0         0      
       boot28.asm.obj                  25     0         0      
       ll_aox28.asm.obj                24     0         0      
       _lock.c.obj                     9      0         4      
       args_main.c.obj                 12     0         0      
       copy_decompress_none.c.obj      8      0         0      
       memset.c.obj                    7      0         0      
       copy_zero_init.c.obj            6      0         0      
       pre_init.c.obj                  2      0         0      
       startup.c.obj                   1      0         0      
    +--+-------------------------------+------+---------+---------+
       Total:                          283    0         10     
                                                               
       Stack:                          0      0         512    
       Linker Generated:               0      37        0      
    +--+-------------------------------+------+---------+---------+
       Grand Total:                    9095   621       4252   


LINKER GENERATED COPY TABLES

__TI_cinit_table @ 0008801a records: 3, size/record: 4, table size: 12
	.data: load addr=00088000, load size=0000000b bytes, run addr=0000a800, run size=00000014 bytes, compression=lzss
	.bss: load addr=00088012, load size=00000004 bytes, run addr=0000a814, run size=0000052a bytes, compression=zero_init
	PieVectTableFile: load addr=00088016, load size=00000004 bytes, run addr=00000d00, run size=000001c0 bytes, compression=zero_init


LINKER GENERATED HANDLER TABLE

__TI_handler_table @ 0008800c records: 3, size/record: 2, table size: 6
	index: 0, handler: __TI_zero_init
	index: 1, handler: __TI_decompress_lzss
	index: 2, handler: __TI_decompress_none


GLOBAL DATA SYMBOLS: SORTED BY DATA PAGE

address     data page           name
--------    ----------------    ----
00000400      10 (00000400)     __stack

00000b00      2c (00000b00)     AdcaResultRegs

00000ce0      33 (00000cc0)     PieCtrlRegs

00000d00      34 (00000d00)     PieVectTable

00004700     11c (00004700)     EPwm8Regs

00006100     184 (00006100)     SpiaRegs

00007400     1d0 (00007400)     AdcaRegs

00007480     1d2 (00007480)     AdcbRegs

00007500     1d4 (00007500)     AdccRegs

00007580     1d6 (00007580)     AdcdRegs

00007c00     1f0 (00007c00)     GpioCtrlRegs

00007f00     1fc (00007f00)     GpioDataRegs

0000a800     2a0 (0000a800)     ResultsIndex
0000a802     2a0 (0000a800)     lpf_PrevValue
0000a804     2a0 (0000a800)     lpf_PrevPWM7a
0000a806     2a0 (0000a800)     __TI_enable_exit_profile_output
0000a808     2a0 (0000a800)     __TI_cleanup_ptr
0000a80a     2a0 (0000a800)     __TI_dtors_ptr
0000a810     2a0 (0000a800)     _lock
0000a812     2a0 (0000a800)     _unlock
0000a814     2a0 (0000a800)     AdcResults

0000abfc     2af (0000abc0)     xAdcApp

0000ad01     2b4 (0000ad00)     xLed
0000ad1c     2b4 (0000ad00)     xEncoderA
0000ad2c     2b4 (0000ad00)     xRcvIpcMsg1
0000ad32     2b4 (0000ad00)     xXmtIpcMsg1
0000ad38     2b4 (0000ad00)     xTimer

00038000     e00 (00038000)     IPC_CPU_To_CM_GetBuffer

00039000     e40 (00039000)     IPC_CPU_To_CM_PutBuffer

0003a000     e80 (0003a000)     IPC_CPU1_To_CPU2_PutBuffer

0003b000     ec0 (0003b000)     IPC_CPU1_To_CPU2_GetBuffer

0005d300    174c (0005d300)     CpuSysRegs

00090000    2400 (00090000)     PieVectTableInit

000901c0    2407 (000901c0)     IPC_Instance


GLOBAL SYMBOLS: SORTED ALPHABETICALLY BY Name 

page  address   name                                     
----  -------   ----                                     
0     00083989  ADCA1_ISR                                
0     00083993  ADCA2_ISR                                
0     0008399d  ADCA3_ISR                                
0     000839a7  ADCA4_ISR                                
0     000839b1  ADCA_EVT_ISR                             
0     000839bb  ADCB1_ISR                                
0     000839c5  ADCB2_ISR                                
0     000839cf  ADCB3_ISR                                
0     000839d9  ADCB4_ISR                                
0     000839e3  ADCB_EVT_ISR                             
0     000839ed  ADCC1_ISR                                
0     000839f7  ADCC2_ISR                                
0     00083a01  ADCC3_ISR                                
0     00083a0b  ADCC4_ISR                                
0     00083a15  ADCC_EVT_ISR                             
0     00083a1f  ADCD1_ISR                                
0     00083a29  ADCD2_ISR                                
0     00083a33  ADCD3_ISR                                
0     00083a3d  ADCD4_ISR                                
0     00083a47  ADCD_EVT_ISR                             
0     0000a814  AdcResults                               
0     00082878  AdcSetMode                               
0     00008000  AdcaIsr                                  
1     00007400  AdcaRegs                                 
1     00000b00  AdcaResultRegs                           
1     00007480  AdcbRegs                                 
1     00007500  AdccRegs                                 
1     00007580  AdcdRegs                                 
0     000834ec  C$$EXIT                                  
0     00083a51  CANA0_ISR                                
0     00083a5b  CANA1_ISR                                
0     00083a65  CANB0_ISR                                
0     00083a6f  CANB1_ISR                                
0     00083a79  CIPC0_ISR                                
0     00083a83  CIPC1_ISR                                
0     00083a8d  CIPC2_ISR                                
0     00083a97  CIPC3_ISR                                
0     00083aa1  CLA1CRC_ISR                              
0     00083aab  CLA1_1_ISR                               
0     00083ab5  CLA1_2_ISR                               
0     00083abf  CLA1_3_ISR                               
0     00083ac9  CLA1_4_ISR                               
0     00083ad3  CLA1_5_ISR                               
0     00083add  CLA1_6_ISR                               
0     00083ae7  CLA1_7_ISR                               
0     00083af1  CLA1_8_ISR                               
0     00083afb  CLA_OVERFLOW_ISR                         
0     00083b05  CLA_UNDERFLOW_ISR                        
0     00083b0f  CLB1_ISR                                 
0     00083b19  CLB2_ISR                                 
0     00083b23  CLB3_ISR                                 
0     00083b2d  CLB4_ISR                                 
0     00083b37  CLB5_ISR                                 
0     00083b41  CLB6_ISR                                 
0     00083b4b  CLB7_ISR                                 
0     00083b55  CLB8_ISR                                 
0     00083b5f  CMTOCPUXIPC0_ISR                         
0     00083b69  CMTOCPUXIPC1_ISR                         
0     00083b73  CMTOCPUXIPC2_ISR                         
0     00083b7d  CMTOCPUXIPC3_ISR                         
0     00083b87  CMTOCPUXIPC4_ISR                         
0     00083b91  CMTOCPUXIPC5_ISR                         
0     00083b9b  CMTOCPUXIPC6_ISR                         
0     00083ba5  CMTOCPUXIPC7_ISR                         
0     00083baf  CM_STATUS_ISR                            
0     00083bb9  CPUCRC_ISR                               
0     000841d4  CPUTimer_setEmulationMode                
0     00083564  CalAdcINL                                
1     0005d300  CpuSysRegs                               
0     00083bc3  DATALOG_ISR                              
0     00082705  DCC_verifyClockFrequency                 
0     00083bcd  DMA_CH1_ISR                              
0     00083bd7  DMA_CH2_ISR                              
0     00083be1  DMA_CH3_ISR                              
0     00083beb  DMA_CH4_ISR                              
0     00083bf5  DMA_CH5_ISR                              
0     00083bff  DMA_CH6_ISR                              
0     00083929  DSP_Initialization                       
0     00082199  Device_enableAllPeripherals              
0     00083968  Device_enableUnbondedGPIOPullups         
0     000838c6  Device_enableUnbondedGPIOPullupsFor176Pin
0     00082fcf  Device_init                              
0     00083725  Device_initGPIO                          
0     0008379c  Device_verifyXTAL                        
0     00083c09  ECAP1_ISR                                
0     00083c13  ECAP2_ISR                                
0     00083c1d  ECAP3_ISR                                
0     00083c27  ECAP4_ISR                                
0     00083c31  ECAP5_ISR                                
0     00083c3b  ECAP6_2_ISR                              
0     00083c45  ECAP6_ISR                                
0     00083c4f  ECAP7_2_ISR                              
0     00083c59  ECAP7_ISR                                
0     00083c63  ECATRST_ISR                              
0     00083c6d  ECATSYNC0_ISR                            
0     00083c77  ECATSYNC1_ISR                            
0     00083c81  ECAT_ISR                                 
0     00083937  EMPTY_ISR                                
0     00083c8b  EMU_ISR                                  
0     00083c95  EPWM10_ISR                               
0     00083c9f  EPWM10_TZ_ISR                            
0     00083ca9  EPWM11_ISR                               
0     00083cb3  EPWM11_TZ_ISR                            
0     00083cbd  EPWM12_ISR                               
0     00083cc7  EPWM12_TZ_ISR                            
0     00083cd1  EPWM13_ISR                               
0     00083cdb  EPWM13_TZ_ISR                            
0     00083ce5  EPWM14_ISR                               
0     00083cef  EPWM14_TZ_ISR                            
0     00083cf9  EPWM15_ISR                               
0     00083d03  EPWM15_TZ_ISR                            
0     00083d0d  EPWM16_ISR                               
0     00083d17  EPWM16_TZ_ISR                            
0     00083d21  EPWM1_ISR                                
0     00083d2b  EPWM1_TZ_ISR                             
0     00083d35  EPWM2_ISR                                
0     00083d3f  EPWM2_TZ_ISR                             
0     00083d49  EPWM3_ISR                                
0     00083d53  EPWM3_TZ_ISR                             
0     00083d5d  EPWM4_ISR                                
0     00083d67  EPWM4_TZ_ISR                             
0     00083d71  EPWM5_ISR                                
0     00083d7b  EPWM5_TZ_ISR                             
0     00083d85  EPWM6_ISR                                
0     00083d8f  EPWM6_TZ_ISR                             
0     00083d99  EPWM7_ISR                                
0     00083da3  EPWM7_TZ_ISR                             
0     00083dad  EPWM8_ISR                                
0     00083db7  EPWM8_TZ_ISR                             
0     00083dc1  EPWM9_ISR                                
0     00083dcb  EPWM9_TZ_ISR                             
1     00004700  EPwm8Regs                                
0     00083dd5  EQEP1_ISR                                
0     00083ddf  EQEP2_ISR                                
0     00083de9  EQEP3_ISR                                
0     000835d6  EqeptoEncoder                            
0     000080c6  F28x_usDelay                             
0     00083df3  FMC_ISR                                  
0     00083dfd  FPU_OFLOW_ISR                            
0     00083e07  FPU_UFLOW_ISR                            
0     00083e11  FSIRXA1_ISR                              
0     00083e1b  FSIRXA2_ISR                              
0     00083e25  FSIRXB1_ISR                              
0     00083e2f  FSIRXB2_ISR                              
0     00083e39  FSIRXC1_ISR                              
0     00083e43  FSIRXC2_ISR                              
0     00083e4d  FSIRXD1_ISR                              
0     00083e57  FSIRXD2_ISR                              
0     00083e61  FSIRXE1_ISR                              
0     00083e6b  FSIRXE2_ISR                              
0     00083e75  FSIRXF1_ISR                              
0     00083e7f  FSIRXF2_ISR                              
0     00083e89  FSIRXG1_ISR                              
0     00083e93  FSIRXG2_ISR                              
0     00083e9d  FSIRXH1_ISR                              
0     00083ea7  FSIRXH2_ISR                              
0     00083eb1  FSITXA1_ISR                              
0     00083ebb  FSITXA2_ISR                              
0     00083ec5  FSITXB1_ISR                              
0     00083ecf  FSITXB2_ISR                              
0     00008087  Flash_initModule                         
0     00082e8b  GPIO_SetupPinMux                         
0     00082b26  GPIO_SetupPinOptions                     
0     0008361f  GPIO_setControllerCore                   
0     000836a7  GPIO_setDirectionMode                    
0     00083285  GPIO_setPadConfig                        
0     00083332  GPIO_setPinConfig                        
0     00083641  GPIO_setQualificationMode                
1     00007c00  GpioCtrlRegs                             
1     00007f00  GpioDataRegs                             
0     00083ed9  I2CA_FIFO_ISR                            
0     00083ee3  I2CA_HIGH_ISR                            
0     00083eed  I2CA_ISR                                 
0     00083ef7  I2CB_FIFO_ISR                            
0     00083f01  I2CB_ISR                                 
0     00083f0b  ILLEGAL_ISR                              
0     0003b000  IPC_CPU1_To_CPU2_GetBuffer               
0     0003a000  IPC_CPU1_To_CPU2_PutBuffer               
0     00038000  IPC_CPU_To_CM_GetBuffer                  
0     00039000  IPC_CPU_To_CM_PutBuffer                  
0     000901c0  IPC_Instance                             
0     000837b8  IPC_unregisterInterrupt                  
0     00082c23  InitAdcModules                           
0     000835fb  Init_Eqep1                               
0     00083417  Init_Eqep1Gpio                           
0     000838fb  InitialAdc                               
0     00083973  Initial_CSU_Adc                          
0     00082baa  Initial_LED                              
0     000841c6  Initial_SCI                              
0     00082f80  Initial_SPI                              
0     00082d0b  Initial_TIMER                            
0     00083944  Interrupt_defaultHandler                 
0     00083068  Interrupt_disable                        
0     000832fc  Interrupt_enable                         
0     00083f15  Interrupt_illegalOperationHandler        
0     00083204  Interrupt_initModule                     
0     00083762  Interrupt_initVectorTable                
0     00083f1f  Interrupt_nmiHandler                     
0     00083f29  MCANA_0_ISR                              
0     00083f33  MCANA_1_ISR                              
0     00083f3d  MCANA_ECC_ISR                            
0     00083f47  MCANA_WAKE_ISR                           
0     00083f51  MCBSPA_RX_ISR                            
0     00083f5b  MCBSPA_TX_ISR                            
0     00083f65  MCBSPB_RX_ISR                            
0     00083f6f  MCBSPB_TX_ISR                            
0     00083f79  MPOST_ISR                                
0     00083f83  NMI_ISR                                  
0     00083f8d  NOTUSED_ISR                              
0     00083f97  PIE_RESERVED_ISR                         
0     00083fa1  PMBUSA_ISR                               
1     00000ce0  PieCtrlRegs                              
1     00000d00  PieVectTable                             
0     00090000  PieVectTableInit                         
0     000832c4  PollingEncoderSSI                        
0     00083fab  RTOS_ISR                                 
0     000860ce  RamfuncsLoadEnd                          
abs   000000ce  RamfuncsLoadSize                         
0     00086000  RamfuncsLoadStart                        
0     000080ce  RamfuncsRunEnd                           
abs   000000ce  RamfuncsRunSize                          
0     00008000  RamfuncsRunStart                         
0     0000a800  ResultsIndex                             
0     00083fb5  SCIA_RX_ISR                              
0     00083fbf  SCIA_TX_ISR                              
0     00083fc9  SCIB_RX_ISR                              
0     00083fd3  SCIB_TX_ISR                              
0     00083fdd  SCIC_RX_ISR                              
0     00083fe7  SCIC_TX_ISR                              
0     00083ff1  SCID_RX_ISR                              
0     00084000  SCID_TX_ISR                              
0     000837d4  SCI_clearInterruptStatus                 
0     000837f0  SCI_disableInterrupt                     
0     0008380a  SCI_enableInterrupt                      
0     000836c7  SCI_readCharArray                        
0     00083442  SCI_setConfig                            
0     00083663  SCI_writeCharArray                       
0     0008400a  SDFM1DR1_ISR                             
0     00084014  SDFM1DR2_ISR                             
0     0008401e  SDFM1DR3_ISR                             
0     00084028  SDFM1DR4_ISR                             
0     00084032  SDFM1_ISR                                
0     0008403c  SDFM2DR1_ISR                             
0     00084046  SDFM2DR2_ISR                             
0     00084050  SDFM2DR3_ISR                             
0     0008405a  SDFM2DR4_ISR                             
0     00084064  SDFM2_ISR                                
0     0008406e  SPIA_RX_ISR                              
0     00084078  SPIA_TX_ISR                              
0     00084082  SPIB_RX_ISR                              
0     0008408c  SPIB_TX_ISR                              
0     00084096  SPIC_RX_ISR                              
0     000840a0  SPIC_TX_ISR                              
0     000840aa  SPID_RX_ISR                              
0     000840b4  SPID_TX_ISR                              
0     0008358a  SPI_setConfig                            
0     000840be  SYS_ERR_ISR                              
1     00006100  SpiaRegs                                 
0     000080ca  SysCtl_delay                             
0     00082000  SysCtl_isPLLValid                        
0     0008346d  SysCtl_selectOscSource                   
0     00082f30  SysCtl_selectOscSourceAuxPLL             
0     00083180  SysCtl_selectXTAL                        
0     00083685  SysCtl_selectXTALSingleEnded             
0     00082619  SysCtl_setAuxClock                       
0     00082300  SysCtl_setClock                          
0     000840c8  TIMER0_ISR                               
0     000840d2  TIMER1_ISR                               
0     000840dc  TIMER2_ISR                               
0     000840e6  USBA_ISR                                 
0     000840f0  USER10_ISR                               
0     000840fa  USER11_ISR                               
0     00084104  USER12_ISR                               
0     0008410e  USER1_ISR                                
0     00084118  USER2_ISR                                
0     00084122  USER3_ISR                                
0     0008412c  USER4_ISR                                
0     00084136  USER5_ISR                                
0     00084140  USER6_ISR                                
0     0008414a  USER7_ISR                                
0     00084154  USER8_ISR                                
0     0008415e  USER9_ISR                                
0     00084168  WAKE_ISR                                 
0     00084172  XINT1_ISR                                
0     0008417c  XINT2_ISR                                
0     00084186  XINT3_ISR                                
0     00084190  XINT4_ISR                                
0     0008419a  XINT5_ISR                                
0     0008801a  __TI_CINIT_Base                          
0     00088026  __TI_CINIT_Limit                         
0     00088026  __TI_CINIT_Warm                          
0     0008800c  __TI_Handler_Table_Base                  
0     00088012  __TI_Handler_Table_Limit                 
0     00000600  __TI_STACK_END                           
abs   00000200  __TI_STACK_SIZE                          
0     00083498  __TI_auto_init_nobinit_nopinit           
0     0000a808  __TI_cleanup_ptr                         
0     00083391  __TI_decompress_lzss                     
0     000841b6  __TI_decompress_none                     
0     0000a80a  __TI_dtors_ptr                           
0     0000a806  __TI_enable_exit_profile_output          
abs   ffffffff  __TI_pprof_out_hndl                      
abs   ffffffff  __TI_prof_data_size                      
abs   ffffffff  __TI_prof_data_start                     
0     000841da  __TI_zero_init                           
0     00083856  __c28xabi_andll                          
0     00083743  __c28xabi_cmpll                          
0     00083755  __c28xabi_cmpull                         
0     0008385e  __c28xabi_orll                           
0     00083866  __c28xabi_xorll                          
n/a   UNDEFED   __c_args__                               
0     00000400  __stack                                  
0     00083950  _args_main                               
0     0008383d  _c_int00                                 
0     0000a810  _lock                                    
0     000841b5  _nop                                     
0     000841b1  _register_lock                           
0     000841ad  _register_unlock                         
0     00083761  _system_post_cinit                       
0     000841e7  _system_pre_init                         
0     0000a812  _unlock                                  
0     000834ec  abort                                    
0     00080000  code_start                               
0     000834ee  exit                                     
0     000830b2  initEPWM8                                
0     000836e7  initEncoderSSI                           
0     0008353d  initEncoderZero                          
0     00083706  initGPIODoutZero                         
0     00082e30  initGpioDoutLed                          
0     000827c0  isrScib_IPC                              
0     00083245  isr_CpuTimer0                            
0     00083885  isr_CpuTimer1                            
0     000838b1  isr_CpuTimer2                            
0     0000a804  lpf_PrevPWM7a                            
0     0000a802  lpf_PrevValue                            
0     000835b0  main                                     
0     000830f9  manualCtrlZero                           
0     0008377f  memcpy                                   
0     000841cd  memset                                   
0     00082424  procEncoderZero                          
0     00082edf  recvIpcMessage                           
0     00082522  sendIpcMessage1                          
0     00083515  sendScib_IPC                             
0     0008390b  setLedModeToggle                         
0     0008389b  setLedStatus                             
0     0008391a  updateAdcData                            
0     000838d9  updateHwSwitchStatus2                    
0     00083362  updateLedStatus                          
0     0008395c  updateOrangeLed                          
0     000831c2  updateSetRstGpioLed                      
0     0000abfc  xAdcApp                                  
0     0000ad1c  xEncoderA                                
0     0000ad01  xLed                                     
0     0000ad2c  xRcvIpcMsg1                              
0     0000ad38  xTimer                                   
0     0000ad32  xXmtIpcMsg1                              
0     000838ea  xmtScib_IPC                              


GLOBAL SYMBOLS: SORTED BY Symbol Address 

page  address   name                                     
----  -------   ----                                     
0     00000400  __stack                                  
0     00000600  __TI_STACK_END                           
0     00008000  AdcaIsr                                  
0     00008000  RamfuncsRunStart                         
0     00008087  Flash_initModule                         
0     000080c6  F28x_usDelay                             
0     000080ca  SysCtl_delay                             
0     000080ce  RamfuncsRunEnd                           
0     0000a800  ResultsIndex                             
0     0000a802  lpf_PrevValue                            
0     0000a804  lpf_PrevPWM7a                            
0     0000a806  __TI_enable_exit_profile_output          
0     0000a808  __TI_cleanup_ptr                         
0     0000a80a  __TI_dtors_ptr                           
0     0000a810  _lock                                    
0     0000a812  _unlock                                  
0     0000a814  AdcResults                               
0     0000abfc  xAdcApp                                  
0     0000ad01  xLed                                     
0     0000ad1c  xEncoderA                                
0     0000ad2c  xRcvIpcMsg1                              
0     0000ad32  xXmtIpcMsg1                              
0     0000ad38  xTimer                                   
0     00038000  IPC_CPU_To_CM_GetBuffer                  
0     00039000  IPC_CPU_To_CM_PutBuffer                  
0     0003a000  IPC_CPU1_To_CPU2_PutBuffer               
0     0003b000  IPC_CPU1_To_CPU2_GetBuffer               
0     00080000  code_start                               
0     00082000  SysCtl_isPLLValid                        
0     00082199  Device_enableAllPeripherals              
0     00082300  SysCtl_setClock                          
0     00082424  procEncoderZero                          
0     00082522  sendIpcMessage1                          
0     00082619  SysCtl_setAuxClock                       
0     00082705  DCC_verifyClockFrequency                 
0     000827c0  isrScib_IPC                              
0     00082878  AdcSetMode                               
0     00082b26  GPIO_SetupPinOptions                     
0     00082baa  Initial_LED                              
0     00082c23  InitAdcModules                           
0     00082d0b  Initial_TIMER                            
0     00082e30  initGpioDoutLed                          
0     00082e8b  GPIO_SetupPinMux                         
0     00082edf  recvIpcMessage                           
0     00082f30  SysCtl_selectOscSourceAuxPLL             
0     00082f80  Initial_SPI                              
0     00082fcf  Device_init                              
0     00083068  Interrupt_disable                        
0     000830b2  initEPWM8                                
0     000830f9  manualCtrlZero                           
0     00083180  SysCtl_selectXTAL                        
0     000831c2  updateSetRstGpioLed                      
0     00083204  Interrupt_initModule                     
0     00083245  isr_CpuTimer0                            
0     00083285  GPIO_setPadConfig                        
0     000832c4  PollingEncoderSSI                        
0     000832fc  Interrupt_enable                         
0     00083332  GPIO_setPinConfig                        
0     00083362  updateLedStatus                          
0     00083391  __TI_decompress_lzss                     
0     00083417  Init_Eqep1Gpio                           
0     00083442  SCI_setConfig                            
0     0008346d  SysCtl_selectOscSource                   
0     00083498  __TI_auto_init_nobinit_nopinit           
0     000834ec  C$$EXIT                                  
0     000834ec  abort                                    
0     000834ee  exit                                     
0     00083515  sendScib_IPC                             
0     0008353d  initEncoderZero                          
0     00083564  CalAdcINL                                
0     0008358a  SPI_setConfig                            
0     000835b0  main                                     
0     000835d6  EqeptoEncoder                            
0     000835fb  Init_Eqep1                               
0     0008361f  GPIO_setControllerCore                   
0     00083641  GPIO_setQualificationMode                
0     00083663  SCI_writeCharArray                       
0     00083685  SysCtl_selectXTALSingleEnded             
0     000836a7  GPIO_setDirectionMode                    
0     000836c7  SCI_readCharArray                        
0     000836e7  initEncoderSSI                           
0     00083706  initGPIODoutZero                         
0     00083725  Device_initGPIO                          
0     00083743  __c28xabi_cmpll                          
0     00083755  __c28xabi_cmpull                         
0     00083761  _system_post_cinit                       
0     00083762  Interrupt_initVectorTable                
0     0008377f  memcpy                                   
0     0008379c  Device_verifyXTAL                        
0     000837b8  IPC_unregisterInterrupt                  
0     000837d4  SCI_clearInterruptStatus                 
0     000837f0  SCI_disableInterrupt                     
0     0008380a  SCI_enableInterrupt                      
0     0008383d  _c_int00                                 
0     00083856  __c28xabi_andll                          
0     0008385e  __c28xabi_orll                           
0     00083866  __c28xabi_xorll                          
0     00083885  isr_CpuTimer1                            
0     0008389b  setLedStatus                             
0     000838b1  isr_CpuTimer2                            
0     000838c6  Device_enableUnbondedGPIOPullupsFor176Pin
0     000838d9  updateHwSwitchStatus2                    
0     000838ea  xmtScib_IPC                              
0     000838fb  InitialAdc                               
0     0008390b  setLedModeToggle                         
0     0008391a  updateAdcData                            
0     00083929  DSP_Initialization                       
0     00083937  EMPTY_ISR                                
0     00083944  Interrupt_defaultHandler                 
0     00083950  _args_main                               
0     0008395c  updateOrangeLed                          
0     00083968  Device_enableUnbondedGPIOPullups         
0     00083973  Initial_CSU_Adc                          
0     00083989  ADCA1_ISR                                
0     00083993  ADCA2_ISR                                
0     0008399d  ADCA3_ISR                                
0     000839a7  ADCA4_ISR                                
0     000839b1  ADCA_EVT_ISR                             
0     000839bb  ADCB1_ISR                                
0     000839c5  ADCB2_ISR                                
0     000839cf  ADCB3_ISR                                
0     000839d9  ADCB4_ISR                                
0     000839e3  ADCB_EVT_ISR                             
0     000839ed  ADCC1_ISR                                
0     000839f7  ADCC2_ISR                                
0     00083a01  ADCC3_ISR                                
0     00083a0b  ADCC4_ISR                                
0     00083a15  ADCC_EVT_ISR                             
0     00083a1f  ADCD1_ISR                                
0     00083a29  ADCD2_ISR                                
0     00083a33  ADCD3_ISR                                
0     00083a3d  ADCD4_ISR                                
0     00083a47  ADCD_EVT_ISR                             
0     00083a51  CANA0_ISR                                
0     00083a5b  CANA1_ISR                                
0     00083a65  CANB0_ISR                                
0     00083a6f  CANB1_ISR                                
0     00083a79  CIPC0_ISR                                
0     00083a83  CIPC1_ISR                                
0     00083a8d  CIPC2_ISR                                
0     00083a97  CIPC3_ISR                                
0     00083aa1  CLA1CRC_ISR                              
0     00083aab  CLA1_1_ISR                               
0     00083ab5  CLA1_2_ISR                               
0     00083abf  CLA1_3_ISR                               
0     00083ac9  CLA1_4_ISR                               
0     00083ad3  CLA1_5_ISR                               
0     00083add  CLA1_6_ISR                               
0     00083ae7  CLA1_7_ISR                               
0     00083af1  CLA1_8_ISR                               
0     00083afb  CLA_OVERFLOW_ISR                         
0     00083b05  CLA_UNDERFLOW_ISR                        
0     00083b0f  CLB1_ISR                                 
0     00083b19  CLB2_ISR                                 
0     00083b23  CLB3_ISR                                 
0     00083b2d  CLB4_ISR                                 
0     00083b37  CLB5_ISR                                 
0     00083b41  CLB6_ISR                                 
0     00083b4b  CLB7_ISR                                 
0     00083b55  CLB8_ISR                                 
0     00083b5f  CMTOCPUXIPC0_ISR                         
0     00083b69  CMTOCPUXIPC1_ISR                         
0     00083b73  CMTOCPUXIPC2_ISR                         
0     00083b7d  CMTOCPUXIPC3_ISR                         
0     00083b87  CMTOCPUXIPC4_ISR                         
0     00083b91  CMTOCPUXIPC5_ISR                         
0     00083b9b  CMTOCPUXIPC6_ISR                         
0     00083ba5  CMTOCPUXIPC7_ISR                         
0     00083baf  CM_STATUS_ISR                            
0     00083bb9  CPUCRC_ISR                               
0     00083bc3  DATALOG_ISR                              
0     00083bcd  DMA_CH1_ISR                              
0     00083bd7  DMA_CH2_ISR                              
0     00083be1  DMA_CH3_ISR                              
0     00083beb  DMA_CH4_ISR                              
0     00083bf5  DMA_CH5_ISR                              
0     00083bff  DMA_CH6_ISR                              
0     00083c09  ECAP1_ISR                                
0     00083c13  ECAP2_ISR                                
0     00083c1d  ECAP3_ISR                                
0     00083c27  ECAP4_ISR                                
0     00083c31  ECAP5_ISR                                
0     00083c3b  ECAP6_2_ISR                              
0     00083c45  ECAP6_ISR                                
0     00083c4f  ECAP7_2_ISR                              
0     00083c59  ECAP7_ISR                                
0     00083c63  ECATRST_ISR                              
0     00083c6d  ECATSYNC0_ISR                            
0     00083c77  ECATSYNC1_ISR                            
0     00083c81  ECAT_ISR                                 
0     00083c8b  EMU_ISR                                  
0     00083c95  EPWM10_ISR                               
0     00083c9f  EPWM10_TZ_ISR                            
0     00083ca9  EPWM11_ISR                               
0     00083cb3  EPWM11_TZ_ISR                            
0     00083cbd  EPWM12_ISR                               
0     00083cc7  EPWM12_TZ_ISR                            
0     00083cd1  EPWM13_ISR                               
0     00083cdb  EPWM13_TZ_ISR                            
0     00083ce5  EPWM14_ISR                               
0     00083cef  EPWM14_TZ_ISR                            
0     00083cf9  EPWM15_ISR                               
0     00083d03  EPWM15_TZ_ISR                            
0     00083d0d  EPWM16_ISR                               
0     00083d17  EPWM16_TZ_ISR                            
0     00083d21  EPWM1_ISR                                
0     00083d2b  EPWM1_TZ_ISR                             
0     00083d35  EPWM2_ISR                                
0     00083d3f  EPWM2_TZ_ISR                             
0     00083d49  EPWM3_ISR                                
0     00083d53  EPWM3_TZ_ISR                             
0     00083d5d  EPWM4_ISR                                
0     00083d67  EPWM4_TZ_ISR                             
0     00083d71  EPWM5_ISR                                
0     00083d7b  EPWM5_TZ_ISR                             
0     00083d85  EPWM6_ISR                                
0     00083d8f  EPWM6_TZ_ISR                             
0     00083d99  EPWM7_ISR                                
0     00083da3  EPWM7_TZ_ISR                             
0     00083dad  EPWM8_ISR                                
0     00083db7  EPWM8_TZ_ISR                             
0     00083dc1  EPWM9_ISR                                
0     00083dcb  EPWM9_TZ_ISR                             
0     00083dd5  EQEP1_ISR                                
0     00083ddf  EQEP2_ISR                                
0     00083de9  EQEP3_ISR                                
0     00083df3  FMC_ISR                                  
0     00083dfd  FPU_OFLOW_ISR                            
0     00083e07  FPU_UFLOW_ISR                            
0     00083e11  FSIRXA1_ISR                              
0     00083e1b  FSIRXA2_ISR                              
0     00083e25  FSIRXB1_ISR                              
0     00083e2f  FSIRXB2_ISR                              
0     00083e39  FSIRXC1_ISR                              
0     00083e43  FSIRXC2_ISR                              
0     00083e4d  FSIRXD1_ISR                              
0     00083e57  FSIRXD2_ISR                              
0     00083e61  FSIRXE1_ISR                              
0     00083e6b  FSIRXE2_ISR                              
0     00083e75  FSIRXF1_ISR                              
0     00083e7f  FSIRXF2_ISR                              
0     00083e89  FSIRXG1_ISR                              
0     00083e93  FSIRXG2_ISR                              
0     00083e9d  FSIRXH1_ISR                              
0     00083ea7  FSIRXH2_ISR                              
0     00083eb1  FSITXA1_ISR                              
0     00083ebb  FSITXA2_ISR                              
0     00083ec5  FSITXB1_ISR                              
0     00083ecf  FSITXB2_ISR                              
0     00083ed9  I2CA_FIFO_ISR                            
0     00083ee3  I2CA_HIGH_ISR                            
0     00083eed  I2CA_ISR                                 
0     00083ef7  I2CB_FIFO_ISR                            
0     00083f01  I2CB_ISR                                 
0     00083f0b  ILLEGAL_ISR                              
0     00083f15  Interrupt_illegalOperationHandler        
0     00083f1f  Interrupt_nmiHandler                     
0     00083f29  MCANA_0_ISR                              
0     00083f33  MCANA_1_ISR                              
0     00083f3d  MCANA_ECC_ISR                            
0     00083f47  MCANA_WAKE_ISR                           
0     00083f51  MCBSPA_RX_ISR                            
0     00083f5b  MCBSPA_TX_ISR                            
0     00083f65  MCBSPB_RX_ISR                            
0     00083f6f  MCBSPB_TX_ISR                            
0     00083f79  MPOST_ISR                                
0     00083f83  NMI_ISR                                  
0     00083f8d  NOTUSED_ISR                              
0     00083f97  PIE_RESERVED_ISR                         
0     00083fa1  PMBUSA_ISR                               
0     00083fab  RTOS_ISR                                 
0     00083fb5  SCIA_RX_ISR                              
0     00083fbf  SCIA_TX_ISR                              
0     00083fc9  SCIB_RX_ISR                              
0     00083fd3  SCIB_TX_ISR                              
0     00083fdd  SCIC_RX_ISR                              
0     00083fe7  SCIC_TX_ISR                              
0     00083ff1  SCID_RX_ISR                              
0     00084000  SCID_TX_ISR                              
0     0008400a  SDFM1DR1_ISR                             
0     00084014  SDFM1DR2_ISR                             
0     0008401e  SDFM1DR3_ISR                             
0     00084028  SDFM1DR4_ISR                             
0     00084032  SDFM1_ISR                                
0     0008403c  SDFM2DR1_ISR                             
0     00084046  SDFM2DR2_ISR                             
0     00084050  SDFM2DR3_ISR                             
0     0008405a  SDFM2DR4_ISR                             
0     00084064  SDFM2_ISR                                
0     0008406e  SPIA_RX_ISR                              
0     00084078  SPIA_TX_ISR                              
0     00084082  SPIB_RX_ISR                              
0     0008408c  SPIB_TX_ISR                              
0     00084096  SPIC_RX_ISR                              
0     000840a0  SPIC_TX_ISR                              
0     000840aa  SPID_RX_ISR                              
0     000840b4  SPID_TX_ISR                              
0     000840be  SYS_ERR_ISR                              
0     000840c8  TIMER0_ISR                               
0     000840d2  TIMER1_ISR                               
0     000840dc  TIMER2_ISR                               
0     000840e6  USBA_ISR                                 
0     000840f0  USER10_ISR                               
0     000840fa  USER11_ISR                               
0     00084104  USER12_ISR                               
0     0008410e  USER1_ISR                                
0     00084118  USER2_ISR                                
0     00084122  USER3_ISR                                
0     0008412c  USER4_ISR                                
0     00084136  USER5_ISR                                
0     00084140  USER6_ISR                                
0     0008414a  USER7_ISR                                
0     00084154  USER8_ISR                                
0     0008415e  USER9_ISR                                
0     00084168  WAKE_ISR                                 
0     00084172  XINT1_ISR                                
0     0008417c  XINT2_ISR                                
0     00084186  XINT3_ISR                                
0     00084190  XINT4_ISR                                
0     0008419a  XINT5_ISR                                
0     000841ad  _register_unlock                         
0     000841b1  _register_lock                           
0     000841b5  _nop                                     
0     000841b6  __TI_decompress_none                     
0     000841c6  Initial_SCI                              
0     000841cd  memset                                   
0     000841d4  CPUTimer_setEmulationMode                
0     000841da  __TI_zero_init                           
0     000841e7  _system_pre_init                         
0     00086000  RamfuncsLoadStart                        
0     000860ce  RamfuncsLoadEnd                          
0     0008800c  __TI_Handler_Table_Base                  
0     00088012  __TI_Handler_Table_Limit                 
0     0008801a  __TI_CINIT_Base                          
0     00088026  __TI_CINIT_Limit                         
0     00088026  __TI_CINIT_Warm                          
0     00090000  PieVectTableInit                         
0     000901c0  IPC_Instance                             
1     00000b00  AdcaResultRegs                           
1     00000ce0  PieCtrlRegs                              
1     00000d00  PieVectTable                             
1     00004700  EPwm8Regs                                
1     00006100  SpiaRegs                                 
1     00007400  AdcaRegs                                 
1     00007480  AdcbRegs                                 
1     00007500  AdccRegs                                 
1     00007580  AdcdRegs                                 
1     00007c00  GpioCtrlRegs                             
1     00007f00  GpioDataRegs                             
1     0005d300  CpuSysRegs                               
abs   000000ce  RamfuncsLoadSize                         
abs   000000ce  RamfuncsRunSize                          
abs   00000200  __TI_STACK_SIZE                          
abs   ffffffff  __TI_pprof_out_hndl                      
abs   ffffffff  __TI_prof_data_size                      
abs   ffffffff  __TI_prof_data_start                     
n/a   UNDEFED   __c_args__                               

[357 symbols]
